******************************************************************************
                  TI ARM Linker PC v20.2.5                     
******************************************************************************
>> Linked Tue Mar 29 11:37:48 2022

OUTPUT FILE NAME:   <Lab7.out>
ENTRY POINT SYMBOL: "_c_int00_noargs"  address: 00000cfd


MEMORY CONFIGURATION

         name            origin    length      used     unused   attr    fill
----------------------  --------  ---------  --------  --------  ----  --------
  MAIN                  00000000   00040000  00000dac  0003f254  R  X
  INFO                  00200000   00004000  00000000  00004000  R  X
  SRAM_CODE             01000000   00010000  0000021c  0000fde4  RW X
  SRAM_DATA             20000000   00010000  0000021c  0000fde4  RW  


SEGMENT ALLOCATION MAP

run origin  load origin   length   init length attrs members
----------  ----------- ---------- ----------- ----- -------
00000000    00000000    00000db0   00000db0    r-x
  00000000    00000000    000000e4   000000e4    r-- .intvecs
  000000e4    000000e4    00000c70   00000c70    r-x .text
  00000d58    00000d58    00000038   00000038    r-- .const
  00000d90    00000d90    00000020   00000020    r-- .cinit
20000000    20000000    0000001c   00000000    rw-
  20000000    20000000    0000001c   00000000    rw- .data
2000fe00    2000fe00    00000200   00000000    rw-
  2000fe00    2000fe00    00000200   00000000    rw- .stack


SECTION ALLOCATION MAP

 output                                  attributes/
section   page    origin      length       input sections
--------  ----  ----------  ----------   ----------------
.intvecs   0    00000000    000000e4     
                  00000000    000000e4     startup_msp432p401r_ccs.obj (.intvecs:retain)

.text      0    000000e4    00000c70     
                  000000e4    00000334     system_msp432p401r.obj (.text)
                  00000418    00000310     Motor.obj (.text)
                  00000728    000001e0     Clock.obj (.text)
                  00000908    0000016c     main.obj (.text)
                  00000a74    000000f8     Reflectance.obj (.text)
                  00000b6c    0000009c     rtsv7M4_T_le_v4SPD16_eabi.lib : memcpy_t2.asm.obj (.text)
                  00000c08    00000068                                   : copy_decompress_lzss.c.obj (.text:decompress:lzss:__TI_decompress_lzss)
                  00000c70    00000048                                   : fd_toi_t2.asm.obj (.text)
                  00000cb8    00000044                                   : autoinit.c.obj (.text:__TI_auto_init_nobinit_nopinit:__TI_auto_init_nobinit_nopinit)
                  00000cfc    00000034                                   : boot_cortex_m.c.obj (.text:_c_int00_noargs:_c_int00_noargs)
                  00000d30    0000000e                                   : copy_decompress_none.c.obj (.text:decompress:none:__TI_decompress_none)
                  00000d3e    0000000e     startup_msp432p401r_ccs.obj (.text)
                  00000d4c    00000004     rtsv7M4_T_le_v4SPD16_eabi.lib : pre_init.c.obj (.text:_system_pre_init)
                  00000d50    00000004                                   : exit.c.obj (.text:abort:abort)

.const     0    00000d58    00000038     
                  00000d58    00000038     Reflectance.obj (.const:$P$T0$1)

.cinit     0    00000d90    00000020     
                  00000d90    0000000d     (.cinit..data.load) [load image, compression = lzss]
                  00000d9d    00000003     --HOLE-- [fill = 0]
                  00000da0    00000008     (__TI_handler_table)
                  00000da8    00000008     (__TI_cinit_table)

.init_array 
*          0    00000000    00000000     UNINITIALIZED

.binit     0    00000000    00000000     

.data      0    20000000    0000001c     UNINITIALIZED
                  20000000    00000018     Clock.obj (.data)
                  20000018    00000004     system_msp432p401r.obj (.data)

.stack     0    2000fe00    00000200     UNINITIALIZED
                  2000fe00    00000004     rtsv7M4_T_le_v4SPD16_eabi.lib : boot_cortex_m.c.obj (.stack)
                  2000fe04    000001fc     --HOLE--

__llvm_prf_cnts 
*          0    20000000    00000000     UNINITIALIZED

MODULE SUMMARY

       Module                        code   ro data   rw data
       ------                        ----   -------   -------
    .\
       system_msp432p401r.obj        820    0         8      
       Motor.obj                     784    0         0      
       Clock.obj                     480    0         48     
       main.obj                      364    0         0      
       Reflectance.obj               248    56        0      
       startup_msp432p401r_ccs.obj   14     228       0      
    +--+-----------------------------+------+---------+---------+
       Total:                        2710   284       56     
                                                             
    C:\ti\ccs1040\ccs\tools\compiler\ti-cgt-arm_20.2.5.LTS\lib\rtsv7M4_T_le_v4SPD16_eabi.lib
       memcpy_t2.asm.obj             156    0         0      
       copy_decompress_lzss.c.obj    104    0         0      
       fd_toi_t2.asm.obj             72     0         0      
       autoinit.c.obj                68     0         0      
       boot_cortex_m.c.obj           52     0         0      
       copy_decompress_none.c.obj    14     0         0      
       exit.c.obj                    4      0         0      
       pre_init.c.obj                4      0         0      
    +--+-----------------------------+------+---------+---------+
       Total:                        474    0         0      
                                                             
       Stack:                        0      0         1024   
       Linker Generated:             0      29        0      
    +--+-----------------------------+------+---------+---------+
       Grand Total:                  3184   313       1080   


LINKER GENERATED COPY TABLES

__TI_cinit_table @ 00000da8 records: 1, size/record: 8, table size: 8
	.data: load addr=00000d90, load size=0000000d bytes, run addr=20000000, run size=0000001c bytes, compression=lzss


LINKER GENERATED HANDLER TABLE

__TI_handler_table @ 00000da0 records: 2, size/record: 4, table size: 8
	index: 0, handler: __TI_decompress_lzss
	index: 1, handler: __TI_decompress_none


GLOBAL SYMBOLS: SORTED ALPHABETICALLY BY Name 

address   name                          
-------   ----                          
00000d4b  ADC14_IRQHandler              
00000d4b  AES256_IRQHandler             
00000d4b  BusFault_Handler              
00000d51  C$$EXIT                       
00000d4b  COMP_E0_IRQHandler            
00000d4b  COMP_E1_IRQHandler            
20000008  CPMwait                       
00000d4b  CS_IRQHandler                 
20000000  ClockFrequency                
0000087d  Clock_Delay1ms                
00000853  Clock_Delay1us                
0000083f  Clock_GetFreq                 
00000729  Clock_Init48MHz               
20000014  Crystalstable                 
00000d4b  DMA_ERR_IRQHandler            
00000d4b  DMA_INT0_IRQHandler           
00000d4b  DMA_INT1_IRQHandler           
00000d4b  DMA_INT2_IRQHandler           
00000d4b  DMA_INT3_IRQHandler           
00000d4b  DebugMon_Handler              
00000d4b  Default_Handler               
00000513  Delay                         
00000d4b  EUSCIA0_IRQHandler            
00000d4b  EUSCIA1_IRQHandler            
00000d4b  EUSCIA2_IRQHandler            
00000d4b  EUSCIA3_IRQHandler            
00000d4b  EUSCIB0_IRQHandler            
00000d4b  EUSCIB1_IRQHandler            
00000d4b  EUSCIB2_IRQHandler            
00000d4b  EUSCIB3_IRQHandler            
00000d4b  FLCTL_IRQHandler              
00000d4b  FPU_IRQHandler                
00000d4b  HardFault_Handler             
20000010  IFlags                        
00000d4b  MemManage_Handler             
000005c5  Motor_Backward                
00000557  Motor_Forward                 
00000419  Motor_Init                    
00000687  Motor_Left                    
00000637  Motor_Right                   
00000541  Motor_Stop                    
00000d4b  NMI_Handler                   
00000d4b  PCM_IRQHandler                
00000d4b  PORT1_IRQHandler              
00000d4b  PORT2_IRQHandler              
00000d4b  PORT3_IRQHandler              
00000d4b  PORT4_IRQHandler              
00000d4b  PORT5_IRQHandler              
00000d4b  PORT6_IRQHandler              
00000d4b  PSS_IRQHandler                
00000d4b  PendSV_Handler                
2000000c  Postwait                      
20000004  Prewait                       
00000d4b  RTC_C_IRQHandler              
00000a75  Reflectance_Init              
00000af5  Reflectance_Position          
00000a93  Reflectance_Read              
00000d3f  Reset_Handler                 
00000d4b  SVC_Handler                   
00000d4b  SysTick_Handler               
20000018  SystemCoreClock               
000000e5  SystemCoreClockUpdate         
0000035d  SystemInit                    
00000d4b  T32_INT1_IRQHandler           
00000d4b  T32_INT2_IRQHandler           
00000d4b  T32_INTC_IRQHandler           
00000d4b  TA0_0_IRQHandler              
00000d4b  TA0_N_IRQHandler              
00000d4b  TA1_0_IRQHandler              
00000d4b  TA1_N_IRQHandler              
00000d4b  TA2_0_IRQHandler              
00000d4b  TA2_N_IRQHandler              
00000d4b  TA3_0_IRQHandler              
00000d4b  TA3_N_IRQHandler              
0000047f  Timer_Init                    
00000d4b  UsageFault_Handler            
4000480c  WDTCTL_SYM                    
00000d4b  WDT_A_IRQHandler              
20010000  __STACK_END                   
00000200  __STACK_SIZE                  
00000da8  __TI_CINIT_Base               
00000db0  __TI_CINIT_Limit              
00000da0  __TI_Handler_Table_Base       
00000da8  __TI_Handler_Table_Limit      
00000cb9  __TI_auto_init_nobinit_nopinit
00000c09  __TI_decompress_lzss          
00000d31  __TI_decompress_none          
ffffffff  __TI_pprof_out_hndl           
ffffffff  __TI_prof_data_size           
ffffffff  __TI_prof_data_start          
00000000  __TI_static_base__            
00000c71  __aeabi_d2iz                  
00000b6d  __aeabi_memcpy                
00000b6d  __aeabi_memcpy4               
00000b6d  __aeabi_memcpy8               
ffffffff  __binit__                     
ffffffff  __c_args__                    
UNDEFED   __mpu_init                    
2000fe00  __stack                       
20000000  __start___llvm_prf_cnts       
20000000  __stop___llvm_prf_cnts        
00000cfd  _c_int00_noargs               
UNDEFED   _system_post_cinit            
00000d4d  _system_pre_init              
00000d51  abort                         
ffffffff  binit                         
00000845  delay                         
00000000  interruptVectors              
00000909  main                          
00000b6d  memcpy                        


GLOBAL SYMBOLS: SORTED BY Symbol Address 

address   name                          
-------   ----                          
00000000  __TI_static_base__            
00000000  interruptVectors              
000000e5  SystemCoreClockUpdate         
00000200  __STACK_SIZE                  
0000035d  SystemInit                    
00000419  Motor_Init                    
0000047f  Timer_Init                    
00000513  Delay                         
00000541  Motor_Stop                    
00000557  Motor_Forward                 
000005c5  Motor_Backward                
00000637  Motor_Right                   
00000687  Motor_Left                    
00000729  Clock_Init48MHz               
0000083f  Clock_GetFreq                 
00000845  delay                         
00000853  Clock_Delay1us                
0000087d  Clock_Delay1ms                
00000909  main                          
00000a75  Reflectance_Init              
00000a93  Reflectance_Read              
00000af5  Reflectance_Position          
00000b6d  __aeabi_memcpy                
00000b6d  __aeabi_memcpy4               
00000b6d  __aeabi_memcpy8               
00000b6d  memcpy                        
00000c09  __TI_decompress_lzss          
00000c71  __aeabi_d2iz                  
00000cb9  __TI_auto_init_nobinit_nopinit
00000cfd  _c_int00_noargs               
00000d31  __TI_decompress_none          
00000d3f  Reset_Handler                 
00000d4b  ADC14_IRQHandler              
00000d4b  AES256_IRQHandler             
00000d4b  BusFault_Handler              
00000d4b  COMP_E0_IRQHandler            
00000d4b  COMP_E1_IRQHandler            
00000d4b  CS_IRQHandler                 
00000d4b  DMA_ERR_IRQHandler            
00000d4b  DMA_INT0_IRQHandler           
00000d4b  DMA_INT1_IRQHandler           
00000d4b  DMA_INT2_IRQHandler           
00000d4b  DMA_INT3_IRQHandler           
00000d4b  DebugMon_Handler              
00000d4b  Default_Handler               
00000d4b  EUSCIA0_IRQHandler            
00000d4b  EUSCIA1_IRQHandler            
00000d4b  EUSCIA2_IRQHandler            
00000d4b  EUSCIA3_IRQHandler            
00000d4b  EUSCIB0_IRQHandler            
00000d4b  EUSCIB1_IRQHandler            
00000d4b  EUSCIB2_IRQHandler            
00000d4b  EUSCIB3_IRQHandler            
00000d4b  FLCTL_IRQHandler              
00000d4b  FPU_IRQHandler                
00000d4b  HardFault_Handler             
00000d4b  MemManage_Handler             
00000d4b  NMI_Handler                   
00000d4b  PCM_IRQHandler                
00000d4b  PORT1_IRQHandler              
00000d4b  PORT2_IRQHandler              
00000d4b  PORT3_IRQHandler              
00000d4b  PORT4_IRQHandler              
00000d4b  PORT5_IRQHandler              
00000d4b  PORT6_IRQHandler              
00000d4b  PSS_IRQHandler                
00000d4b  PendSV_Handler                
00000d4b  RTC_C_IRQHandler              
00000d4b  SVC_Handler                   
00000d4b  SysTick_Handler               
00000d4b  T32_INT1_IRQHandler           
00000d4b  T32_INT2_IRQHandler           
00000d4b  T32_INTC_IRQHandler           
00000d4b  TA0_0_IRQHandler              
00000d4b  TA0_N_IRQHandler              
00000d4b  TA1_0_IRQHandler              
00000d4b  TA1_N_IRQHandler              
00000d4b  TA2_0_IRQHandler              
00000d4b  TA2_N_IRQHandler              
00000d4b  TA3_0_IRQHandler              
00000d4b  TA3_N_IRQHandler              
00000d4b  UsageFault_Handler            
00000d4b  WDT_A_IRQHandler              
00000d4d  _system_pre_init              
00000d51  C$$EXIT                       
00000d51  abort                         
00000da0  __TI_Handler_Table_Base       
00000da8  __TI_CINIT_Base               
00000da8  __TI_Handler_Table_Limit      
00000db0  __TI_CINIT_Limit              
20000000  ClockFrequency                
20000000  __start___llvm_prf_cnts       
20000000  __stop___llvm_prf_cnts        
20000004  Prewait                       
20000008  CPMwait                       
2000000c  Postwait                      
20000010  IFlags                        
20000014  Crystalstable                 
20000018  SystemCoreClock               
2000fe00  __stack                       
20010000  __STACK_END                   
4000480c  WDTCTL_SYM                    
ffffffff  __TI_pprof_out_hndl           
ffffffff  __TI_prof_data_size           
ffffffff  __TI_prof_data_start          
ffffffff  __binit__                     
ffffffff  __c_args__                    
ffffffff  binit                         
UNDEFED   __mpu_init                    
UNDEFED   _system_post_cinit            

[110 symbols]
