<?xml version="1.0" encoding="ISO-8859-1" ?>
<link_info>
   <banner>TI ARM Linker PC v20.2.5.LTS</banner>
   <copyright>Copyright (c) 1996-2018 Texas Instruments Incorporated</copyright>
   <link_time>0x626199e2</link_time>
   <link_errors>0x0</link_errors>
   <output_file>Final Project.out</output_file>
   <entry_point>
      <name>_c_int00_noargs</name>
      <address>0x7e29</address>
   </entry_point>
   <input_file_list>
      <input_file id="fl-2">
         <path>.\</path>
         <kind>object</kind>
         <file>AP.obj</file>
         <name>AP.obj</name>
      </input_file>
      <input_file id="fl-3">
         <path>.\</path>
         <kind>object</kind>
         <file>BumpInt.obj</file>
         <name>BumpInt.obj</name>
      </input_file>
      <input_file id="fl-4">
         <path>.\</path>
         <kind>object</kind>
         <file>Bump_mode.obj</file>
         <name>Bump_mode.obj</name>
      </input_file>
      <input_file id="fl-5">
         <path>.\</path>
         <kind>object</kind>
         <file>Clock.obj</file>
         <name>Clock.obj</name>
      </input_file>
      <input_file id="fl-6">
         <path>.\</path>
         <kind>object</kind>
         <file>CortexM.obj</file>
         <name>CortexM.obj</name>
      </input_file>
      <input_file id="fl-7">
         <path>.\</path>
         <kind>object</kind>
         <file>GPIO.obj</file>
         <name>GPIO.obj</name>
      </input_file>
      <input_file id="fl-8">
         <path>.\</path>
         <kind>object</kind>
         <file>Manual_mode.obj</file>
         <name>Manual_mode.obj</name>
      </input_file>
      <input_file id="fl-9">
         <path>.\</path>
         <kind>object</kind>
         <file>Motor.obj</file>
         <name>Motor.obj</name>
      </input_file>
      <input_file id="fl-a">
         <path>.\</path>
         <kind>object</kind>
         <file>SSD1306.obj</file>
         <name>SSD1306.obj</name>
      </input_file>
      <input_file id="fl-b">
         <path>.\</path>
         <kind>object</kind>
         <file>Scan_mode.obj</file>
         <name>Scan_mode.obj</name>
      </input_file>
      <input_file id="fl-c">
         <path>.\</path>
         <kind>object</kind>
         <file>UART0.obj</file>
         <name>UART0.obj</name>
      </input_file>
      <input_file id="fl-d">
         <path>.\</path>
         <kind>object</kind>
         <file>UART1.obj</file>
         <name>UART1.obj</name>
      </input_file>
      <input_file id="fl-e">
         <path>.\</path>
         <kind>object</kind>
         <file>main.obj</file>
         <name>main.obj</name>
      </input_file>
      <input_file id="fl-f">
         <path>.\</path>
         <kind>object</kind>
         <file>startup_msp432p401r_ccs.obj</file>
         <name>startup_msp432p401r_ccs.obj</name>
      </input_file>
      <input_file id="fl-10">
         <path>.\</path>
         <kind>object</kind>
         <file>system_msp432p401r.obj</file>
         <name>system_msp432p401r.obj</name>
      </input_file>
      <input_file id="fl-14">
         <kind>object</kind>
         <file>&lt;internal&gt;</file>
         <name>&lt;internal&gt;</name>
      </input_file>
      <input_file id="fl-ca">
         <path>C:\ti\ccs1040\ccs\tools\compiler\ti-cgt-arm_20.2.5.LTS\lib\</path>
         <kind>archive</kind>
         <file>rtsv7M4_T_le_v4SPD16_eabi.lib</file>
         <name>printf.c.obj</name>
      </input_file>
      <input_file id="fl-cb">
         <path>C:\ti\ccs1040\ccs\tools\compiler\ti-cgt-arm_20.2.5.LTS\lib\</path>
         <kind>archive</kind>
         <file>rtsv7M4_T_le_v4SPD16_eabi.lib</file>
         <name>_printfi.c.obj</name>
      </input_file>
      <input_file id="fl-cc">
         <path>C:\ti\ccs1040\ccs\tools\compiler\ti-cgt-arm_20.2.5.LTS\lib\</path>
         <kind>archive</kind>
         <file>rtsv7M4_T_le_v4SPD16_eabi.lib</file>
         <name>fopen.c.obj</name>
      </input_file>
      <input_file id="fl-cd">
         <path>C:\ti\ccs1040\ccs\tools\compiler\ti-cgt-arm_20.2.5.LTS\lib\</path>
         <kind>archive</kind>
         <file>rtsv7M4_T_le_v4SPD16_eabi.lib</file>
         <name>fputc.c.obj</name>
      </input_file>
      <input_file id="fl-ce">
         <path>C:\ti\ccs1040\ccs\tools\compiler\ti-cgt-arm_20.2.5.LTS\lib\</path>
         <kind>archive</kind>
         <file>rtsv7M4_T_le_v4SPD16_eabi.lib</file>
         <name>fputs.c.obj</name>
      </input_file>
      <input_file id="fl-cf">
         <path>C:\ti\ccs1040\ccs\tools\compiler\ti-cgt-arm_20.2.5.LTS\lib\</path>
         <kind>archive</kind>
         <file>rtsv7M4_T_le_v4SPD16_eabi.lib</file>
         <name>_io_perm.c.obj</name>
      </input_file>
      <input_file id="fl-d0">
         <path>C:\ti\ccs1040\ccs\tools\compiler\ti-cgt-arm_20.2.5.LTS\lib\</path>
         <kind>archive</kind>
         <file>rtsv7M4_T_le_v4SPD16_eabi.lib</file>
         <name>setvbuf.c.obj</name>
      </input_file>
      <input_file id="fl-d1">
         <path>C:\ti\ccs1040\ccs\tools\compiler\ti-cgt-arm_20.2.5.LTS\lib\</path>
         <kind>archive</kind>
         <file>rtsv7M4_T_le_v4SPD16_eabi.lib</file>
         <name>e_pow.c.obj</name>
      </input_file>
      <input_file id="fl-d2">
         <path>C:\ti\ccs1040\ccs\tools\compiler\ti-cgt-arm_20.2.5.LTS\lib\</path>
         <kind>archive</kind>
         <file>rtsv7M4_T_le_v4SPD16_eabi.lib</file>
         <name>e_sqrt.c.obj</name>
      </input_file>
      <input_file id="fl-d3">
         <path>C:\ti\ccs1040\ccs\tools\compiler\ti-cgt-arm_20.2.5.LTS\lib\</path>
         <kind>archive</kind>
         <file>rtsv7M4_T_le_v4SPD16_eabi.lib</file>
         <name>s_frexp.c.obj</name>
      </input_file>
      <input_file id="fl-d4">
         <path>C:\ti\ccs1040\ccs\tools\compiler\ti-cgt-arm_20.2.5.LTS\lib\</path>
         <kind>archive</kind>
         <file>rtsv7M4_T_le_v4SPD16_eabi.lib</file>
         <name>s_scalbn.c.obj</name>
      </input_file>
      <input_file id="fl-d5">
         <path>C:\ti\ccs1040\ccs\tools\compiler\ti-cgt-arm_20.2.5.LTS\lib\</path>
         <kind>archive</kind>
         <file>rtsv7M4_T_le_v4SPD16_eabi.lib</file>
         <name>wcslen.c.obj</name>
      </input_file>
      <input_file id="fl-d6">
         <path>C:\ti\ccs1040\ccs\tools\compiler\ti-cgt-arm_20.2.5.LTS\lib\</path>
         <kind>archive</kind>
         <file>rtsv7M4_T_le_v4SPD16_eabi.lib</file>
         <name>fd_add_t2.asm.obj</name>
      </input_file>
      <input_file id="fl-d7">
         <path>C:\ti\ccs1040\ccs\tools\compiler\ti-cgt-arm_20.2.5.LTS\lib\</path>
         <kind>archive</kind>
         <file>rtsv7M4_T_le_v4SPD16_eabi.lib</file>
         <name>fd_cmp_t2.asm.obj</name>
      </input_file>
      <input_file id="fl-d8">
         <path>C:\ti\ccs1040\ccs\tools\compiler\ti-cgt-arm_20.2.5.LTS\lib\</path>
         <kind>archive</kind>
         <file>rtsv7M4_T_le_v4SPD16_eabi.lib</file>
         <name>fd_div_t2.asm.obj</name>
      </input_file>
      <input_file id="fl-d9">
         <path>C:\ti\ccs1040\ccs\tools\compiler\ti-cgt-arm_20.2.5.LTS\lib\</path>
         <kind>archive</kind>
         <file>rtsv7M4_T_le_v4SPD16_eabi.lib</file>
         <name>fd_mul_t2.asm.obj</name>
      </input_file>
      <input_file id="fl-da">
         <path>C:\ti\ccs1040\ccs\tools\compiler\ti-cgt-arm_20.2.5.LTS\lib\</path>
         <kind>archive</kind>
         <file>rtsv7M4_T_le_v4SPD16_eabi.lib</file>
         <name>fd_toi_t2.asm.obj</name>
      </input_file>
      <input_file id="fl-db">
         <path>C:\ti\ccs1040\ccs\tools\compiler\ti-cgt-arm_20.2.5.LTS\lib\</path>
         <kind>archive</kind>
         <file>rtsv7M4_T_le_v4SPD16_eabi.lib</file>
         <name>fs_tod_t2.asm.obj</name>
      </input_file>
      <input_file id="fl-dc">
         <path>C:\ti\ccs1040\ccs\tools\compiler\ti-cgt-arm_20.2.5.LTS\lib\</path>
         <kind>archive</kind>
         <file>rtsv7M4_T_le_v4SPD16_eabi.lib</file>
         <name>i_tofd_t2.asm.obj</name>
      </input_file>
      <input_file id="fl-dd">
         <path>C:\ti\ccs1040\ccs\tools\compiler\ti-cgt-arm_20.2.5.LTS\lib\</path>
         <kind>archive</kind>
         <file>rtsv7M4_T_le_v4SPD16_eabi.lib</file>
         <name>memcpy_t2.asm.obj</name>
      </input_file>
      <input_file id="fl-de">
         <path>C:\ti\ccs1040\ccs\tools\compiler\ti-cgt-arm_20.2.5.LTS\lib\</path>
         <kind>archive</kind>
         <file>rtsv7M4_T_le_v4SPD16_eabi.lib</file>
         <name>ull_div_t2.asm.obj</name>
      </input_file>
      <input_file id="fl-df">
         <path>C:\ti\ccs1040\ccs\tools\compiler\ti-cgt-arm_20.2.5.LTS\lib\</path>
         <kind>archive</kind>
         <file>rtsv7M4_T_le_v4SPD16_eabi.lib</file>
         <name>memset_t2.asm.obj</name>
      </input_file>
      <input_file id="fl-e0">
         <path>C:\ti\ccs1040\ccs\tools\compiler\ti-cgt-arm_20.2.5.LTS\lib\</path>
         <kind>archive</kind>
         <file>rtsv7M4_T_le_v4SPD16_eabi.lib</file>
         <name>copy_zero_init.c.obj</name>
      </input_file>
      <input_file id="fl-e1">
         <path>C:\ti\ccs1040\ccs\tools\compiler\ti-cgt-arm_20.2.5.LTS\lib\</path>
         <kind>archive</kind>
         <file>rtsv7M4_T_le_v4SPD16_eabi.lib</file>
         <name>copy_decompress_none.c.obj</name>
      </input_file>
      <input_file id="fl-e2">
         <path>C:\ti\ccs1040\ccs\tools\compiler\ti-cgt-arm_20.2.5.LTS\lib\</path>
         <kind>archive</kind>
         <file>rtsv7M4_T_le_v4SPD16_eabi.lib</file>
         <name>copy_decompress_lzss.c.obj</name>
      </input_file>
      <input_file id="fl-e3">
         <path>C:\ti\ccs1040\ccs\tools\compiler\ti-cgt-arm_20.2.5.LTS\lib\</path>
         <kind>archive</kind>
         <file>rtsv7M4_T_le_v4SPD16_eabi.lib</file>
         <name>exit.c.obj</name>
      </input_file>
      <input_file id="fl-e4">
         <path>C:\ti\ccs1040\ccs\tools\compiler\ti-cgt-arm_20.2.5.LTS\lib\</path>
         <kind>archive</kind>
         <file>rtsv7M4_T_le_v4SPD16_eabi.lib</file>
         <name>_lock.c.obj</name>
      </input_file>
      <input_file id="fl-e5">
         <path>C:\ti\ccs1040\ccs\tools\compiler\ti-cgt-arm_20.2.5.LTS\lib\</path>
         <kind>archive</kind>
         <file>rtsv7M4_T_le_v4SPD16_eabi.lib</file>
         <name>_ltoa.c.obj</name>
      </input_file>
      <input_file id="fl-e6">
         <path>C:\ti\ccs1040\ccs\tools\compiler\ti-cgt-arm_20.2.5.LTS\lib\</path>
         <kind>archive</kind>
         <file>rtsv7M4_T_le_v4SPD16_eabi.lib</file>
         <name>atoi.c.obj</name>
      </input_file>
      <input_file id="fl-e7">
         <path>C:\ti\ccs1040\ccs\tools\compiler\ti-cgt-arm_20.2.5.LTS\lib\</path>
         <kind>archive</kind>
         <file>rtsv7M4_T_le_v4SPD16_eabi.lib</file>
         <name>ctype.c.obj</name>
      </input_file>
      <input_file id="fl-e8">
         <path>C:\ti\ccs1040\ccs\tools\compiler\ti-cgt-arm_20.2.5.LTS\lib\</path>
         <kind>archive</kind>
         <file>rtsv7M4_T_le_v4SPD16_eabi.lib</file>
         <name>defs.c.obj</name>
      </input_file>
      <input_file id="fl-e9">
         <path>C:\ti\ccs1040\ccs\tools\compiler\ti-cgt-arm_20.2.5.LTS\lib\</path>
         <kind>archive</kind>
         <file>rtsv7M4_T_le_v4SPD16_eabi.lib</file>
         <name>memccpy.c.obj</name>
      </input_file>
      <input_file id="fl-ea">
         <path>C:\ti\ccs1040\ccs\tools\compiler\ti-cgt-arm_20.2.5.LTS\lib\</path>
         <kind>archive</kind>
         <file>rtsv7M4_T_le_v4SPD16_eabi.lib</file>
         <name>memchr.c.obj</name>
      </input_file>
      <input_file id="fl-eb">
         <path>C:\ti\ccs1040\ccs\tools\compiler\ti-cgt-arm_20.2.5.LTS\lib\</path>
         <kind>archive</kind>
         <file>rtsv7M4_T_le_v4SPD16_eabi.lib</file>
         <name>memory.c.obj</name>
      </input_file>
      <input_file id="fl-ec">
         <path>C:\ti\ccs1040\ccs\tools\compiler\ti-cgt-arm_20.2.5.LTS\lib\</path>
         <kind>archive</kind>
         <file>rtsv7M4_T_le_v4SPD16_eabi.lib</file>
         <name>strchr.c.obj</name>
      </input_file>
      <input_file id="fl-ed">
         <path>C:\ti\ccs1040\ccs\tools\compiler\ti-cgt-arm_20.2.5.LTS\lib\</path>
         <kind>archive</kind>
         <file>rtsv7M4_T_le_v4SPD16_eabi.lib</file>
         <name>strlen.c.obj</name>
      </input_file>
      <input_file id="fl-ee">
         <path>C:\ti\ccs1040\ccs\tools\compiler\ti-cgt-arm_20.2.5.LTS\lib\</path>
         <kind>archive</kind>
         <file>rtsv7M4_T_le_v4SPD16_eabi.lib</file>
         <name>errno.c.obj</name>
      </input_file>
      <input_file id="fl-ef">
         <path>C:\ti\ccs1040\ccs\tools\compiler\ti-cgt-arm_20.2.5.LTS\lib\</path>
         <kind>archive</kind>
         <file>rtsv7M4_T_le_v4SPD16_eabi.lib</file>
         <name>boot_cortex_m.c.obj</name>
      </input_file>
      <input_file id="fl-f0">
         <path>C:\ti\ccs1040\ccs\tools\compiler\ti-cgt-arm_20.2.5.LTS\lib\</path>
         <kind>archive</kind>
         <file>rtsv7M4_T_le_v4SPD16_eabi.lib</file>
         <name>write.c.obj</name>
      </input_file>
      <input_file id="fl-f1">
         <path>C:\ti\ccs1040\ccs\tools\compiler\ti-cgt-arm_20.2.5.LTS\lib\</path>
         <kind>archive</kind>
         <file>rtsv7M4_T_le_v4SPD16_eabi.lib</file>
         <name>host_device.c.obj</name>
      </input_file>
      <input_file id="fl-f2">
         <path>C:\ti\ccs1040\ccs\tools\compiler\ti-cgt-arm_20.2.5.LTS\lib\</path>
         <kind>archive</kind>
         <file>rtsv7M4_T_le_v4SPD16_eabi.lib</file>
         <name>open.c.obj</name>
      </input_file>
      <input_file id="fl-f3">
         <path>C:\ti\ccs1040\ccs\tools\compiler\ti-cgt-arm_20.2.5.LTS\lib\</path>
         <kind>archive</kind>
         <file>rtsv7M4_T_le_v4SPD16_eabi.lib</file>
         <name>add_device.c.obj</name>
      </input_file>
      <input_file id="fl-f4">
         <path>C:\ti\ccs1040\ccs\tools\compiler\ti-cgt-arm_20.2.5.LTS\lib\</path>
         <kind>archive</kind>
         <file>rtsv7M4_T_le_v4SPD16_eabi.lib</file>
         <name>fclose.c.obj</name>
      </input_file>
      <input_file id="fl-f5">
         <path>C:\ti\ccs1040\ccs\tools\compiler\ti-cgt-arm_20.2.5.LTS\lib\</path>
         <kind>archive</kind>
         <file>rtsv7M4_T_le_v4SPD16_eabi.lib</file>
         <name>fflush.c.obj</name>
      </input_file>
      <input_file id="fl-f6">
         <path>C:\ti\ccs1040\ccs\tools\compiler\ti-cgt-arm_20.2.5.LTS\lib\</path>
         <kind>archive</kind>
         <file>rtsv7M4_T_le_v4SPD16_eabi.lib</file>
         <name>fseek.c.obj</name>
      </input_file>
      <input_file id="fl-f7">
         <path>C:\ti\ccs1040\ccs\tools\compiler\ti-cgt-arm_20.2.5.LTS\lib\</path>
         <kind>archive</kind>
         <file>rtsv7M4_T_le_v4SPD16_eabi.lib</file>
         <name>getdevice.c.obj</name>
      </input_file>
      <input_file id="fl-f8">
         <path>C:\ti\ccs1040\ccs\tools\compiler\ti-cgt-arm_20.2.5.LTS\lib\</path>
         <kind>archive</kind>
         <file>rtsv7M4_T_le_v4SPD16_eabi.lib</file>
         <name>s_copysign.c.obj</name>
      </input_file>
      <input_file id="fl-f9">
         <path>C:\ti\ccs1040\ccs\tools\compiler\ti-cgt-arm_20.2.5.LTS\lib\</path>
         <kind>archive</kind>
         <file>rtsv7M4_T_le_v4SPD16_eabi.lib</file>
         <name>div0.asm.obj</name>
      </input_file>
      <input_file id="fl-fa">
         <path>C:\ti\ccs1040\ccs\tools\compiler\ti-cgt-arm_20.2.5.LTS\lib\</path>
         <kind>archive</kind>
         <file>rtsv7M4_T_le_v4SPD16_eabi.lib</file>
         <name>autoinit.c.obj</name>
      </input_file>
      <input_file id="fl-fb">
         <path>C:\ti\ccs1040\ccs\tools\compiler\ti-cgt-arm_20.2.5.LTS\lib\</path>
         <kind>archive</kind>
         <file>rtsv7M4_T_le_v4SPD16_eabi.lib</file>
         <name>pre_init.c.obj</name>
      </input_file>
      <input_file id="fl-fc">
         <path>C:\ti\ccs1040\ccs\tools\compiler\ti-cgt-arm_20.2.5.LTS\lib\</path>
         <kind>archive</kind>
         <file>rtsv7M4_T_le_v4SPD16_eabi.lib</file>
         <name>cpy_tbl.c.obj</name>
      </input_file>
      <input_file id="fl-fd">
         <path>C:\ti\ccs1040\ccs\tools\compiler\ti-cgt-arm_20.2.5.LTS\lib\</path>
         <kind>archive</kind>
         <file>rtsv7M4_T_le_v4SPD16_eabi.lib</file>
         <name>args_main.c.obj</name>
      </input_file>
      <input_file id="fl-fe">
         <path>C:\ti\ccs1040\ccs\tools\compiler\ti-cgt-arm_20.2.5.LTS\lib\</path>
         <kind>archive</kind>
         <file>rtsv7M4_T_le_v4SPD16_eabi.lib</file>
         <name>strcmp.c.obj</name>
      </input_file>
      <input_file id="fl-ff">
         <path>C:\ti\ccs1040\ccs\tools\compiler\ti-cgt-arm_20.2.5.LTS\lib\</path>
         <kind>archive</kind>
         <file>rtsv7M4_T_le_v4SPD16_eabi.lib</file>
         <name>strncpy.c.obj</name>
      </input_file>
      <input_file id="fl-100">
         <path>C:\ti\ccs1040\ccs\tools\compiler\ti-cgt-arm_20.2.5.LTS\lib\</path>
         <kind>archive</kind>
         <file>rtsv7M4_T_le_v4SPD16_eabi.lib</file>
         <name>hostclose.c.obj</name>
      </input_file>
      <input_file id="fl-101">
         <path>C:\ti\ccs1040\ccs\tools\compiler\ti-cgt-arm_20.2.5.LTS\lib\</path>
         <kind>archive</kind>
         <file>rtsv7M4_T_le_v4SPD16_eabi.lib</file>
         <name>hostlseek.c.obj</name>
      </input_file>
      <input_file id="fl-102">
         <path>C:\ti\ccs1040\ccs\tools\compiler\ti-cgt-arm_20.2.5.LTS\lib\</path>
         <kind>archive</kind>
         <file>rtsv7M4_T_le_v4SPD16_eabi.lib</file>
         <name>hostopen.c.obj</name>
      </input_file>
      <input_file id="fl-103">
         <path>C:\ti\ccs1040\ccs\tools\compiler\ti-cgt-arm_20.2.5.LTS\lib\</path>
         <kind>archive</kind>
         <file>rtsv7M4_T_le_v4SPD16_eabi.lib</file>
         <name>hostread.c.obj</name>
      </input_file>
      <input_file id="fl-104">
         <path>C:\ti\ccs1040\ccs\tools\compiler\ti-cgt-arm_20.2.5.LTS\lib\</path>
         <kind>archive</kind>
         <file>rtsv7M4_T_le_v4SPD16_eabi.lib</file>
         <name>hostrename.c.obj</name>
      </input_file>
      <input_file id="fl-105">
         <path>C:\ti\ccs1040\ccs\tools\compiler\ti-cgt-arm_20.2.5.LTS\lib\</path>
         <kind>archive</kind>
         <file>rtsv7M4_T_le_v4SPD16_eabi.lib</file>
         <name>hostunlink.c.obj</name>
      </input_file>
      <input_file id="fl-106">
         <path>C:\ti\ccs1040\ccs\tools\compiler\ti-cgt-arm_20.2.5.LTS\lib\</path>
         <kind>archive</kind>
         <file>rtsv7M4_T_le_v4SPD16_eabi.lib</file>
         <name>hostwrite.c.obj</name>
      </input_file>
      <input_file id="fl-107">
         <path>C:\ti\ccs1040\ccs\tools\compiler\ti-cgt-arm_20.2.5.LTS\lib\</path>
         <kind>archive</kind>
         <file>rtsv7M4_T_le_v4SPD16_eabi.lib</file>
         <name>trgmsg.c.obj</name>
      </input_file>
      <input_file id="fl-108">
         <path>C:\ti\ccs1040\ccs\tools\compiler\ti-cgt-arm_20.2.5.LTS\lib\</path>
         <kind>archive</kind>
         <file>rtsv7M4_T_le_v4SPD16_eabi.lib</file>
         <name>remove.c.obj</name>
      </input_file>
      <input_file id="fl-109">
         <path>C:\ti\ccs1040\ccs\tools\compiler\ti-cgt-arm_20.2.5.LTS\lib\</path>
         <kind>archive</kind>
         <file>rtsv7M4_T_le_v4SPD16_eabi.lib</file>
         <name>lseek.c.obj</name>
      </input_file>
      <input_file id="fl-10a">
         <path>C:\ti\ccs1040\ccs\tools\compiler\ti-cgt-arm_20.2.5.LTS\lib\</path>
         <kind>archive</kind>
         <file>rtsv7M4_T_le_v4SPD16_eabi.lib</file>
         <name>close.c.obj</name>
      </input_file>
      <input_file id="fl-10b">
         <path>C:\ti\ccs1040\ccs\tools\compiler\ti-cgt-arm_20.2.5.LTS\lib\</path>
         <kind>archive</kind>
         <file>rtsv7M4_T_le_v4SPD16_eabi.lib</file>
         <name>strcpy.c.obj</name>
      </input_file>
      <input_file id="fl-10c">
         <path>C:\ti\ccs1040\ccs\tools\compiler\ti-cgt-arm_20.2.5.LTS\lib\</path>
         <kind>archive</kind>
         <file>rtsv7M4_T_le_v4SPD16_eabi.lib</file>
         <name>unlink.c.obj</name>
      </input_file>
   </input_file_list>
   <object_component_list>
      <object_component id="oc-26">
         <name>.intvecs:retain</name>
         <load_address>0x0</load_address>
         <run_address>0x0</run_address>
         <size>0xe4</size>
         <input_file_ref idref="fl-f"/>
      </object_component>
      <object_component id="oc-cb">
         <name>.text</name>
         <load_address>0xe4</load_address>
         <run_address>0xe4</run_address>
         <size>0x1850</size>
         <input_file_ref idref="fl-a"/>
      </object_component>
      <object_component id="oc-11c">
         <name>.text</name>
         <load_address>0x1934</load_address>
         <run_address>0x1934</run_address>
         <size>0x100c</size>
         <input_file_ref idref="fl-2"/>
      </object_component>
      <object_component id="oc-355">
         <name>.text:__TI_printfi</name>
         <load_address>0x2940</load_address>
         <run_address>0x2940</run_address>
         <size>0xa4e</size>
         <input_file_ref idref="fl-cb"/>
      </object_component>
      <object_component id="oc-393">
         <name>.text:_nop</name>
         <load_address>0x338e</load_address>
         <run_address>0x338e</run_address>
         <size>0x2</size>
         <input_file_ref idref="fl-e4"/>
      </object_component>
      <object_component id="oc-1d3">
         <name>.text:pow</name>
         <load_address>0x3390</load_address>
         <run_address>0x3390</run_address>
         <size>0x9d0</size>
         <input_file_ref idref="fl-d1"/>
      </object_component>
      <object_component id="oc-10a">
         <name>.text</name>
         <load_address>0x3d60</load_address>
         <run_address>0x3d60</run_address>
         <size>0x6cc</size>
         <input_file_ref idref="fl-c"/>
      </object_component>
      <object_component id="oc-116">
         <name>.text</name>
         <load_address>0x442c</load_address>
         <run_address>0x442c</run_address>
         <size>0x424</size>
         <input_file_ref idref="fl-b"/>
      </object_component>
      <object_component id="oc-110">
         <name>.text</name>
         <load_address>0x4850</load_address>
         <run_address>0x4850</run_address>
         <size>0x374</size>
         <input_file_ref idref="fl-9"/>
      </object_component>
      <object_component id="oc-b8">
         <name>.text</name>
         <load_address>0x4bc4</load_address>
         <run_address>0x4bc4</run_address>
         <size>0x334</size>
         <input_file_ref idref="fl-10"/>
      </object_component>
      <object_component id="oc-fe">
         <name>.text</name>
         <load_address>0x4ef8</load_address>
         <run_address>0x4ef8</run_address>
         <size>0x318</size>
         <input_file_ref idref="fl-8"/>
      </object_component>
      <object_component id="oc-a6">
         <name>.text</name>
         <load_address>0x5210</load_address>
         <run_address>0x5210</run_address>
         <size>0x2fc</size>
         <input_file_ref idref="fl-e"/>
      </object_component>
      <object_component id="oc-478">
         <name>.text:_pconv_a</name>
         <load_address>0x550c</load_address>
         <run_address>0x550c</run_address>
         <size>0x270</size>
         <input_file_ref idref="fl-cb"/>
      </object_component>
      <object_component id="oc-d1">
         <name>.text</name>
         <load_address>0x577c</load_address>
         <run_address>0x577c</run_address>
         <size>0x1e0</size>
         <input_file_ref idref="fl-5"/>
      </object_component>
      <object_component id="oc-466">
         <name>.text:_pconv_g</name>
         <load_address>0x595c</load_address>
         <run_address>0x595c</run_address>
         <size>0x1d0</size>
         <input_file_ref idref="fl-cb"/>
      </object_component>
      <object_component id="oc-2c8">
         <name>.text</name>
         <load_address>0x5b2c</load_address>
         <run_address>0x5b2c</run_address>
         <size>0x1b6</size>
         <input_file_ref idref="fl-d6"/>
      </object_component>
      <object_component id="oc-5a9">
         <name>.text</name>
         <load_address>0x5ce2</load_address>
         <run_address>0x5ce2</run_address>
         <size>0x2</size>
         <input_file_ref idref="fl-f9"/>
      </object_component>
      <object_component id="oc-70">
         <name>.text</name>
         <load_address>0x5ce4</load_address>
         <run_address>0x5ce4</run_address>
         <size>0x1a4</size>
         <input_file_ref idref="fl-d"/>
      </object_component>
      <object_component id="oc-122">
         <name>.text</name>
         <load_address>0x5e88</load_address>
         <run_address>0x5e88</run_address>
         <size>0x184</size>
         <input_file_ref idref="fl-4"/>
      </object_component>
      <object_component id="oc-76">
         <name>.text</name>
         <load_address>0x600c</load_address>
         <run_address>0x600c</run_address>
         <size>0x15c</size>
         <input_file_ref idref="fl-3"/>
      </object_component>
      <object_component id="oc-2cd">
         <name>.text:sqrt</name>
         <load_address>0x6168</load_address>
         <run_address>0x6168</run_address>
         <size>0x158</size>
         <input_file_ref idref="fl-d2"/>
      </object_component>
      <object_component id="oc-472">
         <name>.text:_pconv_e</name>
         <load_address>0x62c0</load_address>
         <run_address>0x62c0</run_address>
         <size>0x13c</size>
         <input_file_ref idref="fl-cb"/>
      </object_component>
      <object_component id="oc-220">
         <name>.text</name>
         <load_address>0x63fc</load_address>
         <run_address>0x63fc</run_address>
         <size>0x136</size>
         <input_file_ref idref="fl-d8"/>
      </object_component>
      <object_component id="oc-53a">
         <name>.text:fcvt</name>
         <load_address>0x6534</load_address>
         <run_address>0x6534</run_address>
         <size>0x124</size>
         <input_file_ref idref="fl-cb"/>
      </object_component>
      <object_component id="oc-496">
         <name>.text:fputs</name>
         <load_address>0x6658</load_address>
         <run_address>0x6658</run_address>
         <size>0x114</size>
         <input_file_ref idref="fl-ce"/>
      </object_component>
      <object_component id="oc-322">
         <name>.text:_openfile</name>
         <load_address>0x676c</load_address>
         <run_address>0x676c</run_address>
         <size>0x110</size>
         <input_file_ref idref="fl-cc"/>
      </object_component>
      <object_component id="oc-2e6">
         <name>.text:scalbn</name>
         <load_address>0x687c</load_address>
         <run_address>0x687c</run_address>
         <size>0x110</size>
         <input_file_ref idref="fl-d4"/>
      </object_component>
      <object_component id="oc-447">
         <name>.text:aligned_alloc</name>
         <load_address>0x698c</load_address>
         <run_address>0x698c</run_address>
         <size>0x100</size>
         <input_file_ref idref="fl-eb"/>
      </object_component>
      <object_component id="oc-21b">
         <name>.text</name>
         <load_address>0x6a8c</load_address>
         <run_address>0x6a8c</run_address>
         <size>0xfc</size>
         <input_file_ref idref="fl-d9"/>
      </object_component>
      <object_component id="oc-335">
         <name>.text:free</name>
         <load_address>0x6b88</load_address>
         <run_address>0x6b88</run_address>
         <size>0xe4</size>
         <input_file_ref idref="fl-eb"/>
      </object_component>
      <object_component id="oc-206">
         <name>.text:setvbuf</name>
         <load_address>0x6c6c</load_address>
         <run_address>0x6c6c</run_address>
         <size>0xdc</size>
         <input_file_ref idref="fl-d0"/>
      </object_component>
      <object_component id="oc-231">
         <name>.text</name>
         <load_address>0x6d48</load_address>
         <run_address>0x6d48</run_address>
         <size>0xc0</size>
         <input_file_ref idref="fl-7"/>
      </object_component>
      <object_component id="oc-415">
         <name>.text:open</name>
         <load_address>0x6e08</load_address>
         <run_address>0x6e08</run_address>
         <size>0xbc</size>
         <input_file_ref idref="fl-f2"/>
      </object_component>
      <object_component id="oc-1f4">
         <name>.text:add_device</name>
         <load_address>0x6ec4</load_address>
         <run_address>0x6ec4</run_address>
         <size>0xb8</size>
         <input_file_ref idref="fl-f3"/>
      </object_component>
      <object_component id="oc-460">
         <name>.text:_ltostr</name>
         <load_address>0x6f7c</load_address>
         <run_address>0x6f7c</run_address>
         <size>0xb1</size>
         <input_file_ref idref="fl-cb"/>
      </object_component>
      <object_component id="oc-1fa">
         <name>.text:fopen</name>
         <load_address>0x7030</load_address>
         <run_address>0x7030</run_address>
         <size>0x9c</size>
         <input_file_ref idref="fl-cc"/>
      </object_component>
      <object_component id="oc-3a">
         <name>.text</name>
         <load_address>0x70cc</load_address>
         <run_address>0x70cc</run_address>
         <size>0x9c</size>
         <input_file_ref idref="fl-dd"/>
      </object_component>
      <object_component id="oc-521">
         <name>.text</name>
         <load_address>0x7168</load_address>
         <run_address>0x7168</run_address>
         <size>0x96</size>
         <input_file_ref idref="fl-de"/>
      </object_component>
      <object_component id="oc-49d">
         <name>.text:fputc</name>
         <load_address>0x7200</load_address>
         <run_address>0x7200</run_address>
         <size>0x8c</size>
         <input_file_ref idref="fl-cd"/>
      </object_component>
      <object_component id="oc-2dc">
         <name>.text:__aeabi_cdcmple</name>
         <load_address>0x728c</load_address>
         <run_address>0x728c</run_address>
         <size>0x86</size>
         <input_file_ref idref="fl-d7"/>
      </object_component>
      <object_component id="oc-2e1">
         <name>.text:__aeabi_cdrcmple</name>
         <load_address>0x7312</load_address>
         <run_address>0x7312</run_address>
         <size>0x86</size>
         <input_file_ref idref="fl-d7"/>
      </object_component>
      <object_component id="oc-9a">
         <name>.text</name>
         <load_address>0x7398</load_address>
         <run_address>0x7398</run_address>
         <size>0x7a</size>
         <input_file_ref idref="fl-df"/>
      </object_component>
      <object_component id="oc-32e">
         <name>.text:__TI_closefile</name>
         <load_address>0x7414</load_address>
         <run_address>0x7414</run_address>
         <size>0x74</size>
         <input_file_ref idref="fl-f4"/>
      </object_component>
      <object_component id="oc-511">
         <name>.text:split</name>
         <load_address>0x7488</load_address>
         <run_address>0x7488</run_address>
         <size>0x70</size>
         <input_file_ref idref="fl-eb"/>
      </object_component>
      <object_component id="oc-533">
         <name>.text:_mcpy</name>
         <load_address>0x74f8</load_address>
         <run_address>0x74f8</run_address>
         <size>0x6e</size>
         <input_file_ref idref="fl-cb"/>
      </object_component>
      <object_component id="oc-400">
         <name>.text:HOSTrename</name>
         <load_address>0x7568</load_address>
         <run_address>0x7568</run_address>
         <size>0x6c</size>
         <input_file_ref idref="fl-104"/>
      </object_component>
      <object_component id="oc-3f4">
         <name>.text:HOSTlseek</name>
         <load_address>0x75d4</load_address>
         <run_address>0x75d4</run_address>
         <size>0x68</size>
         <input_file_ref idref="fl-101"/>
      </object_component>
      <object_component id="oc-17">
         <name>.text:decompress:lzss:__TI_decompress_lzss</name>
         <load_address>0x763c</load_address>
         <run_address>0x763c</run_address>
         <size>0x68</size>
         <input_file_ref idref="fl-e2"/>
      </object_component>
      <object_component id="oc-225">
         <name>.text:printf</name>
         <load_address>0x76a4</load_address>
         <run_address>0x76a4</run_address>
         <size>0x68</size>
         <input_file_ref idref="fl-ca"/>
      </object_component>
      <object_component id="oc-548">
         <name>.text:frexp</name>
         <load_address>0x770c</load_address>
         <run_address>0x770c</run_address>
         <size>0x64</size>
         <input_file_ref idref="fl-d3"/>
      </object_component>
      <object_component id="oc-5c7">
         <name>.text:fseek</name>
         <load_address>0x7770</load_address>
         <run_address>0x7770</run_address>
         <size>0x64</size>
         <input_file_ref idref="fl-f6"/>
      </object_component>
      <object_component id="oc-56a">
         <name>.text:__TI_wrt_ok</name>
         <load_address>0x77d4</load_address>
         <run_address>0x77d4</run_address>
         <size>0x62</size>
         <input_file_ref idref="fl-cf"/>
      </object_component>
      <object_component id="oc-3dc">
         <name>.text:HOSTopen</name>
         <load_address>0x7838</load_address>
         <run_address>0x7838</run_address>
         <size>0x60</size>
         <input_file_ref idref="fl-102"/>
      </object_component>
      <object_component id="oc-42b">
         <name>.text:close</name>
         <load_address>0x7898</load_address>
         <run_address>0x7898</run_address>
         <size>0x5c</size>
         <input_file_ref idref="fl-10a"/>
      </object_component>
      <object_component id="oc-3e8">
         <name>.text:HOSTread</name>
         <load_address>0x78f4</load_address>
         <run_address>0x78f4</run_address>
         <size>0x58</size>
         <input_file_ref idref="fl-103"/>
      </object_component>
      <object_component id="oc-3ee">
         <name>.text:HOSTwrite</name>
         <load_address>0x794c</load_address>
         <run_address>0x794c</run_address>
         <size>0x58</size>
         <input_file_ref idref="fl-106"/>
      </object_component>
      <object_component id="oc-46c">
         <name>.text:_pconv_f</name>
         <load_address>0x79a4</load_address>
         <run_address>0x79a4</run_address>
         <size>0x56</size>
         <input_file_ref idref="fl-cb"/>
      </object_component>
      <object_component id="oc-527">
         <name>.text:__TI_ltoa</name>
         <load_address>0x79fa</load_address>
         <run_address>0x79fa</run_address>
         <size>0x54</size>
         <input_file_ref idref="fl-e5"/>
      </object_component>
      <object_component id="oc-52d">
         <name>.text:_ecpy</name>
         <load_address>0x7a4e</load_address>
         <run_address>0x7a4e</run_address>
         <size>0x52</size>
         <input_file_ref idref="fl-cb"/>
      </object_component>
      <object_component id="oc-425">
         <name>.text:__TI_doflush</name>
         <load_address>0x7aa0</load_address>
         <run_address>0x7aa0</run_address>
         <size>0x4c</size>
         <input_file_ref idref="fl-f5"/>
      </object_component>
      <object_component id="oc-45a">
         <name>.text:atoi</name>
         <load_address>0x7aec</load_address>
         <run_address>0x7aec</run_address>
         <size>0x4c</size>
         <input_file_ref idref="fl-e6"/>
      </object_component>
      <object_component id="oc-13e">
         <name>.text:exit</name>
         <load_address>0x7b38</load_address>
         <run_address>0x7b38</run_address>
         <size>0x48</size>
         <input_file_ref idref="fl-e3"/>
      </object_component>
      <object_component id="oc-1d9">
         <name>.text</name>
         <load_address>0x7b80</load_address>
         <run_address>0x7b80</run_address>
         <size>0x48</size>
         <input_file_ref idref="fl-da"/>
      </object_component>
      <object_component id="oc-3e2">
         <name>.text:HOSTclose</name>
         <load_address>0x7bc8</load_address>
         <run_address>0x7bc8</run_address>
         <size>0x44</size>
         <input_file_ref idref="fl-100"/>
      </object_component>
      <object_component id="oc-3fa">
         <name>.text:HOSTunlink</name>
         <load_address>0x7c0c</load_address>
         <run_address>0x7c0c</run_address>
         <size>0x44</size>
         <input_file_ref idref="fl-105"/>
      </object_component>
      <object_component id="oc-144">
         <name>.text:__TI_auto_init_nobinit_nopinit:__TI_auto_init_nobinit_nopinit</name>
         <load_address>0x7c50</load_address>
         <run_address>0x7c50</run_address>
         <size>0x44</size>
         <input_file_ref idref="fl-fa"/>
      </object_component>
      <object_component id="oc-4f2">
         <name>.text:getdevice</name>
         <load_address>0x7c94</load_address>
         <run_address>0x7c94</run_address>
         <size>0x44</size>
         <input_file_ref idref="fl-f7"/>
      </object_component>
      <object_component id="oc-540">
         <name>.text:_fcpy</name>
         <load_address>0x7cd8</load_address>
         <run_address>0x7cd8</run_address>
         <size>0x3e</size>
         <input_file_ref idref="fl-cb"/>
      </object_component>
      <object_component id="oc-4c9">
         <name>.text:__TI_writemsg</name>
         <load_address>0x7d18</load_address>
         <run_address>0x7d18</run_address>
         <size>0x38</size>
         <input_file_ref idref="fl-107"/>
      </object_component>
      <object_component id="oc-216">
         <name>.text</name>
         <load_address>0x7d50</load_address>
         <run_address>0x7d50</run_address>
         <size>0x38</size>
         <input_file_ref idref="fl-db"/>
      </object_component>
      <object_component id="oc-316">
         <name>.text:strncpy</name>
         <load_address>0x7d88</load_address>
         <run_address>0x7d88</run_address>
         <size>0x36</size>
         <input_file_ref idref="fl-ff"/>
      </object_component>
      <object_component id="oc-341">
         <name>.text:__TI_cleanup</name>
         <load_address>0x7dc0</load_address>
         <run_address>0x7dc0</run_address>
         <size>0x34</size>
         <input_file_ref idref="fl-cc"/>
      </object_component>
      <object_component id="oc-4cf">
         <name>.text:__TI_readmsg</name>
         <load_address>0x7df4</load_address>
         <run_address>0x7df4</run_address>
         <size>0x34</size>
         <input_file_ref idref="fl-107"/>
      </object_component>
      <object_component id="oc-58">
         <name>.text:_c_int00_noargs:_c_int00_noargs</name>
         <load_address>0x7e28</load_address>
         <run_address>0x7e28</run_address>
         <size>0x34</size>
         <input_file_ref idref="fl-ef"/>
      </object_component>
      <object_component id="oc-200">
         <name>.text:freopen</name>
         <load_address>0x7e5c</load_address>
         <run_address>0x7e5c</run_address>
         <size>0x34</size>
         <input_file_ref idref="fl-cc"/>
      </object_component>
      <object_component id="oc-310">
         <name>.text:finddevice</name>
         <load_address>0x7e90</load_address>
         <run_address>0x7e90</run_address>
         <size>0x30</size>
         <input_file_ref idref="fl-f7"/>
      </object_component>
      <object_component id="oc-1ce">
         <name>.text</name>
         <load_address>0x7ec0</load_address>
         <run_address>0x7ec0</run_address>
         <size>0x2e</size>
         <input_file_ref idref="fl-dc"/>
      </object_component>
      <object_component id="oc-431">
         <name>.text:unlink</name>
         <load_address>0x7ef0</load_address>
         <run_address>0x7ef0</run_address>
         <size>0x2c</size>
         <input_file_ref idref="fl-10c"/>
      </object_component>
      <object_component id="oc-440">
         <name>.text:free_list_insert</name>
         <load_address>0x7f1c</load_address>
         <run_address>0x7f1c</run_address>
         <size>0x28</size>
         <input_file_ref idref="fl-eb"/>
      </object_component>
      <object_component id="oc-5e5">
         <name>.text:lseek</name>
         <load_address>0x7f44</load_address>
         <run_address>0x7f44</run_address>
         <size>0x28</size>
         <input_file_ref idref="fl-109"/>
      </object_component>
      <object_component id="oc-4fe">
         <name>.text:write</name>
         <load_address>0x7f6c</load_address>
         <run_address>0x7f6c</run_address>
         <size>0x28</size>
         <input_file_ref idref="fl-f0"/>
      </object_component>
      <object_component id="oc-104">
         <name>.text</name>
         <load_address>0x7f94</load_address>
         <run_address>0x7f94</run_address>
         <size>0x24</size>
         <input_file_ref idref="fl-6"/>
      </object_component>
      <object_component id="oc-570">
         <name>.text:memchr</name>
         <load_address>0x7fb8</load_address>
         <run_address>0x7fb8</run_address>
         <size>0x20</size>
         <input_file_ref idref="fl-ea"/>
      </object_component>
      <object_component id="oc-43a">
         <name>.text:free_list_remove</name>
         <load_address>0x7fd8</load_address>
         <run_address>0x7fd8</run_address>
         <size>0x1c</size>
         <input_file_ref idref="fl-eb"/>
      </object_component>
      <object_component id="oc-47e">
         <name>.text:memccpy</name>
         <load_address>0x7ff4</load_address>
         <run_address>0x7ff4</run_address>
         <size>0x1c</size>
         <input_file_ref idref="fl-e9"/>
      </object_component>
      <object_component id="oc-3be">
         <name>.text:copysign</name>
         <load_address>0x8010</load_address>
         <run_address>0x8010</run_address>
         <size>0x1a</size>
         <input_file_ref idref="fl-f8"/>
      </object_component>
      <object_component id="oc-3d2">
         <name>.text:strcmp</name>
         <load_address>0x802a</load_address>
         <run_address>0x802a</run_address>
         <size>0x18</size>
         <input_file_ref idref="fl-fe"/>
      </object_component>
      <object_component id="oc-54e">
         <name>.text:strchr</name>
         <load_address>0x8042</load_address>
         <run_address>0x8042</run_address>
         <size>0x16</size>
         <input_file_ref idref="fl-ec"/>
      </object_component>
      <object_component id="oc-4e3">
         <name>.text:strcpy</name>
         <load_address>0x8058</load_address>
         <run_address>0x8058</run_address>
         <size>0x14</size>
         <input_file_ref idref="fl-10b"/>
      </object_component>
      <object_component id="oc-454">
         <name>.text:strlen</name>
         <load_address>0x806c</load_address>
         <run_address>0x806c</run_address>
         <size>0x14</size>
         <input_file_ref idref="fl-ed"/>
      </object_component>
      <object_component id="oc-484">
         <name>.text:wcslen</name>
         <load_address>0x8080</load_address>
         <run_address>0x8080</run_address>
         <size>0x12</size>
         <input_file_ref idref="fl-d5"/>
      </object_component>
      <object_component id="oc-1d">
         <name>.text:decompress:none:__TI_decompress_none</name>
         <load_address>0x8092</load_address>
         <run_address>0x8092</run_address>
         <size>0xe</size>
         <input_file_ref idref="fl-e1"/>
      </object_component>
      <object_component id="oc-6a">
         <name>.text</name>
         <load_address>0x80a0</load_address>
         <run_address>0x80a0</run_address>
         <size>0xe</size>
         <input_file_ref idref="fl-f"/>
      </object_component>
      <object_component id="oc-4c">
         <name>.text:decompress:ZI:__TI_zero_init</name>
         <load_address>0x80ae</load_address>
         <run_address>0x80ae</run_address>
         <size>0xc</size>
         <input_file_ref idref="fl-e0"/>
      </object_component>
      <object_component id="oc-2d3">
         <name>.text:__aeabi_errno_addr</name>
         <load_address>0x80bc</load_address>
         <run_address>0x80bc</run_address>
         <size>0x8</size>
         <input_file_ref idref="fl-ee"/>
      </object_component>
      <object_component id="oc-33b">
         <name>.text:malloc</name>
         <load_address>0x80c4</load_address>
         <run_address>0x80c4</run_address>
         <size>0x8</size>
         <input_file_ref idref="fl-eb"/>
      </object_component>
      <object_component id="oc-361">
         <name>.text:_outc</name>
         <load_address>0x80cc</load_address>
         <run_address>0x80cc</run_address>
         <size>0x4</size>
         <input_file_ref idref="fl-ca"/>
      </object_component>
      <object_component id="oc-35b">
         <name>.text:_outs</name>
         <load_address>0x80d0</load_address>
         <run_address>0x80d0</run_address>
         <size>0x4</size>
         <input_file_ref idref="fl-ca"/>
      </object_component>
      <object_component id="oc-a0">
         <name>.text:_system_pre_init</name>
         <load_address>0x80d4</load_address>
         <run_address>0x80d4</run_address>
         <size>0x4</size>
         <input_file_ref idref="fl-fb"/>
      </object_component>
      <object_component id="oc-138">
         <name>.text:abort:abort</name>
         <load_address>0x80d8</load_address>
         <run_address>0x80d8</run_address>
         <size>0x4</size>
         <input_file_ref idref="fl-e3"/>
      </object_component>
      <object_component id="oc-19f">
         <name>.const:ASCII</name>
         <load_address>0x80e0</load_address>
         <run_address>0x80e0</run_address>
         <size>0x1e0</size>
         <input_file_ref idref="fl-a"/>
      </object_component>
      <object_component id="oc-51c">
         <name>.const:.string:_ctypes_</name>
         <load_address>0x82c0</load_address>
         <run_address>0x82c0</run_address>
         <size>0x101</size>
         <input_file_ref idref="fl-e7"/>
      </object_component>
      <object_component id="oc-261">
         <name>.const:.string:NPI_GetStatus</name>
         <load_address>0x83c1</load_address>
         <run_address>0x83c1</run_address>
         <size>0x6</size>
         <input_file_ref idref="fl-2"/>
      </object_component>
      <object_component id="oc-2d9">
         <name>.const:$O1$$</name>
         <load_address>0x83c8</load_address>
         <run_address>0x83c8</run_address>
         <size>0x30</size>
         <input_file_ref idref="fl-d1"/>
      </object_component>
      <object_component id="oc-1e7">
         <name>.const:$P$T0$1</name>
         <load_address>0x83f8</load_address>
         <run_address>0x83f8</run_address>
         <size>0x14</size>
         <input_file_ref idref="fl-8"/>
      </object_component>
      <object_component id="oc-1ea">
         <name>.const:$P$T1$2</name>
         <load_address>0x840c</load_address>
         <run_address>0x840c</run_address>
         <size>0x14</size>
         <input_file_ref idref="fl-8"/>
      </object_component>
      <object_component id="oc-25b">
         <name>.const:.string:NPI_StartAdvertisement</name>
         <load_address>0x8420</load_address>
         <run_address>0x8420</run_address>
         <size>0x14</size>
         <input_file_ref idref="fl-2"/>
      </object_component>
      <object_component id="oc-255">
         <name>.const:.string:NPI_SetAdvertisement1</name>
         <load_address>0x8434</load_address>
         <run_address>0x8434</run_address>
         <size>0x11</size>
         <input_file_ref idref="fl-2"/>
      </object_component>
      <object_component id="oc-23a">
         <name>.const:.string:HCI_EXT_ResetSystemCmd</name>
         <load_address>0x8445</load_address>
         <run_address>0x8445</run_address>
         <size>0x9</size>
         <input_file_ref idref="fl-2"/>
      </object_component>
      <object_component id="oc-1a5">
         <name>.const:.string:postmask</name>
         <load_address>0x844e</load_address>
         <run_address>0x844e</run_address>
         <size>0x8</size>
         <input_file_ref idref="fl-a"/>
      </object_component>
      <object_component id="oc-1a2">
         <name>.const:.string:premask</name>
         <load_address>0x8456</load_address>
         <run_address>0x8456</run_address>
         <size>0x8</size>
         <input_file_ref idref="fl-a"/>
      </object_component>
      <object_component id="oc-264">
         <name>.const:.string:NPI_GetVersion</name>
         <load_address>0x845e</load_address>
         <run_address>0x845e</run_address>
         <size>0x6</size>
         <input_file_ref idref="fl-2"/>
      </object_component>
      <object_component id="oc-242">
         <name>.const:.string:NPI_Register</name>
         <load_address>0x8464</load_address>
         <run_address>0x8464</run_address>
         <size>0x6</size>
         <input_file_ref idref="fl-2"/>
      </object_component>
      <object_component id="oc-19a">
         <name>.const:.string:init5</name>
         <load_address>0x846a</load_address>
         <run_address>0x846a</run_address>
         <size>0x6</size>
         <input_file_ref idref="fl-a"/>
      </object_component>
      <object_component id="oc-1a8">
         <name>.const:.string:dlist1</name>
         <load_address>0x8470</load_address>
         <run_address>0x8470</run_address>
         <size>0x5</size>
         <input_file_ref idref="fl-a"/>
      </object_component>
      <object_component id="oc-18e">
         <name>.const:.string:init1</name>
         <load_address>0x8475</load_address>
         <run_address>0x8475</run_address>
         <size>0x4</size>
         <input_file_ref idref="fl-a"/>
      </object_component>
      <object_component id="oc-191">
         <name>.const:.string:init2</name>
         <load_address>0x8479</load_address>
         <run_address>0x8479</run_address>
         <size>0x4</size>
         <input_file_ref idref="fl-a"/>
      </object_component>
      <object_component id="oc-194">
         <name>.const:.string:init3</name>
         <load_address>0x847d</load_address>
         <run_address>0x847d</run_address>
         <size>0x4</size>
         <input_file_ref idref="fl-a"/>
      </object_component>
      <object_component id="oc-197">
         <name>.const:.string:init4b</name>
         <load_address>0x8481</load_address>
         <run_address>0x8481</run_address>
         <size>0x3</size>
         <input_file_ref idref="fl-a"/>
      </object_component>
      <object_component id="oc-1ae">
         <name>.const:.string:scrollList1b</name>
         <load_address>0x8484</load_address>
         <run_address>0x8484</run_address>
         <size>0x3</size>
         <input_file_ref idref="fl-a"/>
      </object_component>
      <object_component id="oc-1b4">
         <name>.const:.string:scrollList2b</name>
         <load_address>0x8487</load_address>
         <run_address>0x8487</run_address>
         <size>0x3</size>
         <input_file_ref idref="fl-a"/>
      </object_component>
      <object_component id="oc-1ab">
         <name>.const:.string:scrollList1a</name>
         <load_address>0x848a</load_address>
         <run_address>0x848a</run_address>
         <size>0x2</size>
         <input_file_ref idref="fl-a"/>
      </object_component>
      <object_component id="oc-1b1">
         <name>.const:.string:scrollList2a</name>
         <load_address>0x848c</load_address>
         <run_address>0x848c</run_address>
         <size>0x2</size>
         <input_file_ref idref="fl-a"/>
      </object_component>
      <object_component id="oc-1b7">
         <name>.const:.string:scrollList3a</name>
         <load_address>0x848e</load_address>
         <run_address>0x848e</run_address>
         <size>0x2</size>
         <input_file_ref idref="fl-a"/>
      </object_component>
      <object_component id="oc-1ba">
         <name>.const:.string:scrollList3b</name>
         <load_address>0x8490</load_address>
         <run_address>0x8490</run_address>
         <size>0x2</size>
         <input_file_ref idref="fl-a"/>
      </object_component>
      <object_component id="oc-1bd">
         <name>.const:.string:scrollList3c</name>
         <load_address>0x8492</load_address>
         <run_address>0x8492</run_address>
         <size>0x2</size>
         <input_file_ref idref="fl-a"/>
      </object_component>
      <object_component id="oc-1c0">
         <name>.const:.string:scrollList4a</name>
         <load_address>0x8494</load_address>
         <run_address>0x8494</run_address>
         <size>0x2</size>
         <input_file_ref idref="fl-a"/>
      </object_component>
      <object_component id="oc-1c3">
         <name>.const:.string:scrollList4b</name>
         <load_address>0x8496</load_address>
         <run_address>0x8496</run_address>
         <size>0x2</size>
         <input_file_ref idref="fl-a"/>
      </object_component>
      <object_component id="oc-1c6">
         <name>.const:.string:scrollList4c</name>
         <load_address>0x8498</load_address>
         <run_address>0x8498</run_address>
         <size>0x2</size>
         <input_file_ref idref="fl-a"/>
      </object_component>
      <object_component id="oc-626">
         <name>.cinit..data.load</name>
         <load_address>0x84a0</load_address>
         <run_address>0x84a0</run_address>
         <size>0x119</size>
      </object_component>
      <object_component id="oc-624">
         <name>__TI_handler_table</name>
         <load_address>0x85bc</load_address>
         <run_address>0x85bc</run_address>
         <size>0xc</size>
      </object_component>
      <object_component id="oc-627">
         <name>.cinit..bss.load</name>
         <load_address>0x85c8</load_address>
         <run_address>0x85c8</run_address>
         <size>0x8</size>
      </object_component>
      <object_component id="oc-625">
         <name>__TI_cinit_table</name>
         <load_address>0x85d0</load_address>
         <run_address>0x85d0</run_address>
         <size>0x10</size>
      </object_component>
      <object_component id="oc-5f8">
         <name>.binit</name>
         <load_address>0x0</load_address>
         <run_address>0x0</run_address>
         <size>0x0</size>
      </object_component>
      <object_component id="oc-23f">
         <name>.data:NPI_AddService</name>
         <load_address>0x20000f18</load_address>
         <run_address>0x20000f18</run_address>
         <size>0x9</size>
         <input_file_ref idref="fl-2"/>
      </object_component>
      <object_component id="oc-252">
         <name>.data:NPI_GATTSetDeviceName</name>
         <load_address>0x20000e8c</load_address>
         <run_address>0x20000e8c</run_address>
         <size>0x1c</size>
         <input_file_ref idref="fl-2"/>
      </object_component>
      <object_component id="oc-258">
         <name>.data:NPI_SetAdvertisementData</name>
         <load_address>0x20000e28</load_address>
         <run_address>0x20000e28</run_address>
         <size>0x25</size>
         <input_file_ref idref="fl-2"/>
      </object_component>
      <object_component id="oc-25e">
         <name>.data:NPI_SetAdvertisementDataJacki</name>
         <load_address>0x20000e6d</load_address>
         <run_address>0x20000e6d</run_address>
         <size>0x1f</size>
         <input_file_ref idref="fl-2"/>
      </object_component>
      <object_component id="oc-26a">
         <name>.data:NPI_ReadConfirmation</name>
         <load_address>0x20000ec0</load_address>
         <run_address>0x20000ec0</run_address>
         <size>0x15</size>
         <input_file_ref idref="fl-2"/>
      </object_component>
      <object_component id="oc-267">
         <name>.data:NPI_WriteConfirmation</name>
         <load_address>0x20000f2a</load_address>
         <run_address>0x20000f2a</run_address>
         <size>0x9</size>
         <input_file_ref idref="fl-2"/>
      </object_component>
      <object_component id="oc-26d">
         <name>.data:NPI_CCCDUpdatedConfirmation</name>
         <load_address>0x20000f21</load_address>
         <run_address>0x20000f21</run_address>
         <size>0x9</size>
         <input_file_ref idref="fl-2"/>
      </object_component>
      <object_component id="oc-24f">
         <name>.data:NPI_SendNotificationIndication</name>
         <load_address>0x20000ed5</load_address>
         <run_address>0x20000ed5</run_address>
         <size>0x14</size>
         <input_file_ref idref="fl-2"/>
      </object_component>
      <object_component id="oc-248">
         <name>.data:NPI_AddCharValue</name>
         <load_address>0x20000efc</load_address>
         <run_address>0x20000efc</run_address>
         <size>0xe</size>
         <input_file_ref idref="fl-2"/>
      </object_component>
      <object_component id="oc-24b">
         <name>.data:NPI_AddCharDescriptor</name>
         <load_address>0x20000e4d</load_address>
         <run_address>0x20000e4d</run_address>
         <size>0x20</size>
         <input_file_ref idref="fl-2"/>
      </object_component>
      <object_component id="oc-245">
         <name>.data</name>
         <load_address>0x20000f44</load_address>
         <run_address>0x20000f44</run_address>
         <size>0x8</size>
         <input_file_ref idref="fl-2"/>
      </object_component>
      <object_component id="oc-1df">
         <name>.data</name>
         <load_address>0x20000ea8</load_address>
         <run_address>0x20000ea8</run_address>
         <size>0x18</size>
         <input_file_ref idref="fl-5"/>
      </object_component>
      <object_component id="oc-1c9">
         <name>.data</name>
         <load_address>0x20000f4c</load_address>
         <run_address>0x20000f4c</run_address>
         <size>0x4</size>
         <input_file_ref idref="fl-a"/>
      </object_component>
      <object_component id="oc-176">
         <name>.data</name>
         <load_address>0x20000f60</load_address>
         <run_address>0x20000f60</run_address>
         <size>0x4</size>
         <input_file_ref idref="fl-10"/>
      </object_component>
      <object_component id="oc-328">
         <name>.data</name>
         <load_address>0x20000f58</load_address>
         <run_address>0x20000f58</run_address>
         <size>0x4</size>
         <input_file_ref idref="fl-cc"/>
      </object_component>
      <object_component id="oc-27c">
         <name>.data:$O1$$</name>
         <load_address>0x20000f0c</load_address>
         <run_address>0x20000f0c</run_address>
         <size>0xc</size>
         <input_file_ref idref="fl-e3"/>
      </object_component>
      <object_component id="oc-27f">
         <name>.data:$O1$$</name>
         <load_address>0x20000f34</load_address>
         <run_address>0x20000f34</run_address>
         <size>0x8</size>
         <input_file_ref idref="fl-e4"/>
      </object_component>
      <object_component id="oc-20c">
         <name>.data:_ftable</name>
         <load_address>0x20000c70</load_address>
         <run_address>0x20000c70</run_address>
         <size>0xf0</size>
         <input_file_ref idref="fl-e8"/>
      </object_component>
      <object_component id="oc-329">
         <name>.data</name>
         <load_address>0x20000eec</load_address>
         <run_address>0x20000eec</run_address>
         <size>0x10</size>
         <input_file_ref idref="fl-e8"/>
      </object_component>
      <object_component id="oc-50c">
         <name>.data:$O1$$</name>
         <load_address>0x20000f3c</load_address>
         <run_address>0x20000f3c</run_address>
         <size>0x8</size>
         <input_file_ref idref="fl-eb"/>
      </object_component>
      <object_component id="oc-3b5">
         <name>.data</name>
         <load_address>0x20000f54</load_address>
         <run_address>0x20000f54</run_address>
         <size>0x4</size>
         <input_file_ref idref="fl-ee"/>
      </object_component>
      <object_component id="oc-31d">
         <name>.data:_device</name>
         <load_address>0x20000d60</load_address>
         <run_address>0x20000d60</run_address>
         <size>0x78</size>
         <input_file_ref idref="fl-f1"/>
      </object_component>
      <object_component id="oc-4f9">
         <name>.data:_stream</name>
         <load_address>0x20000dd8</load_address>
         <run_address>0x20000dd8</run_address>
         <size>0x50</size>
         <input_file_ref idref="fl-f1"/>
      </object_component>
      <object_component id="oc-4f8">
         <name>.data</name>
         <load_address>0x20000f5c</load_address>
         <run_address>0x20000f5c</run_address>
         <size>0x4</size>
         <input_file_ref idref="fl-f2"/>
      </object_component>
      <object_component id="oc-31c">
         <name>.data</name>
         <load_address>0x20000f50</load_address>
         <run_address>0x20000f50</run_address>
         <size>0x4</size>
         <input_file_ref idref="fl-f3"/>
      </object_component>
      <object_component id="oc-57c">
         <name>.bss:_CIOBUF_</name>
         <uninitialized>true</uninitialized>
         <run_address>0x20000400</run_address>
         <size>0x120</size>
         <input_file_ref idref="fl-107"/>
      </object_component>
      <object_component id="oc-239">
         <name>.common:RecvBuf</name>
         <uninitialized>true</uninitialized>
         <run_address>0x20000760</run_address>
         <size>0x80</size>
      </object_component>
      <object_component id="oc-237">
         <name>.common:fcserr</name>
         <uninitialized>true</uninitialized>
         <run_address>0x2000085c</run_address>
         <size>0x4</size>
      </object_component>
      <object_component id="oc-23d">
         <name>.common:TimeOutErr</name>
         <uninitialized>true</uninitialized>
         <run_address>0x20000854</run_address>
         <size>0x4</size>
      </object_component>
      <object_component id="oc-238">
         <name>.common:NoSOFErr</name>
         <uninitialized>true</uninitialized>
         <run_address>0x20000844</run_address>
         <size>0x4</size>
      </object_component>
      <object_component id="oc-24e">
         <name>.common:CharacteristicList</name>
         <uninitialized>true</uninitialized>
         <run_address>0x20000620</run_address>
         <size>0xa0</size>
      </object_component>
      <object_component id="oc-23e">
         <name>.common:NotifyCharacteristicList</name>
         <uninitialized>true</uninitialized>
         <run_address>0x200007e0</run_address>
         <size>0x50</size>
      </object_component>
      <object_component id="oc-128">
         <name>.common:BT_ByteData</name>
         <uninitialized>true</uninitialized>
         <run_address>0x2000086c</run_address>
         <size>0x1</size>
      </object_component>
      <object_component id="oc-d7">
         <name>.common:count</name>
         <uninitialized>true</uninitialized>
         <run_address>0x20000858</run_address>
         <size>0x4</size>
      </object_component>
      <object_component id="oc-19e">
         <name>.common:buffer</name>
         <uninitialized>true</uninitialized>
         <run_address>0x20000000</run_address>
         <size>0x400</size>
      </object_component>
      <object_component id="oc-18b">
         <name>.common:vccstate</name>
         <uninitialized>true</uninitialized>
         <run_address>0x20000864</run_address>
         <size>0x4</size>
      </object_component>
      <object_component id="oc-19d">
         <name>.common:rotation</name>
         <uninitialized>true</uninitialized>
         <run_address>0x20000860</run_address>
         <size>0x4</size>
      </object_component>
      <object_component id="oc-1cc">
         <name>.common:StartX</name>
         <uninitialized>true</uninitialized>
         <run_address>0x20000868</run_address>
         <size>0x2</size>
      </object_component>
      <object_component id="oc-1cd">
         <name>.common:StartY</name>
         <uninitialized>true</uninitialized>
         <run_address>0x2000086a</run_address>
         <size>0x2</size>
      </object_component>
      <object_component id="oc-1f3">
         <name>.common:Messageindexb</name>
         <uninitialized>true</uninitialized>
         <run_address>0x20000840</run_address>
         <size>0x4</size>
      </object_component>
      <object_component id="oc-1f0">
         <name>.common:Messageb</name>
         <uninitialized>true</uninitialized>
         <run_address>0x20000830</run_address>
         <size>0x8</size>
      </object_component>
      <object_component id="oc-bf">
         <name>.common:RxPutI</name>
         <uninitialized>true</uninitialized>
         <run_address>0x20000850</run_address>
         <size>0x4</size>
      </object_component>
      <object_component id="oc-c2">
         <name>.common:RxGetI</name>
         <uninitialized>true</uninitialized>
         <run_address>0x2000084c</run_address>
         <size>0x4</size>
      </object_component>
      <object_component id="oc-c3">
         <name>.common:RxFifoLost</name>
         <uninitialized>true</uninitialized>
         <run_address>0x20000848</run_address>
         <size>0x4</size>
      </object_component>
      <object_component id="oc-c4">
         <name>.common:RxFIFO</name>
         <uninitialized>true</uninitialized>
         <run_address>0x20000520</run_address>
         <size>0x100</size>
      </object_component>
      <object_component id="oc-437">
         <name>.common:__TI_tmpnams</name>
         <uninitialized>true</uninitialized>
         <run_address>0x200006c0</run_address>
         <size>0xa0</size>
      </object_component>
      <object_component id="oc-4d5">
         <name>.common:parmbuf</name>
         <uninitialized>true</uninitialized>
         <run_address>0x20000838</run_address>
         <size>0x8</size>
      </object_component>
      <object_component id="oc-29">
         <name>.sysmem</name>
         <uninitialized>true</uninitialized>
         <run_address>0x20000870</run_address>
         <size>0x10</size>
         <input_file_ref idref="fl-eb"/>
      </object_component>
      <object_component id="oc-62a">
         <name>.sysmem</name>
         <uninitialized>true</uninitialized>
         <run_address>0x20000870</run_address>
         <size>0x0</size>
      </object_component>
      <object_component id="oc-2c">
         <name>.stack</name>
         <uninitialized>true</uninitialized>
         <run_address>0x2000fe00</run_address>
         <size>0x4</size>
         <input_file_ref idref="fl-ef"/>
      </object_component>
      <object_component id="oc-629">
         <name>.stack</name>
         <uninitialized>true</uninitialized>
         <run_address>0x2000fe00</run_address>
         <size>0x0</size>
      </object_component>
      <object_component id="oc-1e5">
         <name>.debug_info</name>
         <load_address>0x0</load_address>
         <run_address>0x0</run_address>
         <size>0x90d</size>
         <input_file_ref idref="fl-2"/>
      </object_component>
      <object_component id="oc-23b">
         <name>.debug_info</name>
         <load_address>0x90d</load_address>
         <run_address>0x90d</run_address>
         <size>0xe5</size>
         <input_file_ref idref="fl-2"/>
      </object_component>
      <object_component id="oc-262">
         <name>.debug_info</name>
         <load_address>0x9f2</load_address>
         <run_address>0x9f2</run_address>
         <size>0xd3</size>
         <input_file_ref idref="fl-2"/>
      </object_component>
      <object_component id="oc-265">
         <name>.debug_info</name>
         <load_address>0xac5</load_address>
         <run_address>0xac5</run_address>
         <size>0xd5</size>
         <input_file_ref idref="fl-2"/>
      </object_component>
      <object_component id="oc-240">
         <name>.debug_info</name>
         <load_address>0xb9a</load_address>
         <run_address>0xb9a</run_address>
         <size>0xd5</size>
         <input_file_ref idref="fl-2"/>
      </object_component>
      <object_component id="oc-243">
         <name>.debug_info</name>
         <load_address>0xc6f</load_address>
         <run_address>0xc6f</run_address>
         <size>0xd1</size>
         <input_file_ref idref="fl-2"/>
      </object_component>
      <object_component id="oc-256">
         <name>.debug_info</name>
         <load_address>0xd40</load_address>
         <run_address>0xd40</run_address>
         <size>0xe3</size>
         <input_file_ref idref="fl-2"/>
      </object_component>
      <object_component id="oc-253">
         <name>.debug_info</name>
         <load_address>0xe23</load_address>
         <run_address>0xe23</run_address>
         <size>0xe3</size>
         <input_file_ref idref="fl-2"/>
      </object_component>
      <object_component id="oc-259">
         <name>.debug_info</name>
         <load_address>0xf06</load_address>
         <run_address>0xf06</run_address>
         <size>0xe9</size>
         <input_file_ref idref="fl-2"/>
      </object_component>
      <object_component id="oc-25f">
         <name>.debug_info</name>
         <load_address>0xfef</load_address>
         <run_address>0xfef</run_address>
         <size>0xf3</size>
         <input_file_ref idref="fl-2"/>
      </object_component>
      <object_component id="oc-25c">
         <name>.debug_info</name>
         <load_address>0x10e2</load_address>
         <run_address>0x10e2</run_address>
         <size>0xe5</size>
         <input_file_ref idref="fl-2"/>
      </object_component>
      <object_component id="oc-26b">
         <name>.debug_info</name>
         <load_address>0x11c7</load_address>
         <run_address>0x11c7</run_address>
         <size>0xe1</size>
         <input_file_ref idref="fl-2"/>
      </object_component>
      <object_component id="oc-268">
         <name>.debug_info</name>
         <load_address>0x12a8</load_address>
         <run_address>0x12a8</run_address>
         <size>0xe3</size>
         <input_file_ref idref="fl-2"/>
      </object_component>
      <object_component id="oc-26e">
         <name>.debug_info</name>
         <load_address>0x138b</load_address>
         <run_address>0x138b</run_address>
         <size>0xef</size>
         <input_file_ref idref="fl-2"/>
      </object_component>
      <object_component id="oc-250">
         <name>.debug_info</name>
         <load_address>0x147a</load_address>
         <run_address>0x147a</run_address>
         <size>0xf5</size>
         <input_file_ref idref="fl-2"/>
      </object_component>
      <object_component id="oc-249">
         <name>.debug_info</name>
         <load_address>0x156f</load_address>
         <run_address>0x156f</run_address>
         <size>0xd9</size>
         <input_file_ref idref="fl-2"/>
      </object_component>
      <object_component id="oc-24c">
         <name>.debug_info</name>
         <load_address>0x1648</load_address>
         <run_address>0x1648</run_address>
         <size>0xe4</size>
         <input_file_ref idref="fl-2"/>
      </object_component>
      <object_component id="oc-246">
         <name>.debug_info</name>
         <load_address>0x172c</load_address>
         <run_address>0x172c</run_address>
         <size>0x124</size>
         <input_file_ref idref="fl-2"/>
      </object_component>
      <object_component id="oc-11e">
         <name>.debug_info</name>
         <load_address>0x1850</load_address>
         <run_address>0x1850</run_address>
         <size>0x15e5</size>
         <input_file_ref idref="fl-2"/>
      </object_component>
      <object_component id="oc-17c">
         <name>.debug_info</name>
         <load_address>0x2e35</load_address>
         <run_address>0x2e35</run_address>
         <size>0x37e2</size>
         <input_file_ref idref="fl-2"/>
      </object_component>
      <object_component id="oc-dd">
         <name>.debug_info</name>
         <load_address>0x6617</load_address>
         <run_address>0x6617</run_address>
         <size>0x26b</size>
         <input_file_ref idref="fl-2"/>
      </object_component>
      <object_component id="oc-181">
         <name>.debug_info</name>
         <load_address>0x6882</load_address>
         <run_address>0x6882</run_address>
         <size>0x1055</size>
         <input_file_ref idref="fl-2"/>
      </object_component>
      <object_component id="oc-2f9">
         <name>.debug_info</name>
         <load_address>0x78d7</load_address>
         <run_address>0x78d7</run_address>
         <size>0x155</size>
         <input_file_ref idref="fl-2"/>
      </object_component>
      <object_component id="oc-35">
         <name>.debug_info</name>
         <load_address>0x7a2c</load_address>
         <run_address>0x7a2c</run_address>
         <size>0x84</size>
         <input_file_ref idref="fl-2"/>
      </object_component>
      <object_component id="oc-186">
         <name>.debug_info</name>
         <load_address>0x7ab0</load_address>
         <run_address>0x7ab0</run_address>
         <size>0x2a4</size>
         <input_file_ref idref="fl-2"/>
      </object_component>
      <object_component id="oc-c6">
         <name>.debug_info</name>
         <load_address>0x7d54</load_address>
         <run_address>0x7d54</run_address>
         <size>0xbb</size>
         <input_file_ref idref="fl-2"/>
      </object_component>
      <object_component id="oc-129">
         <name>.debug_info</name>
         <load_address>0x7e0f</load_address>
         <run_address>0x7e0f</run_address>
         <size>0x63d</size>
         <input_file_ref idref="fl-3"/>
      </object_component>
      <object_component id="oc-79">
         <name>.debug_info</name>
         <load_address>0x844c</load_address>
         <run_address>0x844c</run_address>
         <size>0x1f2</size>
         <input_file_ref idref="fl-3"/>
      </object_component>
      <object_component id="oc-d8">
         <name>.debug_info</name>
         <load_address>0x863e</load_address>
         <run_address>0x863e</run_address>
         <size>0x720</size>
         <input_file_ref idref="fl-4"/>
      </object_component>
      <object_component id="oc-123">
         <name>.debug_info</name>
         <load_address>0x8d5e</load_address>
         <run_address>0x8d5e</run_address>
         <size>0x27f</size>
         <input_file_ref idref="fl-4"/>
      </object_component>
      <object_component id="oc-133">
         <name>.debug_info</name>
         <load_address>0x8fdd</load_address>
         <run_address>0x8fdd</run_address>
         <size>0x8b</size>
         <input_file_ref idref="fl-4"/>
      </object_component>
      <object_component id="oc-272">
         <name>.debug_info</name>
         <load_address>0x9068</load_address>
         <run_address>0x9068</run_address>
         <size>0x5a</size>
         <input_file_ref idref="fl-4"/>
      </object_component>
      <object_component id="oc-1e0">
         <name>.debug_info</name>
         <load_address>0x90c2</load_address>
         <run_address>0x90c2</run_address>
         <size>0x17f</size>
         <input_file_ref idref="fl-5"/>
      </object_component>
      <object_component id="oc-d4">
         <name>.debug_info</name>
         <load_address>0x9241</load_address>
         <run_address>0x9241</run_address>
         <size>0x2a3</size>
         <input_file_ref idref="fl-5"/>
      </object_component>
      <object_component id="oc-105">
         <name>.debug_info</name>
         <load_address>0x94e4</load_address>
         <run_address>0x94e4</run_address>
         <size>0x264</size>
         <input_file_ref idref="fl-6"/>
      </object_component>
      <object_component id="oc-235">
         <name>.debug_info</name>
         <load_address>0x9748</load_address>
         <run_address>0x9748</run_address>
         <size>0xf7</size>
         <input_file_ref idref="fl-7"/>
      </object_component>
      <object_component id="oc-1ee">
         <name>.debug_info</name>
         <load_address>0x983f</load_address>
         <run_address>0x983f</run_address>
         <size>0x788</size>
         <input_file_ref idref="fl-8"/>
      </object_component>
      <object_component id="oc-1e8">
         <name>.debug_info</name>
         <load_address>0x9fc7</load_address>
         <run_address>0x9fc7</run_address>
         <size>0xcf</size>
         <input_file_ref idref="fl-8"/>
      </object_component>
      <object_component id="oc-1eb">
         <name>.debug_info</name>
         <load_address>0xa096</load_address>
         <run_address>0xa096</run_address>
         <size>0xcf</size>
         <input_file_ref idref="fl-8"/>
      </object_component>
      <object_component id="oc-100">
         <name>.debug_info</name>
         <load_address>0xa165</load_address>
         <run_address>0xa165</run_address>
         <size>0x6ab</size>
         <input_file_ref idref="fl-8"/>
      </object_component>
      <object_component id="oc-304">
         <name>.debug_info</name>
         <load_address>0xa810</load_address>
         <run_address>0xa810</run_address>
         <size>0x37e2</size>
         <input_file_ref idref="fl-8"/>
      </object_component>
      <object_component id="oc-30b">
         <name>.debug_info</name>
         <load_address>0xdff2</load_address>
         <run_address>0xdff2</run_address>
         <size>0xcc</size>
         <input_file_ref idref="fl-8"/>
      </object_component>
      <object_component id="oc-369">
         <name>.debug_info</name>
         <load_address>0xe0be</load_address>
         <run_address>0xe0be</run_address>
         <size>0x2c</size>
         <input_file_ref idref="fl-8"/>
      </object_component>
      <object_component id="oc-111">
         <name>.debug_info</name>
         <load_address>0xe0ea</load_address>
         <run_address>0xe0ea</run_address>
         <size>0x4ad</size>
         <input_file_ref idref="fl-9"/>
      </object_component>
      <object_component id="oc-18c">
[...]
      <symbol id="sm-a9e">
         <name>__aeabi_ddiv</name>
         <value>0x63fd</value>
         <object_component_ref idref="oc-220"/>
      </symbol>
      <symbol id="sm-aa9">
         <name>__aeabi_dmul</name>
         <value>0x6a8d</value>
         <object_component_ref idref="oc-21b"/>
      </symbol>
      <symbol id="sm-ab3">
         <name>__aeabi_d2iz</name>
         <value>0x7b81</value>
         <object_component_ref idref="oc-1d9"/>
      </symbol>
      <symbol id="sm-abe">
         <name>__aeabi_f2d</name>
         <value>0x7d51</value>
         <object_component_ref idref="oc-216"/>
      </symbol>
      <symbol id="sm-ac8">
         <name>__aeabi_i2d</name>
         <value>0x7ec1</value>
         <object_component_ref idref="oc-1ce"/>
      </symbol>
      <symbol id="sm-ae3">
         <name>memcpy</name>
         <value>0x70cd</value>
         <object_component_ref idref="oc-3a"/>
      </symbol>
      <symbol id="sm-ae4">
         <name>__aeabi_memcpy</name>
         <value>0x70cd</value>
         <object_component_ref idref="oc-3a"/>
      </symbol>
      <symbol id="sm-ae5">
         <name>__aeabi_memcpy8</name>
         <value>0x70cd</value>
         <object_component_ref idref="oc-3a"/>
      </symbol>
      <symbol id="sm-ae6">
         <name>__aeabi_memcpy4</name>
         <value>0x70cd</value>
         <object_component_ref idref="oc-3a"/>
      </symbol>
      <symbol id="sm-af3">
         <name>__aeabi_uldivmod</name>
         <value>0x7169</value>
         <object_component_ref idref="oc-521"/>
      </symbol>
      <symbol id="sm-b02">
         <name>__aeabi_memset</name>
         <value>0x739b</value>
         <object_component_ref idref="oc-9a"/>
      </symbol>
      <symbol id="sm-b03">
         <name>memset</name>
         <value>0x73a1</value>
         <object_component_ref idref="oc-9a"/>
      </symbol>
      <symbol id="sm-b04">
         <name>__aeabi_memset8</name>
         <value>0x739b</value>
         <object_component_ref idref="oc-9a"/>
      </symbol>
      <symbol id="sm-b05">
         <name>__aeabi_memset4</name>
         <value>0x739b</value>
         <object_component_ref idref="oc-9a"/>
      </symbol>
      <symbol id="sm-b06">
         <name>__aeabi_memclr8</name>
         <value>0x7399</value>
         <object_component_ref idref="oc-9a"/>
      </symbol>
      <symbol id="sm-b07">
         <name>__aeabi_memclr4</name>
         <value>0x7399</value>
         <object_component_ref idref="oc-9a"/>
      </symbol>
      <symbol id="sm-b08">
         <name>__aeabi_memclr</name>
         <value>0x7399</value>
         <object_component_ref idref="oc-9a"/>
      </symbol>
      <symbol id="sm-b1a">
         <name>__TI_zero_init</name>
         <value>0x80af</value>
         <object_component_ref idref="oc-4c"/>
      </symbol>
      <symbol id="sm-b31">
         <name>__TI_decompress_none</name>
         <value>0x8093</value>
         <object_component_ref idref="oc-1d"/>
      </symbol>
      <symbol id="sm-b54">
         <name>__TI_decompress_lzss</name>
         <value>0x763d</value>
         <object_component_ref idref="oc-17"/>
      </symbol>
      <symbol id="sm-b7a">
         <name>C$$EXIT</name>
         <value>0x80d9</value>
         <object_component_ref idref="oc-138"/>
      </symbol>
      <symbol id="sm-b7b">
         <name>abort</name>
         <value>0x80d9</value>
         <object_component_ref idref="oc-138"/>
      </symbol>
      <symbol id="sm-b7c">
         <name>__TI_dtors_ptr</name>
         <value>0x20000f10</value>
         <object_component_ref idref="oc-27c"/>
      </symbol>
      <symbol id="sm-b7d">
         <name>__TI_cleanup_ptr</name>
         <value>0x20000f0c</value>
         <object_component_ref idref="oc-27c"/>
      </symbol>
      <symbol id="sm-b7e">
         <name>__TI_enable_exit_profile_output</name>
         <value>0x20000f14</value>
         <object_component_ref idref="oc-27c"/>
      </symbol>
      <symbol id="sm-b7f">
         <name>exit</name>
         <value>0x7b39</value>
         <object_component_ref idref="oc-13e"/>
      </symbol>
      <symbol id="sm-b94">
         <name>_nop</name>
         <value>0x338f</value>
         <object_component_ref idref="oc-393"/>
      </symbol>
      <symbol id="sm-b95">
         <name>_lock</name>
         <value>0x20000f34</value>
         <object_component_ref idref="oc-27f"/>
      </symbol>
      <symbol id="sm-b96">
         <name>_unlock</name>
         <value>0x20000f38</value>
         <object_component_ref idref="oc-27f"/>
      </symbol>
      <symbol id="sm-ba5">
         <name>__TI_ltoa</name>
         <value>0x79fb</value>
         <object_component_ref idref="oc-527"/>
      </symbol>
      <symbol id="sm-bbb">
         <name>atoi</name>
         <value>0x7aed</value>
         <object_component_ref idref="oc-45a"/>
      </symbol>
      <symbol id="sm-bc6">
         <name>_ctypes_</name>
         <value>0x82c0</value>
         <object_component_ref idref="oc-51c"/>
      </symbol>
      <symbol id="sm-bdb">
         <name>__TI_tmpnams</name>
         <value>0x200006c0</value>
      </symbol>
      <symbol id="sm-bdc">
         <name>__aeabi_stdout</name>
         <value>0x20000ef4</value>
         <object_component_ref idref="oc-329"/>
      </symbol>
      <symbol id="sm-bdd">
         <name>__aeabi_stderr</name>
         <value>0x20000ef8</value>
         <object_component_ref idref="oc-329"/>
      </symbol>
      <symbol id="sm-bde">
         <name>__aeabi_stdin</name>
         <value>0x20000ef0</value>
         <object_component_ref idref="oc-329"/>
      </symbol>
      <symbol id="sm-bdf">
         <name>_ftable</name>
         <value>0x20000c70</value>
         <object_component_ref idref="oc-20c"/>
      </symbol>
      <symbol id="sm-be0">
         <name>__TI_ft_end</name>
         <value>0x20000eec</value>
         <object_component_ref idref="oc-329"/>
      </symbol>
      <symbol id="sm-bf0">
         <name>memccpy</name>
         <value>0x7ff5</value>
         <object_component_ref idref="oc-47e"/>
      </symbol>
      <symbol id="sm-c00">
         <name>memchr</name>
         <value>0x7fb9</value>
         <object_component_ref idref="oc-570"/>
      </symbol>
      <symbol id="sm-c84">
         <name>_sys_memory</name>
         <value>0x20000870</value>
         <object_component_ref idref="oc-29"/>
      </symbol>
      <symbol id="sm-c85">
         <name>free</name>
         <value>0x6b89</value>
         <object_component_ref idref="oc-335"/>
      </symbol>
      <symbol id="sm-c86">
         <name>memalign</name>
         <value>0x698d</value>
         <object_component_ref idref="oc-447"/>
      </symbol>
      <symbol id="sm-c87">
         <name>malloc</name>
         <value>0x80c5</value>
         <object_component_ref idref="oc-33b"/>
      </symbol>
      <symbol id="sm-c88">
         <name>aligned_alloc</name>
         <value>0x698d</value>
         <object_component_ref idref="oc-447"/>
      </symbol>
      <symbol id="sm-c98">
         <name>strchr</name>
         <value>0x8043</value>
         <object_component_ref idref="oc-54e"/>
      </symbol>
      <symbol id="sm-ca6">
         <name>strlen</name>
         <value>0x806d</value>
         <object_component_ref idref="oc-454"/>
      </symbol>
      <symbol id="sm-cbc">
         <name>__aeabi_errno_addr</name>
         <value>0x80bd</value>
         <object_component_ref idref="oc-2d3"/>
      </symbol>
      <symbol id="sm-cbd">
         <name>errno</name>
         <value>0x20000f54</value>
         <object_component_ref idref="oc-3b5"/>
      </symbol>
      <symbol id="sm-cd0">
         <name>__stack</name>
         <value>0x2000fe00</value>
         <object_component_ref idref="oc-2c"/>
      </symbol>
      <symbol id="sm-cd1">
         <name>_c_int00_noargs</name>
         <value>0x7e29</value>
         <object_component_ref idref="oc-58"/>
      </symbol>
      <symbol id="sm-ce6">
         <name>write</name>
         <value>0x7f6d</value>
         <object_component_ref idref="oc-4fe"/>
      </symbol>
      <symbol id="sm-cf7">
         <name>_stream</name>
         <value>0x20000dd8</value>
         <object_component_ref idref="oc-4f9"/>
      </symbol>
      <symbol id="sm-cf8">
         <name>_device</name>
         <value>0x20000d60</value>
         <object_component_ref idref="oc-31d"/>
      </symbol>
      <symbol id="sm-d15">
         <name>open</name>
         <value>0x6e09</value>
         <object_component_ref idref="oc-415"/>
      </symbol>
      <symbol id="sm-d35">
         <name>add_device</name>
         <value>0x6ec5</value>
         <object_component_ref idref="oc-1f4"/>
      </symbol>
      <symbol id="sm-d4a">
         <name>__TI_closefile</name>
         <value>0x7415</value>
         <object_component_ref idref="oc-32e"/>
      </symbol>
      <symbol id="sm-d5a">
         <name>__TI_doflush</name>
         <value>0x7aa1</value>
         <object_component_ref idref="oc-425"/>
      </symbol>
      <symbol id="sm-d6c">
         <name>fseek</name>
         <value>0x7771</value>
         <object_component_ref idref="oc-5c7"/>
      </symbol>
      <symbol id="sm-d8a">
         <name>finddevice</name>
         <value>0x7e91</value>
         <object_component_ref idref="oc-310"/>
      </symbol>
      <symbol id="sm-d8b">
         <name>getdevice</name>
         <value>0x7c95</value>
         <object_component_ref idref="oc-4f2"/>
      </symbol>
      <symbol id="sm-d95">
         <name>copysign</name>
         <value>0x8011</value>
         <object_component_ref idref="oc-3be"/>
      </symbol>
      <symbol id="sm-d96">
         <name>copysignl</name>
         <value>0x8011</value>
         <object_component_ref idref="oc-3be"/>
      </symbol>
      <symbol id="sm-da0">
         <name>__aeabi_idiv0</name>
         <value>0x5ce3</value>
         <object_component_ref idref="oc-5a9"/>
      </symbol>
      <symbol id="sm-da1">
         <name>__aeabi_ldiv0</name>
         <value>0x5ce3</value>
         <object_component_ref idref="oc-5a9"/>
      </symbol>
      <symbol id="sm-dc9">
         <name>__TI_auto_init_nobinit_nopinit</name>
         <value>0x7c51</value>
         <object_component_ref idref="oc-144"/>
      </symbol>
      <symbol id="sm-dd3">
         <name>_system_pre_init</name>
         <value>0x80d5</value>
         <object_component_ref idref="oc-a0"/>
      </symbol>
      <symbol id="sm-de4">
         <name>strcmp</name>
         <value>0x802b</value>
         <object_component_ref idref="oc-3d2"/>
      </symbol>
      <symbol id="sm-df4">
         <name>strncpy</name>
         <value>0x7d89</value>
         <object_component_ref idref="oc-316"/>
      </symbol>
      <symbol id="sm-e05">
         <name>HOSTclose</name>
         <value>0x7bc9</value>
         <object_component_ref idref="oc-3e2"/>
      </symbol>
      <symbol id="sm-e16">
         <name>HOSTlseek</name>
         <value>0x75d5</value>
         <object_component_ref idref="oc-3f4"/>
      </symbol>
      <symbol id="sm-e28">
         <name>parmbuf</name>
         <value>0x20000838</value>
      </symbol>
      <symbol id="sm-e29">
         <name>HOSTopen</name>
         <value>0x7839</value>
         <object_component_ref idref="oc-3dc"/>
      </symbol>
      <symbol id="sm-e3a">
         <name>HOSTread</name>
         <value>0x78f5</value>
         <object_component_ref idref="oc-3e8"/>
      </symbol>
      <symbol id="sm-e4b">
         <name>HOSTrename</name>
         <value>0x7569</value>
         <object_component_ref idref="oc-400"/>
      </symbol>
      <symbol id="sm-e5c">
         <name>HOSTunlink</name>
         <value>0x7c0d</value>
         <object_component_ref idref="oc-3fa"/>
      </symbol>
      <symbol id="sm-e6d">
         <name>HOSTwrite</name>
         <value>0x794d</value>
         <object_component_ref idref="oc-3ee"/>
      </symbol>
      <symbol id="sm-e91">
         <name>__TI_readmsg</name>
         <value>0x7df5</value>
         <object_component_ref idref="oc-4cf"/>
      </symbol>
      <symbol id="sm-e92">
         <name>C$$IO$$</name>
         <value>0x7d47</value>
         <object_component_ref idref="oc-4c9"/>
      </symbol>
      <symbol id="sm-e93">
         <name>__CIOBUF_</name>
         <value>0x20000400</value>
         <object_component_ref idref="oc-57c"/>
      </symbol>
      <symbol id="sm-e94">
         <name>__TI_writemsg</name>
         <value>0x7d19</value>
         <object_component_ref idref="oc-4c9"/>
      </symbol>
      <symbol id="sm-ea5">
         <name>lseek</name>
         <value>0x7f45</value>
         <object_component_ref idref="oc-5e5"/>
      </symbol>
      <symbol id="sm-eb9">
         <name>close</name>
         <value>0x7899</value>
         <object_component_ref idref="oc-42b"/>
      </symbol>
      <symbol id="sm-ec7">
         <name>strcpy</name>
         <value>0x8059</value>
         <object_component_ref idref="oc-4e3"/>
      </symbol>
      <symbol id="sm-ed7">
         <name>unlink</name>
         <value>0x7ef1</value>
         <object_component_ref idref="oc-431"/>
      </symbol>
      <symbol id="sm-ed8">
         <name>__TI_static_base__</name>
         <value>0x0</value>
      </symbol>
      <symbol id="sm-edb">
         <name>__mpu_init</name>
         <value>0x0</value>
      </symbol>
      <symbol id="sm-edc">
         <name>_system_post_cinit</name>
         <value>0x0</value>
      </symbol>
      <symbol id="sm-edd">
         <name>NMI_Handler</name>
         <value>0x80ad</value>
      </symbol>
      <symbol id="sm-ede">
         <name>HardFault_Handler</name>
         <value>0x80ad</value>
      </symbol>
      <symbol id="sm-edf">
         <name>MemManage_Handler</name>
         <value>0x80ad</value>
      </symbol>
      <symbol id="sm-ee0">
         <name>BusFault_Handler</name>
         <value>0x80ad</value>
      </symbol>
      <symbol id="sm-ee1">
         <name>UsageFault_Handler</name>
         <value>0x80ad</value>
      </symbol>
      <symbol id="sm-ee2">
         <name>SVC_Handler</name>
         <value>0x80ad</value>
      </symbol>
      <symbol id="sm-ee3">
         <name>DebugMon_Handler</name>
         <value>0x80ad</value>
      </symbol>
      <symbol id="sm-ee4">
         <name>PendSV_Handler</name>
         <value>0x80ad</value>
      </symbol>
      <symbol id="sm-ee5">
         <name>SysTick_Handler</name>
         <value>0x80ad</value>
      </symbol>
      <symbol id="sm-ee6">
         <name>PSS_IRQHandler</name>
         <value>0x80ad</value>
      </symbol>
      <symbol id="sm-ee7">
         <name>CS_IRQHandler</name>
         <value>0x80ad</value>
      </symbol>
      <symbol id="sm-ee8">
         <name>PCM_IRQHandler</name>
         <value>0x80ad</value>
      </symbol>
      <symbol id="sm-ee9">
         <name>WDT_A_IRQHandler</name>
         <value>0x80ad</value>
      </symbol>
      <symbol id="sm-eea">
         <name>FPU_IRQHandler</name>
         <value>0x80ad</value>
      </symbol>
      <symbol id="sm-eeb">
         <name>FLCTL_IRQHandler</name>
         <value>0x80ad</value>
      </symbol>
      <symbol id="sm-eec">
         <name>COMP_E0_IRQHandler</name>
         <value>0x80ad</value>
      </symbol>
      <symbol id="sm-eed">
         <name>COMP_E1_IRQHandler</name>
         <value>0x80ad</value>
      </symbol>
      <symbol id="sm-eee">
         <name>TA0_0_IRQHandler</name>
         <value>0x80ad</value>
      </symbol>
      <symbol id="sm-eef">
         <name>TA0_N_IRQHandler</name>
         <value>0x80ad</value>
      </symbol>
      <symbol id="sm-ef0">
         <name>TA1_0_IRQHandler</name>
         <value>0x80ad</value>
      </symbol>
      <symbol id="sm-ef1">
         <name>TA1_N_IRQHandler</name>
         <value>0x80ad</value>
      </symbol>
      <symbol id="sm-ef2">
         <name>TA2_0_IRQHandler</name>
         <value>0x80ad</value>
      </symbol>
      <symbol id="sm-ef3">
         <name>TA2_N_IRQHandler</name>
         <value>0x80ad</value>
      </symbol>
      <symbol id="sm-ef4">
         <name>TA3_0_IRQHandler</name>
         <value>0x80ad</value>
      </symbol>
      <symbol id="sm-ef5">
         <name>TA3_N_IRQHandler</name>
         <value>0x80ad</value>
      </symbol>
      <symbol id="sm-ef6">
         <name>EUSCIA0_IRQHandler</name>
         <value>0x80ad</value>
      </symbol>
      <symbol id="sm-ef7">
         <name>EUSCIA1_IRQHandler</name>
         <value>0x80ad</value>
      </symbol>
      <symbol id="sm-ef8">
         <name>EUSCIA2_IRQHandler</name>
         <value>0x5e0d</value>
      </symbol>
      <symbol id="sm-ef9">
         <name>EUSCIA3_IRQHandler</name>
         <value>0x80ad</value>
      </symbol>
      <symbol id="sm-efa">
         <name>EUSCIB0_IRQHandler</name>
         <value>0x80ad</value>
      </symbol>
      <symbol id="sm-efb">
         <name>EUSCIB1_IRQHandler</name>
         <value>0x80ad</value>
      </symbol>
      <symbol id="sm-efc">
         <name>EUSCIB2_IRQHandler</name>
         <value>0x80ad</value>
      </symbol>
      <symbol id="sm-efd">
         <name>EUSCIB3_IRQHandler</name>
         <value>0x80ad</value>
      </symbol>
      <symbol id="sm-efe">
         <name>ADC14_IRQHandler</name>
         <value>0x80ad</value>
      </symbol>
      <symbol id="sm-eff">
         <name>T32_INT1_IRQHandler</name>
         <value>0x80ad</value>
      </symbol>
      <symbol id="sm-f00">
         <name>T32_INT2_IRQHandler</name>
         <value>0x80ad</value>
      </symbol>
      <symbol id="sm-f01">
         <name>T32_INTC_IRQHandler</name>
         <value>0x80ad</value>
      </symbol>
      <symbol id="sm-f02">
         <name>AES256_IRQHandler</name>
         <value>0x80ad</value>
      </symbol>
      <symbol id="sm-f03">
         <name>RTC_C_IRQHandler</name>
         <value>0x80ad</value>
      </symbol>
      <symbol id="sm-f04">
         <name>DMA_ERR_IRQHandler</name>
         <value>0x80ad</value>
      </symbol>
      <symbol id="sm-f05">
         <name>DMA_INT3_IRQHandler</name>
         <value>0x80ad</value>
      </symbol>
      <symbol id="sm-f06">
         <name>DMA_INT2_IRQHandler</name>
         <value>0x80ad</value>
      </symbol>
      <symbol id="sm-f07">
         <name>DMA_INT1_IRQHandler</name>
         <value>0x80ad</value>
      </symbol>
      <symbol id="sm-f08">
         <name>DMA_INT0_IRQHandler</name>
         <value>0x80ad</value>
      </symbol>
      <symbol id="sm-f09">
         <name>PORT1_IRQHandler</name>
         <value>0x80ad</value>
      </symbol>
      <symbol id="sm-f0a">
         <name>PORT2_IRQHandler</name>
         <value>0x80ad</value>
      </symbol>
      <symbol id="sm-f0b">
         <name>PORT3_IRQHandler</name>
         <value>0x80ad</value>
      </symbol>
      <symbol id="sm-f0c">
         <name>PORT4_IRQHandler</name>
         <value>0x6069</value>
      </symbol>
      <symbol id="sm-f0d">
         <name>PORT5_IRQHandler</name>
         <value>0x80ad</value>
      </symbol>
      <symbol id="sm-f0e">
         <name>PORT6_IRQHandler</name>
         <value>0x80ad</value>
      </symbol>
      <symbol id="sm-f0f">
         <name>remove</name>
         <value>0x7ef1</value>
      </symbol>
   </symbol_table>
   <title>Link successful</title>
</link_info>
