******************************************************************************
                  TI ARM Linker PC v20.2.5                     
******************************************************************************
>> Linked Thu Jan 20 14:50:01 2022

OUTPUT FILE NAME:   <Lab2.out>
ENTRY POINT SYMBOL: "_c_int00_noargs"  address: 0000075d


MEMORY CONFIGURATION

         name            origin    length      used     unused   attr    fill
----------------------  --------  ---------  --------  --------  ----  --------
  MAIN                  00000000   00040000  000008d8  0003f728  R  X
  INFO                  00200000   00004000  00000000  00004000  R  X
  SRAM_CODE             01000000   00010000  00000218  0000fde8  RW X
  SRAM_DATA             20000000   00010000  00000218  0000fde8  RW  


SEGMENT ALLOCATION MAP

run origin  load origin   length   init length attrs members
----------  ----------- ---------- ----------- ----- -------
00000000    00000000    000008d8   000008d8    r-x
  00000000    00000000    000000e4   000000e4    r-- .intvecs
  000000e4    000000e4    000006ec   000006ec    r-x .text
  000007d0    000007d0    000000c8   000000c8    r-- .const
  00000898    00000898    00000040   00000040    r-- .cinit
20000000    20000000    00000018   00000000    rw-
  20000000    20000000    00000014   00000000    rw- .data
  20000014    20000014    00000004   00000000    rw- .bss
2000fe00    2000fe00    00000200   00000000    rw-
  2000fe00    2000fe00    00000200   00000000    rw- .stack


SECTION ALLOCATION MAP

 output                                  attributes/
section   page    origin      length       input sections
--------  ----  ----------  ----------   ----------------
.intvecs   0    00000000    000000e4     
                  00000000    000000e4     startup_msp432p401r_ccs.obj (.intvecs:retain)

.text      0    000000e4    000006ec     
                  000000e4    000001e4     Solution.obj (.text)
                  000002c8    000001e4     system_msp432p401r.obj (.text)
                  000004ac    00000168     Lab2_main.obj (.text)
                  00000614    0000009c     rtsv7M4_T_le_v4SPD16_eabi.lib : memcpy_t2.asm.obj (.text)
                  000006b0    00000068                                   : copy_decompress_lzss.c.obj (.text:decompress:lzss:__TI_decompress_lzss)
                  00000718    00000044                                   : autoinit.c.obj (.text:__TI_auto_init_nobinit_nopinit:__TI_auto_init_nobinit_nopinit)
                  0000075c    00000034                                   : boot_cortex_m.c.obj (.text:_c_int00_noargs:_c_int00_noargs)
                  00000790    0000001c                                   : copy_zero_init.c.obj (.text:decompress:ZI:__TI_zero_init_nomemset:__TI_zero_init_nomemset)
                  000007ac    0000000e                                   : copy_decompress_none.c.obj (.text:decompress:none:__TI_decompress_none)
                  000007ba    0000000e     startup_msp432p401r_ccs.obj (.text)
                  000007c8    00000004     rtsv7M4_T_le_v4SPD16_eabi.lib : pre_init.c.obj (.text:_system_pre_init)
                  000007cc    00000004                                   : exit.c.obj (.text:abort:abort)

.const     0    000007d0    000000c8     
                  000007d0    000000c8     Lab2_main.obj (.const:$O1$$)

.cinit     0    00000898    00000040     
                  00000898    00000019     (.cinit..data.load) [load image, compression = lzss]
                  000008b1    00000003     --HOLE-- [fill = 0]
                  000008b4    0000000c     (__TI_handler_table)
                  000008c0    00000008     (.cinit..bss.load) [load image, compression = zero_init]
                  000008c8    00000010     (__TI_cinit_table)

.init_array 
*          0    00000000    00000000     UNINITIALIZED

.binit     0    00000000    00000000     

.data      0    20000000    00000014     UNINITIALIZED
                  20000000    00000010     Solution.obj (.data)
                  20000010    00000004     system_msp432p401r.obj (.data)

.bss       0    20000014    00000004     UNINITIALIZED
                  20000014    00000004     (.common:errors)

.stack     0    2000fe00    00000200     UNINITIALIZED
                  2000fe00    00000004     rtsv7M4_T_le_v4SPD16_eabi.lib : boot_cortex_m.c.obj (.stack)
                  2000fe04    000001fc     --HOLE--

__llvm_prf_cnts 
*          0    20000000    00000000     UNINITIALIZED

MODULE SUMMARY

       Module                        code   ro data   rw data
       ------                        ----   -------   -------
    ..\
       Solution.obj                  484    0         32     
    +--+-----------------------------+------+---------+---------+
       Total:                        484    0         32     
                                                             
    .\
       Lab2_main.obj                 360    200       8      
       system_msp432p401r.obj        484    0         8      
       startup_msp432p401r_ccs.obj   14     228       0      
    +--+-----------------------------+------+---------+---------+
       Total:                        858    428       16     
                                                             
    C:\ti\ccs1040\ccs\tools\compiler\ti-cgt-arm_20.2.5.LTS\lib\rtsv7M4_T_le_v4SPD16_eabi.lib
       memcpy_t2.asm.obj             156    0         0      
       copy_decompress_lzss.c.obj    104    0         0      
       autoinit.c.obj                68     0         0      
       boot_cortex_m.c.obj           52     0         0      
       copy_zero_init.c.obj          28     0         0      
       copy_decompress_none.c.obj    14     0         0      
       exit.c.obj                    4      0         0      
       pre_init.c.obj                4      0         0      
    +--+-----------------------------+------+---------+---------+
       Total:                        430    0         0      
                                                             
       Stack:                        0      0         1024   
       Linker Generated:             0      61        0      
    +--+-----------------------------+------+---------+---------+
       Grand Total:                  1772   489       1072   


LINKER GENERATED COPY TABLES

__TI_cinit_table @ 000008c8 records: 2, size/record: 8, table size: 16
	.data: load addr=00000898, load size=00000019 bytes, run addr=20000000, run size=00000014 bytes, compression=lzss
	.bss: load addr=000008c0, load size=00000008 bytes, run addr=20000014, run size=00000004 bytes, compression=zero_init


LINKER GENERATED HANDLER TABLE

__TI_handler_table @ 000008b4 records: 3, size/record: 4, table size: 12
	index: 0, handler: __TI_decompress_lzss
	index: 1, handler: __TI_decompress_none
	index: 2, handler: __TI_zero_init


GLOBAL SYMBOLS: SORTED ALPHABETICALLY BY Name 

address   name                          
-------   ----                          
000007c7  ADC14_IRQHandler              
000007d0  ADCBuffer                     
000007c7  AES256_IRQHandler             
000007c7  BusFault_Handler              
000007cd  C$$EXIT                       
000007c7  COMP_E0_IRQHandler            
000007c7  COMP_E1_IRQHandler            
000007c7  CS_IRQHandler                 
2000000c  Centermin                     
20000008  Centeropen                    
000004ad  Classify                      
000005eb  Convert                       
00000850  CornerCases                   
000007c7  DMA_ERR_IRQHandler            
000007c7  DMA_INT0_IRQHandler           
000007c7  DMA_INT1_IRQHandler           
000007c7  DMA_INT2_IRQHandler           
000007c7  DMA_INT3_IRQHandler           
000007c7  DebugMon_Handler              
000007c7  Default_Handler               
00000810  DistanceBuffer                
000007c7  EUSCIA0_IRQHandler            
000007c7  EUSCIA1_IRQHandler            
000007c7  EUSCIA2_IRQHandler            
000007c7  EUSCIA3_IRQHandler            
000007c7  EUSCIB0_IRQHandler            
000007c7  EUSCIB1_IRQHandler            
000007c7  EUSCIB2_IRQHandler            
000007c7  EUSCIB3_IRQHandler            
000007c7  FLCTL_IRQHandler              
000007c7  FPU_IRQHandler                
000007c7  HardFault_Handler             
000007c7  MemManage_Handler             
000007c7  NMI_Handler                   
000007c7  PCM_IRQHandler                
000007c7  PORT1_IRQHandler              
000007c7  PORT2_IRQHandler              
000007c7  PORT3_IRQHandler              
000007c7  PORT4_IRQHandler              
000007c7  PORT5_IRQHandler              
000007c7  PORT6_IRQHandler              
000007c7  PSS_IRQHandler                
000007c7  PendSV_Handler                
00000605  Program4_1                    
00000543  Program4_2                    
000005a1  Program4_3                    
000007c7  RTC_C_IRQHandler              
000007bb  Reset_Handler                 
000007c7  SVC_Handler                   
000000e5  SetParametersForSolution      
20000000  Sidemax                       
20000004  Sidemin                       
0000010d  Solution                      
000007c7  SysTick_Handler               
20000010  SystemCoreClock               
0000031f  SystemCoreClockUpdate         
000002c9  SystemInit                    
000007c7  T32_INT1_IRQHandler           
000007c7  T32_INT2_IRQHandler           
000007c7  T32_INTC_IRQHandler           
000007c7  TA0_0_IRQHandler              
000007c7  TA0_N_IRQHandler              
000007c7  TA1_0_IRQHandler              
000007c7  TA1_N_IRQHandler              
000007c7  TA2_0_IRQHandler              
000007c7  TA2_N_IRQHandler              
000007c7  TA3_0_IRQHandler              
000007c7  TA3_N_IRQHandler              
000007c7  UsageFault_Handler            
4000480c  WDTCTL_SYM                    
000007c7  WDT_A_IRQHandler              
20010000  __STACK_END                   
00000200  __STACK_SIZE                  
000008c8  __TI_CINIT_Base               
000008d8  __TI_CINIT_Limit              
000008b4  __TI_Handler_Table_Base       
000008c0  __TI_Handler_Table_Limit      
00000719  __TI_auto_init_nobinit_nopinit
000006b1  __TI_decompress_lzss          
000007ad  __TI_decompress_none          
ffffffff  __TI_pprof_out_hndl           
ffffffff  __TI_prof_data_size           
ffffffff  __TI_prof_data_start          
00000000  __TI_static_base__            
00000791  __TI_zero_init_nomemset       
00000615  __aeabi_memcpy                
00000615  __aeabi_memcpy4               
00000615  __aeabi_memcpy8               
ffffffff  __binit__                     
ffffffff  __c_args__                    
UNDEFED   __mpu_init                    
2000fe00  __stack                       
20000000  __start___llvm_prf_cnts       
20000000  __stop___llvm_prf_cnts        
0000075d  _c_int00_noargs               
UNDEFED   _system_post_cinit            
000007c9  _system_pre_init              
000007cd  abort                         
ffffffff  binit                         
20000014  errors                        
00000000  interruptVectors              
00000543  main                          
00000615  memcpy                        


GLOBAL SYMBOLS: SORTED BY Symbol Address 

address   name                          
-------   ----                          
00000000  __TI_static_base__            
00000000  interruptVectors              
000000e5  SetParametersForSolution      
0000010d  Solution                      
00000200  __STACK_SIZE                  
000002c9  SystemInit                    
0000031f  SystemCoreClockUpdate         
000004ad  Classify                      
00000543  Program4_2                    
00000543  main                          
000005a1  Program4_3                    
000005eb  Convert                       
00000605  Program4_1                    
00000615  __aeabi_memcpy                
00000615  __aeabi_memcpy4               
00000615  __aeabi_memcpy8               
00000615  memcpy                        
000006b1  __TI_decompress_lzss          
00000719  __TI_auto_init_nobinit_nopinit
0000075d  _c_int00_noargs               
00000791  __TI_zero_init_nomemset       
000007ad  __TI_decompress_none          
000007bb  Reset_Handler                 
000007c7  ADC14_IRQHandler              
000007c7  AES256_IRQHandler             
000007c7  BusFault_Handler              
000007c7  COMP_E0_IRQHandler            
000007c7  COMP_E1_IRQHandler            
000007c7  CS_IRQHandler                 
000007c7  DMA_ERR_IRQHandler            
000007c7  DMA_INT0_IRQHandler           
000007c7  DMA_INT1_IRQHandler           
000007c7  DMA_INT2_IRQHandler           
000007c7  DMA_INT3_IRQHandler           
000007c7  DebugMon_Handler              
000007c7  Default_Handler               
000007c7  EUSCIA0_IRQHandler            
000007c7  EUSCIA1_IRQHandler            
000007c7  EUSCIA2_IRQHandler            
000007c7  EUSCIA3_IRQHandler            
000007c7  EUSCIB0_IRQHandler            
000007c7  EUSCIB1_IRQHandler            
000007c7  EUSCIB2_IRQHandler            
000007c7  EUSCIB3_IRQHandler            
000007c7  FLCTL_IRQHandler              
000007c7  FPU_IRQHandler                
000007c7  HardFault_Handler             
000007c7  MemManage_Handler             
000007c7  NMI_Handler                   
000007c7  PCM_IRQHandler                
000007c7  PORT1_IRQHandler              
000007c7  PORT2_IRQHandler              
000007c7  PORT3_IRQHandler              
000007c7  PORT4_IRQHandler              
000007c7  PORT5_IRQHandler              
000007c7  PORT6_IRQHandler              
000007c7  PSS_IRQHandler                
000007c7  PendSV_Handler                
000007c7  RTC_C_IRQHandler              
000007c7  SVC_Handler                   
000007c7  SysTick_Handler               
000007c7  T32_INT1_IRQHandler           
000007c7  T32_INT2_IRQHandler           
000007c7  T32_INTC_IRQHandler           
000007c7  TA0_0_IRQHandler              
000007c7  TA0_N_IRQHandler              
000007c7  TA1_0_IRQHandler              
000007c7  TA1_N_IRQHandler              
000007c7  TA2_0_IRQHandler              
000007c7  TA2_N_IRQHandler              
000007c7  TA3_0_IRQHandler              
000007c7  TA3_N_IRQHandler              
000007c7  UsageFault_Handler            
000007c7  WDT_A_IRQHandler              
000007c9  _system_pre_init              
000007cd  C$$EXIT                       
000007cd  abort                         
000007d0  ADCBuffer                     
00000810  DistanceBuffer                
00000850  CornerCases                   
000008b4  __TI_Handler_Table_Base       
000008c0  __TI_Handler_Table_Limit      
000008c8  __TI_CINIT_Base               
000008d8  __TI_CINIT_Limit              
20000000  Sidemax                       
20000000  __start___llvm_prf_cnts       
20000000  __stop___llvm_prf_cnts        
20000004  Sidemin                       
20000008  Centeropen                    
2000000c  Centermin                     
20000010  SystemCoreClock               
20000014  errors                        
2000fe00  __stack                       
20010000  __STACK_END                   
4000480c  WDTCTL_SYM                    
ffffffff  __TI_pprof_out_hndl           
ffffffff  __TI_prof_data_size           
ffffffff  __TI_prof_data_start          
ffffffff  __binit__                     
ffffffff  __c_args__                    
ffffffff  binit                         
UNDEFED   __mpu_init                    
UNDEFED   _system_post_cinit            

[103 symbols]
