******************************************************************************
                  TI ARM Linker PC v20.2.5                     
******************************************************************************
>> Linked Tue Mar 29 09:50:09 2022

OUTPUT FILE NAME:   <Lab7.out>
ENTRY POINT SYMBOL: "_c_int00_noargs"  address: 0000088d


MEMORY CONFIGURATION

         name            origin    length      used     unused   attr    fill
----------------------  --------  ---------  --------  --------  ----  --------
  MAIN                  00000000   00040000  00000958  0003f6a8  R  X
  INFO                  00200000   00004000  00000000  00004000  R  X
  SRAM_CODE             01000000   00010000  0000021c  0000fde4  RW X
  SRAM_DATA             20000000   00010000  0000021c  0000fde4  RW  


SEGMENT ALLOCATION MAP

run origin  load origin   length   init length attrs members
----------  ----------- ---------- ----------- ----- -------
00000000    00000000    00000958   00000958    r-x
  00000000    00000000    000000e4   000000e4    r-- .intvecs
  000000e4    000000e4    0000081c   0000081c    r-x .text
  00000900    00000900    00000038   00000038    r-- .const
  00000938    00000938    00000020   00000020    r-- .cinit
20000000    20000000    0000001c   00000000    rw-
  20000000    20000000    0000001c   00000000    rw- .data
2000fe00    2000fe00    00000200   00000000    rw-
  2000fe00    2000fe00    00000200   00000000    rw- .stack


SECTION ALLOCATION MAP

 output                                  attributes/
section   page    origin      length       input sections
--------  ----  ----------  ----------   ----------------
.intvecs   0    00000000    000000e4     
                  00000000    000000e4     startup_msp432p401r_ccs.obj (.intvecs:retain)

.text      0    000000e4    0000081c     
                  000000e4    00000248     Motor.obj (.text)
                  0000032c    000001e0     system_msp432p401r.obj (.text)
                  0000050c    0000013c     Clock.obj (.text)
                  00000648    000000b4     Reflectance.obj (.text)
                  000006fc    0000009c     rtsv7M4_T_le_v4SPD16_eabi.lib : memcpy_t2.asm.obj (.text)
                  00000798    00000068                                   : copy_decompress_lzss.c.obj (.text:decompress:lzss:__TI_decompress_lzss)
                  00000800    00000048                                   : fd_toi_t2.asm.obj (.text)
                  00000848    00000044                                   : autoinit.c.obj (.text:__TI_auto_init_nobinit_nopinit:__TI_auto_init_nobinit_nopinit)
                  0000088c    00000034                                   : boot_cortex_m.c.obj (.text:_c_int00_noargs:_c_int00_noargs)
                  000008c0    0000001c     main.obj (.text)
                  000008dc    0000000e     rtsv7M4_T_le_v4SPD16_eabi.lib : copy_decompress_none.c.obj (.text:decompress:none:__TI_decompress_none)
                  000008ea    0000000e     startup_msp432p401r_ccs.obj (.text)
                  000008f8    00000004     rtsv7M4_T_le_v4SPD16_eabi.lib : pre_init.c.obj (.text:_system_pre_init)
                  000008fc    00000004                                   : exit.c.obj (.text:abort:abort)

.const     0    00000900    00000038     
                  00000900    00000038     Reflectance.obj (.const:$P$T0$1)

.cinit     0    00000938    00000020     
                  00000938    0000000d     (.cinit..data.load) [load image, compression = lzss]
                  00000945    00000003     --HOLE-- [fill = 0]
                  00000948    00000008     (__TI_handler_table)
                  00000950    00000008     (__TI_cinit_table)

.init_array 
*          0    00000000    00000000     UNINITIALIZED

.binit     0    00000000    00000000     

.data      0    20000000    0000001c     UNINITIALIZED
                  20000000    00000018     Clock.obj (.data)
                  20000018    00000004     system_msp432p401r.obj (.data)

.stack     0    2000fe00    00000200     UNINITIALIZED
                  2000fe00    00000004     rtsv7M4_T_le_v4SPD16_eabi.lib : boot_cortex_m.c.obj (.stack)
                  2000fe04    000001fc     --HOLE--

__llvm_prf_cnts 
*          0    20000000    00000000     UNINITIALIZED

MODULE SUMMARY

       Module                        code   ro data   rw data
       ------                        ----   -------   -------
    .\
       Motor.obj                     584    0         0      
       system_msp432p401r.obj        480    0         8      
       Clock.obj                     316    0         48     
       startup_msp432p401r_ccs.obj   14     228       0      
       Reflectance.obj               180    56        0      
       main.obj                      28     0         0      
    +--+-----------------------------+------+---------+---------+
       Total:                        1602   284       56     
                                                             
    C:\ti\ccs1040\ccs\tools\compiler\ti-cgt-arm_20.2.5.LTS\lib\rtsv7M4_T_le_v4SPD16_eabi.lib
       memcpy_t2.asm.obj             156    0         0      
       copy_decompress_lzss.c.obj    104    0         0      
       fd_toi_t2.asm.obj             72     0         0      
       autoinit.c.obj                68     0         0      
       boot_cortex_m.c.obj           52     0         0      
       copy_decompress_none.c.obj    14     0         0      
       exit.c.obj                    4      0         0      
       pre_init.c.obj                4      0         0      
    +--+-----------------------------+------+---------+---------+
       Total:                        474    0         0      
                                                             
       Stack:                        0      0         1024   
       Linker Generated:             0      29        0      
    +--+-----------------------------+------+---------+---------+
       Grand Total:                  2076   313       1080   


LINKER GENERATED COPY TABLES

__TI_cinit_table @ 00000950 records: 1, size/record: 8, table size: 8
	.data: load addr=00000938, load size=0000000d bytes, run addr=20000000, run size=0000001c bytes, compression=lzss


LINKER GENERATED HANDLER TABLE

__TI_handler_table @ 00000948 records: 2, size/record: 4, table size: 8
	index: 0, handler: __TI_decompress_lzss
	index: 1, handler: __TI_decompress_none


GLOBAL SYMBOLS: SORTED ALPHABETICALLY BY Name 

address   name                          
-------   ----                          
000008f7  ADC14_IRQHandler              
000008f7  AES256_IRQHandler             
000008f7  BusFault_Handler              
000008fd  C$$EXIT                       
000008f7  COMP_E0_IRQHandler            
000008f7  COMP_E1_IRQHandler            
20000008  CPMwait                       
000008f7  CS_IRQHandler                 
20000000  ClockFrequency                
000005ff  Clock_Delay1ms                
000005fd  Clock_Delay1us                
000005f7  Clock_GetFreq                 
00000513  Clock_Init48MHz               
20000014  Crystalstable                 
000008f7  DMA_ERR_IRQHandler            
000008f7  DMA_INT0_IRQHandler           
000008f7  DMA_INT1_IRQHandler           
000008f7  DMA_INT2_IRQHandler           
000008f7  DMA_INT3_IRQHandler           
000008f7  DebugMon_Handler              
000008f7  Default_Handler               
000002f3  Delay                         
000008f7  EUSCIA0_IRQHandler            
000008f7  EUSCIA1_IRQHandler            
000008f7  EUSCIA2_IRQHandler            
000008f7  EUSCIA3_IRQHandler            
000008f7  EUSCIB0_IRQHandler            
000008f7  EUSCIB1_IRQHandler            
000008f7  EUSCIB2_IRQHandler            
000008f7  EUSCIB3_IRQHandler            
000008f7  FLCTL_IRQHandler              
000008f7  FPU_IRQHandler                
000008f7  HardFault_Handler             
20000010  IFlags                        
000008f7  MemManage_Handler             
000002a1  Motor_Backward                
0000024f  Motor_Forward                 
000001ed  Motor_Init                    
000001b7  Motor_Left                    
00000181  Motor_Right                   
0000016d  Motor_Stop                    
000008f7  NMI_Handler                   
000008f7  PCM_IRQHandler                
000008f7  PORT1_IRQHandler              
000008f7  PORT2_IRQHandler              
000008f7  PORT3_IRQHandler              
000008f7  PORT4_IRQHandler              
000008f7  PORT5_IRQHandler              
000008f7  PORT6_IRQHandler              
000008f7  PSS_IRQHandler                
000008f7  PendSV_Handler                
2000000c  Postwait                      
20000004  Prewait                       
000008f7  RTC_C_IRQHandler              
000006d1  Reflectance_Init              
00000697  Reflectance_Position          
00000649  Reflectance_Read              
000008eb  Reset_Handler                 
000008f7  SVC_Handler                   
000008f7  SysTick_Handler               
20000018  SystemCoreClock               
00000383  SystemCoreClockUpdate         
0000032d  SystemInit                    
000008f7  T32_INT1_IRQHandler           
000008f7  T32_INT2_IRQHandler           
000008f7  T32_INTC_IRQHandler           
000008f7  TA0_0_IRQHandler              
000008f7  TA0_N_IRQHandler              
000008f7  TA1_0_IRQHandler              
000008f7  TA1_N_IRQHandler              
000008f7  TA2_0_IRQHandler              
000008f7  TA2_N_IRQHandler              
000008f7  TA3_0_IRQHandler              
000008f7  TA3_N_IRQHandler              
000000e5  Timer_Init                    
000008f7  UsageFault_Handler            
4000480c  WDTCTL_SYM                    
000008f7  WDT_A_IRQHandler              
20010000  __STACK_END                   
00000200  __STACK_SIZE                  
00000950  __TI_CINIT_Base               
00000958  __TI_CINIT_Limit              
00000948  __TI_Handler_Table_Base       
00000950  __TI_Handler_Table_Limit      
00000849  __TI_auto_init_nobinit_nopinit
00000799  __TI_decompress_lzss          
000008dd  __TI_decompress_none          
ffffffff  __TI_pprof_out_hndl           
ffffffff  __TI_prof_data_size           
ffffffff  __TI_prof_data_start          
00000000  __TI_static_base__            
00000801  __aeabi_d2iz                  
000006fd  __aeabi_memcpy                
000006fd  __aeabi_memcpy4               
000006fd  __aeabi_memcpy8               
ffffffff  __binit__                     
ffffffff  __c_args__                    
UNDEFED   __mpu_init                    
2000fe00  __stack                       
20000000  __start___llvm_prf_cnts       
20000000  __stop___llvm_prf_cnts        
0000088d  _c_int00_noargs               
UNDEFED   _system_post_cinit            
000008f9  _system_pre_init              
000008fd  abort                         
ffffffff  binit                         
0000050d  delay                         
00000000  interruptVectors              
000008c1  main                          
000006fd  memcpy                        


GLOBAL SYMBOLS: SORTED BY Symbol Address 

address   name                          
-------   ----                          
00000000  __TI_static_base__            
00000000  interruptVectors              
000000e5  Timer_Init                    
0000016d  Motor_Stop                    
00000181  Motor_Right                   
000001b7  Motor_Left                    
000001ed  Motor_Init                    
00000200  __STACK_SIZE                  
0000024f  Motor_Forward                 
000002a1  Motor_Backward                
000002f3  Delay                         
0000032d  SystemInit                    
00000383  SystemCoreClockUpdate         
0000050d  delay                         
00000513  Clock_Init48MHz               
000005f7  Clock_GetFreq                 
000005fd  Clock_Delay1us                
000005ff  Clock_Delay1ms                
00000649  Reflectance_Read              
00000697  Reflectance_Position          
000006d1  Reflectance_Init              
000006fd  __aeabi_memcpy                
000006fd  __aeabi_memcpy4               
000006fd  __aeabi_memcpy8               
000006fd  memcpy                        
00000799  __TI_decompress_lzss          
00000801  __aeabi_d2iz                  
00000849  __TI_auto_init_nobinit_nopinit
0000088d  _c_int00_noargs               
000008c1  main                          
000008dd  __TI_decompress_none          
000008eb  Reset_Handler                 
000008f7  ADC14_IRQHandler              
000008f7  AES256_IRQHandler             
000008f7  BusFault_Handler              
000008f7  COMP_E0_IRQHandler            
000008f7  COMP_E1_IRQHandler            
000008f7  CS_IRQHandler                 
000008f7  DMA_ERR_IRQHandler            
000008f7  DMA_INT0_IRQHandler           
000008f7  DMA_INT1_IRQHandler           
000008f7  DMA_INT2_IRQHandler           
000008f7  DMA_INT3_IRQHandler           
000008f7  DebugMon_Handler              
000008f7  Default_Handler               
000008f7  EUSCIA0_IRQHandler            
000008f7  EUSCIA1_IRQHandler            
000008f7  EUSCIA2_IRQHandler            
000008f7  EUSCIA3_IRQHandler            
000008f7  EUSCIB0_IRQHandler            
000008f7  EUSCIB1_IRQHandler            
000008f7  EUSCIB2_IRQHandler            
000008f7  EUSCIB3_IRQHandler            
000008f7  FLCTL_IRQHandler              
000008f7  FPU_IRQHandler                
000008f7  HardFault_Handler             
000008f7  MemManage_Handler             
000008f7  NMI_Handler                   
000008f7  PCM_IRQHandler                
000008f7  PORT1_IRQHandler              
000008f7  PORT2_IRQHandler              
000008f7  PORT3_IRQHandler              
000008f7  PORT4_IRQHandler              
000008f7  PORT5_IRQHandler              
000008f7  PORT6_IRQHandler              
000008f7  PSS_IRQHandler                
000008f7  PendSV_Handler                
000008f7  RTC_C_IRQHandler              
000008f7  SVC_Handler                   
000008f7  SysTick_Handler               
000008f7  T32_INT1_IRQHandler           
000008f7  T32_INT2_IRQHandler           
000008f7  T32_INTC_IRQHandler           
000008f7  TA0_0_IRQHandler              
000008f7  TA0_N_IRQHandler              
000008f7  TA1_0_IRQHandler              
000008f7  TA1_N_IRQHandler              
000008f7  TA2_0_IRQHandler              
000008f7  TA2_N_IRQHandler              
000008f7  TA3_0_IRQHandler              
000008f7  TA3_N_IRQHandler              
000008f7  UsageFault_Handler            
000008f7  WDT_A_IRQHandler              
000008f9  _system_pre_init              
000008fd  C$$EXIT                       
000008fd  abort                         
00000948  __TI_Handler_Table_Base       
00000950  __TI_CINIT_Base               
00000950  __TI_Handler_Table_Limit      
00000958  __TI_CINIT_Limit              
20000000  ClockFrequency                
20000000  __start___llvm_prf_cnts       
20000000  __stop___llvm_prf_cnts        
20000004  Prewait                       
20000008  CPMwait                       
2000000c  Postwait                      
20000010  IFlags                        
20000014  Crystalstable                 
20000018  SystemCoreClock               
2000fe00  __stack                       
20010000  __STACK_END                   
4000480c  WDTCTL_SYM                    
ffffffff  __TI_pprof_out_hndl           
ffffffff  __TI_prof_data_size           
ffffffff  __TI_prof_data_start          
ffffffff  __binit__                     
ffffffff  __c_args__                    
ffffffff  binit                         
UNDEFED   __mpu_init                    
UNDEFED   _system_post_cinit            

[110 symbols]
