******************************************************************************
                  TI ARM Linker PC v20.2.5                     
******************************************************************************
>> Linked Tue Feb 15 09:04:53 2022

OUTPUT FILE NAME:   <LAB4.out>
ENTRY POINT SYMBOL: "_c_int00_noargs"  address: 00000ac5


MEMORY CONFIGURATION

         name            origin    length      used     unused   attr    fill
----------------------  --------  ---------  --------  --------  ----  --------
  MAIN                  00000000   00040000  00000b3c  0003f4c4  R  X
  INFO                  00200000   00004000  00000000  00004000  R  X
  SRAM_CODE             01000000   00010000  0000021c  0000fde4  RW X
  SRAM_DATA             20000000   00010000  0000021c  0000fde4  RW  


SEGMENT ALLOCATION MAP

run origin  load origin   length   init length attrs members
----------  ----------- ---------- ----------- ----- -------
00000000    00000000    00000b40   00000b40    r-x
  00000000    00000000    000000e4   000000e4    r-- .intvecs
  000000e4    000000e4    00000a38   00000a38    r-x .text
  00000b20    00000b20    00000020   00000020    r-- .cinit
20000000    20000000    0000001c   00000000    rw-
  20000000    20000000    0000001c   00000000    rw- .data
2000fe00    2000fe00    00000200   00000000    rw-
  2000fe00    2000fe00    00000200   00000000    rw- .stack


SECTION ALLOCATION MAP

 output                                  attributes/
section   page    origin      length       input sections
--------  ----  ----------  ----------   ----------------
.intvecs   0    00000000    000000e4     
                  00000000    000000e4     startup_msp432p401r_ccs.obj (.intvecs:retain)

.text      0    000000e4    00000a38     
                  000000e4    00000564     main.obj (.text)
                  00000648    00000334     system_msp432p401r.obj (.text)
                  0000097c    0000009c     rtsv7M4_T_le_v4SPD16_eabi.lib : memcpy_t2.asm.obj (.text)
                  00000a18    00000068                                   : copy_decompress_lzss.c.obj (.text:decompress:lzss:__TI_decompress_lzss)
                  00000a80    00000044                                   : autoinit.c.obj (.text:__TI_auto_init_nobinit_nopinit:__TI_auto_init_nobinit_nopinit)
                  00000ac4    00000034                                   : boot_cortex_m.c.obj (.text:_c_int00_noargs:_c_int00_noargs)
                  00000af8    0000000e                                   : copy_decompress_none.c.obj (.text:decompress:none:__TI_decompress_none)
                  00000b06    0000000e     startup_msp432p401r_ccs.obj (.text)
                  00000b14    00000004     rtsv7M4_T_le_v4SPD16_eabi.lib : pre_init.c.obj (.text:_system_pre_init)
                  00000b18    00000004                                   : exit.c.obj (.text:abort:abort)

.cinit     0    00000b20    00000020     
                  00000b20    0000000d     (.cinit..data.load) [load image, compression = lzss]
                  00000b2d    00000003     --HOLE-- [fill = 0]
                  00000b30    00000008     (__TI_handler_table)
                  00000b38    00000008     (__TI_cinit_table)

.init_array 
*          0    00000000    00000000     UNINITIALIZED

.binit     0    00000000    00000000     

.data      0    20000000    0000001c     UNINITIALIZED
                  20000000    00000018     main.obj (.data)
                  20000018    00000004     system_msp432p401r.obj (.data)

.stack     0    2000fe00    00000200     UNINITIALIZED
                  2000fe00    00000004     rtsv7M4_T_le_v4SPD16_eabi.lib : boot_cortex_m.c.obj (.stack)
                  2000fe04    000001fc     --HOLE--

__llvm_prf_cnts 
*          0    20000000    00000000     UNINITIALIZED

MODULE SUMMARY

       Module                        code   ro data   rw data
       ------                        ----   -------   -------
    .\
       main.obj                      1380   0         48     
       system_msp432p401r.obj        820    0         8      
       startup_msp432p401r_ccs.obj   14     228       0      
    +--+-----------------------------+------+---------+---------+
       Total:                        2214   228       56     
                                                             
    C:\ti\ccs1040\ccs\tools\compiler\ti-cgt-arm_20.2.5.LTS\lib\rtsv7M4_T_le_v4SPD16_eabi.lib
       memcpy_t2.asm.obj             156    0         0      
       copy_decompress_lzss.c.obj    104    0         0      
       autoinit.c.obj                68     0         0      
       boot_cortex_m.c.obj           52     0         0      
       copy_decompress_none.c.obj    14     0         0      
       exit.c.obj                    4      0         0      
       pre_init.c.obj                4      0         0      
    +--+-----------------------------+------+---------+---------+
       Total:                        402    0         0      
                                                             
       Stack:                        0      0         1024   
       Linker Generated:             0      29        0      
    +--+-----------------------------+------+---------+---------+
       Grand Total:                  2616   257       1080   


LINKER GENERATED COPY TABLES

__TI_cinit_table @ 00000b38 records: 1, size/record: 8, table size: 8
	.data: load addr=00000b20, load size=0000000d bytes, run addr=20000000, run size=0000001c bytes, compression=lzss


LINKER GENERATED HANDLER TABLE

__TI_handler_table @ 00000b30 records: 2, size/record: 4, table size: 8
	index: 0, handler: __TI_decompress_lzss
	index: 1, handler: __TI_decompress_none


GLOBAL SYMBOLS: SORTED ALPHABETICALLY BY Name 

address   name                          
-------   ----                          
00000b13  ADC14_IRQHandler              
00000b13  AES256_IRQHandler             
00000b13  BusFault_Handler              
00000b19  C$$EXIT                       
00000b13  COMP_E0_IRQHandler            
00000b13  COMP_E1_IRQHandler            
20000008  CPMwait                       
00000b13  CS_IRQHandler                 
20000000  ClockFrequency                
00000239  Clock_Delay1ms                
0000020f  Clock_Delay1us                
000001fb  Clock_GetFreq                 
000000e5  Clock_Init48MHz               
20000014  Crystalstable                 
00000b13  DMA_ERR_IRQHandler            
00000b13  DMA_INT0_IRQHandler           
00000b13  DMA_INT1_IRQHandler           
00000b13  DMA_INT2_IRQHandler           
00000b13  DMA_INT3_IRQHandler           
00000b13  DebugMon_Handler              
00000b13  Default_Handler               
0000037d  Delay                         
0000025f  DisableInterrupts             
00000b13  EUSCIA0_IRQHandler            
00000b13  EUSCIA1_IRQHandler            
00000b13  EUSCIA2_IRQHandler            
00000b13  EUSCIA3_IRQHandler            
00000b13  EUSCIB0_IRQHandler            
00000b13  EUSCIB1_IRQHandler            
00000b13  EUSCIB2_IRQHandler            
00000b13  EUSCIB3_IRQHandler            
00000265  EnableInterrupts              
00000275  EndCritical                   
00000b13  FLCTL_IRQHandler              
00000b13  FPU_IRQHandler                
00000b13  HardFault_Handler             
20000010  IFlags                        
00000b13  MemManage_Handler             
00000283  MotorInit                     
00000501  MotorStop                     
000003ab  Motor_Forward                 
000004a9  Motor_Left                    
00000441  Motor_Right                   
00000b13  NMI_Handler                   
00000b13  PCM_IRQHandler                
00000b13  PORT1_IRQHandler              
00000b13  PORT2_IRQHandler              
00000b13  PORT3_IRQHandler              
00000b13  PORT4_IRQHandler              
00000b13  PORT5_IRQHandler              
00000b13  PORT6_IRQHandler              
00000b13  PSS_IRQHandler                
00000b13  PendSV_Handler                
2000000c  Postwait                      
20000004  Prewait                       
00000b13  RTC_C_IRQHandler              
00000b07  Reset_Handler                 
00000b13  SVC_Handler                   
0000026b  StartCritical                 
00000b13  SysTick_Handler               
20000018  SystemCoreClock               
00000649  SystemCoreClockUpdate         
000008c1  SystemInit                    
00000b13  T32_INT1_IRQHandler           
00000b13  T32_INT2_IRQHandler           
00000b13  T32_INTC_IRQHandler           
00000b13  TA0_0_IRQHandler              
00000b13  TA0_N_IRQHandler              
00000b13  TA1_0_IRQHandler              
00000b13  TA1_N_IRQHandler              
00000b13  TA2_0_IRQHandler              
00000b13  TA2_N_IRQHandler              
00000b13  TA3_0_IRQHandler              
00000b13  TA3_N_IRQHandler              
000002e9  TimerInit                     
00000b13  UsageFault_Handler            
4000480c  WDTCTL_SYM                    
00000b13  WDT_A_IRQHandler              
0000027d  WaitForInterrupt              
20010000  __STACK_END                   
00000200  __STACK_SIZE                  
00000b38  __TI_CINIT_Base               
00000b40  __TI_CINIT_Limit              
00000b30  __TI_Handler_Table_Base       
00000b38  __TI_Handler_Table_Limit      
00000a81  __TI_auto_init_nobinit_nopinit
00000a19  __TI_decompress_lzss          
00000af9  __TI_decompress_none          
ffffffff  __TI_pprof_out_hndl           
ffffffff  __TI_prof_data_size           
ffffffff  __TI_prof_data_start          
00000000  __TI_static_base__            
0000097d  __aeabi_memcpy                
0000097d  __aeabi_memcpy4               
0000097d  __aeabi_memcpy8               
ffffffff  __binit__                     
ffffffff  __c_args__                    
UNDEFED   __mpu_init                    
2000fe00  __stack                       
20000000  __start___llvm_prf_cnts       
20000000  __stop___llvm_prf_cnts        
00000ac5  _c_int00_noargs               
UNDEFED   _system_post_cinit            
00000b15  _system_pre_init              
00000b19  abort                         
ffffffff  binit                         
00000201  delay                         
00000000  interruptVectors              
00000535  main                          
0000097d  memcpy                        


GLOBAL SYMBOLS: SORTED BY Symbol Address 

address   name                          
-------   ----                          
00000000  __TI_static_base__            
00000000  interruptVectors              
000000e5  Clock_Init48MHz               
000001fb  Clock_GetFreq                 
00000200  __STACK_SIZE                  
00000201  delay                         
0000020f  Clock_Delay1us                
00000239  Clock_Delay1ms                
0000025f  DisableInterrupts             
00000265  EnableInterrupts              
0000026b  StartCritical                 
00000275  EndCritical                   
0000027d  WaitForInterrupt              
00000283  MotorInit                     
000002e9  TimerInit                     
0000037d  Delay                         
000003ab  Motor_Forward                 
00000441  Motor_Right                   
000004a9  Motor_Left                    
00000501  MotorStop                     
00000535  main                          
00000649  SystemCoreClockUpdate         
000008c1  SystemInit                    
0000097d  __aeabi_memcpy                
0000097d  __aeabi_memcpy4               
0000097d  __aeabi_memcpy8               
0000097d  memcpy                        
00000a19  __TI_decompress_lzss          
00000a81  __TI_auto_init_nobinit_nopinit
00000ac5  _c_int00_noargs               
00000af9  __TI_decompress_none          
00000b07  Reset_Handler                 
00000b13  ADC14_IRQHandler              
00000b13  AES256_IRQHandler             
00000b13  BusFault_Handler              
00000b13  COMP_E0_IRQHandler            
00000b13  COMP_E1_IRQHandler            
00000b13  CS_IRQHandler                 
00000b13  DMA_ERR_IRQHandler            
00000b13  DMA_INT0_IRQHandler           
00000b13  DMA_INT1_IRQHandler           
00000b13  DMA_INT2_IRQHandler           
00000b13  DMA_INT3_IRQHandler           
00000b13  DebugMon_Handler              
00000b13  Default_Handler               
00000b13  EUSCIA0_IRQHandler            
00000b13  EUSCIA1_IRQHandler            
00000b13  EUSCIA2_IRQHandler            
00000b13  EUSCIA3_IRQHandler            
00000b13  EUSCIB0_IRQHandler            
00000b13  EUSCIB1_IRQHandler            
00000b13  EUSCIB2_IRQHandler            
00000b13  EUSCIB3_IRQHandler            
00000b13  FLCTL_IRQHandler              
00000b13  FPU_IRQHandler                
00000b13  HardFault_Handler             
00000b13  MemManage_Handler             
00000b13  NMI_Handler                   
00000b13  PCM_IRQHandler                
00000b13  PORT1_IRQHandler              
00000b13  PORT2_IRQHandler              
00000b13  PORT3_IRQHandler              
00000b13  PORT4_IRQHandler              
00000b13  PORT5_IRQHandler              
00000b13  PORT6_IRQHandler              
00000b13  PSS_IRQHandler                
00000b13  PendSV_Handler                
00000b13  RTC_C_IRQHandler              
00000b13  SVC_Handler                   
00000b13  SysTick_Handler               
00000b13  T32_INT1_IRQHandler           
00000b13  T32_INT2_IRQHandler           
00000b13  T32_INTC_IRQHandler           
00000b13  TA0_0_IRQHandler              
00000b13  TA0_N_IRQHandler              
00000b13  TA1_0_IRQHandler              
00000b13  TA1_N_IRQHandler              
00000b13  TA2_0_IRQHandler              
00000b13  TA2_N_IRQHandler              
00000b13  TA3_0_IRQHandler              
00000b13  TA3_N_IRQHandler              
00000b13  UsageFault_Handler            
00000b13  WDT_A_IRQHandler              
00000b15  _system_pre_init              
00000b19  C$$EXIT                       
00000b19  abort                         
00000b30  __TI_Handler_Table_Base       
00000b38  __TI_CINIT_Base               
00000b38  __TI_Handler_Table_Limit      
00000b40  __TI_CINIT_Limit              
20000000  ClockFrequency                
20000000  __start___llvm_prf_cnts       
20000000  __stop___llvm_prf_cnts        
20000004  Prewait                       
20000008  CPMwait                       
2000000c  Postwait                      
20000010  IFlags                        
20000014  Crystalstable                 
20000018  SystemCoreClock               
2000fe00  __stack                       
20010000  __STACK_END                   
4000480c  WDTCTL_SYM                    
ffffffff  __TI_pprof_out_hndl           
ffffffff  __TI_prof_data_size           
ffffffff  __TI_prof_data_start          
ffffffff  __binit__                     
ffffffff  __c_args__                    
ffffffff  binit                         
UNDEFED   __mpu_init                    
UNDEFED   _system_post_cinit            

[110 symbols]
