<?xml version="1.0" encoding="ISO-8859-1" ?>
<link_info>
   <banner>TI ARM Linker PC v20.2.5.LTS</banner>
   <copyright>Copyright (c) 1996-2018 Texas Instruments Incorporated</copyright>
   <link_time>0x62211f3c</link_time>
   <link_errors>0x0</link_errors>
   <output_file>Competancy exam.out</output_file>
   <entry_point>
      <name>_c_int00_noargs</name>
      <address>0x2eb5</address>
   </entry_point>
   <input_file_list>
      <input_file id="fl-2">
         <path>.\</path>
         <kind>object</kind>
         <file>Clock.obj</file>
         <name>Clock.obj</name>
      </input_file>
      <input_file id="fl-3">
         <path>.\</path>
         <kind>object</kind>
         <file>CortexM.obj</file>
         <name>CortexM.obj</name>
      </input_file>
      <input_file id="fl-4">
         <path>.\</path>
         <kind>object</kind>
         <file>main.obj</file>
         <name>main.obj</name>
      </input_file>
      <input_file id="fl-5">
         <path>.\</path>
         <kind>object</kind>
         <file>startup_msp432p401r_ccs.obj</file>
         <name>startup_msp432p401r_ccs.obj</name>
      </input_file>
      <input_file id="fl-6">
         <path>.\</path>
         <kind>object</kind>
         <file>system_msp432p401r.obj</file>
         <name>system_msp432p401r.obj</name>
      </input_file>
      <input_file id="fl-a">
         <kind>object</kind>
         <file>&lt;internal&gt;</file>
         <name>&lt;internal&gt;</name>
      </input_file>
      <input_file id="fl-c0">
         <path>C:\ti\ccs1040\ccs\tools\compiler\ti-cgt-arm_20.2.5.LTS\lib\</path>
         <kind>archive</kind>
         <file>rtsv7M4_T_le_v4SPD16_eabi.lib</file>
         <name>printf.c.obj</name>
      </input_file>
      <input_file id="fl-c1">
         <path>C:\ti\ccs1040\ccs\tools\compiler\ti-cgt-arm_20.2.5.LTS\lib\</path>
         <kind>archive</kind>
         <file>rtsv7M4_T_le_v4SPD16_eabi.lib</file>
         <name>_printfi.c.obj</name>
      </input_file>
      <input_file id="fl-c2">
         <path>C:\ti\ccs1040\ccs\tools\compiler\ti-cgt-arm_20.2.5.LTS\lib\</path>
         <kind>archive</kind>
         <file>rtsv7M4_T_le_v4SPD16_eabi.lib</file>
         <name>fputc.c.obj</name>
      </input_file>
      <input_file id="fl-c3">
         <path>C:\ti\ccs1040\ccs\tools\compiler\ti-cgt-arm_20.2.5.LTS\lib\</path>
         <kind>archive</kind>
         <file>rtsv7M4_T_le_v4SPD16_eabi.lib</file>
         <name>fputs.c.obj</name>
      </input_file>
      <input_file id="fl-c4">
         <path>C:\ti\ccs1040\ccs\tools\compiler\ti-cgt-arm_20.2.5.LTS\lib\</path>
         <kind>archive</kind>
         <file>rtsv7M4_T_le_v4SPD16_eabi.lib</file>
         <name>_io_perm.c.obj</name>
      </input_file>
      <input_file id="fl-c5">
         <path>C:\ti\ccs1040\ccs\tools\compiler\ti-cgt-arm_20.2.5.LTS\lib\</path>
         <kind>archive</kind>
         <file>rtsv7M4_T_le_v4SPD16_eabi.lib</file>
         <name>setvbuf.c.obj</name>
      </input_file>
      <input_file id="fl-c6">
         <path>C:\ti\ccs1040\ccs\tools\compiler\ti-cgt-arm_20.2.5.LTS\lib\</path>
         <kind>archive</kind>
         <file>rtsv7M4_T_le_v4SPD16_eabi.lib</file>
         <name>s_frexp.c.obj</name>
      </input_file>
      <input_file id="fl-c7">
         <path>C:\ti\ccs1040\ccs\tools\compiler\ti-cgt-arm_20.2.5.LTS\lib\</path>
         <kind>archive</kind>
         <file>rtsv7M4_T_le_v4SPD16_eabi.lib</file>
         <name>s_scalbn.c.obj</name>
      </input_file>
      <input_file id="fl-c8">
         <path>C:\ti\ccs1040\ccs\tools\compiler\ti-cgt-arm_20.2.5.LTS\lib\</path>
         <kind>archive</kind>
         <file>rtsv7M4_T_le_v4SPD16_eabi.lib</file>
         <name>wcslen.c.obj</name>
      </input_file>
      <input_file id="fl-c9">
         <path>C:\ti\ccs1040\ccs\tools\compiler\ti-cgt-arm_20.2.5.LTS\lib\</path>
         <kind>archive</kind>
         <file>rtsv7M4_T_le_v4SPD16_eabi.lib</file>
         <name>fd_add_t2.asm.obj</name>
      </input_file>
      <input_file id="fl-ca">
         <path>C:\ti\ccs1040\ccs\tools\compiler\ti-cgt-arm_20.2.5.LTS\lib\</path>
         <kind>archive</kind>
         <file>rtsv7M4_T_le_v4SPD16_eabi.lib</file>
         <name>fd_cmp_t2.asm.obj</name>
      </input_file>
      <input_file id="fl-cb">
         <path>C:\ti\ccs1040\ccs\tools\compiler\ti-cgt-arm_20.2.5.LTS\lib\</path>
         <kind>archive</kind>
         <file>rtsv7M4_T_le_v4SPD16_eabi.lib</file>
         <name>fd_div_t2.asm.obj</name>
      </input_file>
      <input_file id="fl-cc">
         <path>C:\ti\ccs1040\ccs\tools\compiler\ti-cgt-arm_20.2.5.LTS\lib\</path>
         <kind>archive</kind>
         <file>rtsv7M4_T_le_v4SPD16_eabi.lib</file>
         <name>fd_mul_t2.asm.obj</name>
      </input_file>
      <input_file id="fl-cd">
         <path>C:\ti\ccs1040\ccs\tools\compiler\ti-cgt-arm_20.2.5.LTS\lib\</path>
         <kind>archive</kind>
         <file>rtsv7M4_T_le_v4SPD16_eabi.lib</file>
         <name>fd_toi_t2.asm.obj</name>
      </input_file>
      <input_file id="fl-ce">
         <path>C:\ti\ccs1040\ccs\tools\compiler\ti-cgt-arm_20.2.5.LTS\lib\</path>
         <kind>archive</kind>
         <file>rtsv7M4_T_le_v4SPD16_eabi.lib</file>
         <name>i_tofd_t2.asm.obj</name>
      </input_file>
      <input_file id="fl-cf">
         <path>C:\ti\ccs1040\ccs\tools\compiler\ti-cgt-arm_20.2.5.LTS\lib\</path>
         <kind>archive</kind>
         <file>rtsv7M4_T_le_v4SPD16_eabi.lib</file>
         <name>memcpy_t2.asm.obj</name>
      </input_file>
      <input_file id="fl-d0">
         <path>C:\ti\ccs1040\ccs\tools\compiler\ti-cgt-arm_20.2.5.LTS\lib\</path>
         <kind>archive</kind>
         <file>rtsv7M4_T_le_v4SPD16_eabi.lib</file>
         <name>ull_div_t2.asm.obj</name>
      </input_file>
      <input_file id="fl-d1">
         <path>C:\ti\ccs1040\ccs\tools\compiler\ti-cgt-arm_20.2.5.LTS\lib\</path>
         <kind>archive</kind>
         <file>rtsv7M4_T_le_v4SPD16_eabi.lib</file>
         <name>memset_t2.asm.obj</name>
      </input_file>
      <input_file id="fl-d2">
         <path>C:\ti\ccs1040\ccs\tools\compiler\ti-cgt-arm_20.2.5.LTS\lib\</path>
         <kind>archive</kind>
         <file>rtsv7M4_T_le_v4SPD16_eabi.lib</file>
         <name>copy_zero_init.c.obj</name>
      </input_file>
      <input_file id="fl-d3">
         <path>C:\ti\ccs1040\ccs\tools\compiler\ti-cgt-arm_20.2.5.LTS\lib\</path>
         <kind>archive</kind>
         <file>rtsv7M4_T_le_v4SPD16_eabi.lib</file>
         <name>copy_decompress_none.c.obj</name>
      </input_file>
      <input_file id="fl-d4">
         <path>C:\ti\ccs1040\ccs\tools\compiler\ti-cgt-arm_20.2.5.LTS\lib\</path>
         <kind>archive</kind>
         <file>rtsv7M4_T_le_v4SPD16_eabi.lib</file>
         <name>copy_decompress_lzss.c.obj</name>
      </input_file>
      <input_file id="fl-d5">
         <path>C:\ti\ccs1040\ccs\tools\compiler\ti-cgt-arm_20.2.5.LTS\lib\</path>
         <kind>archive</kind>
         <file>rtsv7M4_T_le_v4SPD16_eabi.lib</file>
         <name>exit.c.obj</name>
      </input_file>
      <input_file id="fl-d6">
         <path>C:\ti\ccs1040\ccs\tools\compiler\ti-cgt-arm_20.2.5.LTS\lib\</path>
         <kind>archive</kind>
         <file>rtsv7M4_T_le_v4SPD16_eabi.lib</file>
         <name>_lock.c.obj</name>
      </input_file>
      <input_file id="fl-d7">
         <path>C:\ti\ccs1040\ccs\tools\compiler\ti-cgt-arm_20.2.5.LTS\lib\</path>
         <kind>archive</kind>
         <file>rtsv7M4_T_le_v4SPD16_eabi.lib</file>
         <name>_ltoa.c.obj</name>
      </input_file>
      <input_file id="fl-d8">
         <path>C:\ti\ccs1040\ccs\tools\compiler\ti-cgt-arm_20.2.5.LTS\lib\</path>
         <kind>archive</kind>
         <file>rtsv7M4_T_le_v4SPD16_eabi.lib</file>
         <name>atoi.c.obj</name>
      </input_file>
      <input_file id="fl-d9">
         <path>C:\ti\ccs1040\ccs\tools\compiler\ti-cgt-arm_20.2.5.LTS\lib\</path>
         <kind>archive</kind>
         <file>rtsv7M4_T_le_v4SPD16_eabi.lib</file>
         <name>ctype.c.obj</name>
      </input_file>
      <input_file id="fl-da">
         <path>C:\ti\ccs1040\ccs\tools\compiler\ti-cgt-arm_20.2.5.LTS\lib\</path>
         <kind>archive</kind>
         <file>rtsv7M4_T_le_v4SPD16_eabi.lib</file>
         <name>defs.c.obj</name>
      </input_file>
      <input_file id="fl-db">
         <path>C:\ti\ccs1040\ccs\tools\compiler\ti-cgt-arm_20.2.5.LTS\lib\</path>
         <kind>archive</kind>
         <file>rtsv7M4_T_le_v4SPD16_eabi.lib</file>
         <name>memccpy.c.obj</name>
      </input_file>
      <input_file id="fl-dc">
         <path>C:\ti\ccs1040\ccs\tools\compiler\ti-cgt-arm_20.2.5.LTS\lib\</path>
         <kind>archive</kind>
         <file>rtsv7M4_T_le_v4SPD16_eabi.lib</file>
         <name>memchr.c.obj</name>
      </input_file>
      <input_file id="fl-dd">
         <path>C:\ti\ccs1040\ccs\tools\compiler\ti-cgt-arm_20.2.5.LTS\lib\</path>
         <kind>archive</kind>
         <file>rtsv7M4_T_le_v4SPD16_eabi.lib</file>
         <name>memory.c.obj</name>
      </input_file>
      <input_file id="fl-de">
         <path>C:\ti\ccs1040\ccs\tools\compiler\ti-cgt-arm_20.2.5.LTS\lib\</path>
         <kind>archive</kind>
         <file>rtsv7M4_T_le_v4SPD16_eabi.lib</file>
         <name>strchr.c.obj</name>
      </input_file>
      <input_file id="fl-df">
         <path>C:\ti\ccs1040\ccs\tools\compiler\ti-cgt-arm_20.2.5.LTS\lib\</path>
         <kind>archive</kind>
         <file>rtsv7M4_T_le_v4SPD16_eabi.lib</file>
         <name>strlen.c.obj</name>
      </input_file>
      <input_file id="fl-e0">
         <path>C:\ti\ccs1040\ccs\tools\compiler\ti-cgt-arm_20.2.5.LTS\lib\</path>
         <kind>archive</kind>
         <file>rtsv7M4_T_le_v4SPD16_eabi.lib</file>
         <name>errno.c.obj</name>
      </input_file>
      <input_file id="fl-e1">
         <path>C:\ti\ccs1040\ccs\tools\compiler\ti-cgt-arm_20.2.5.LTS\lib\</path>
         <kind>archive</kind>
         <file>rtsv7M4_T_le_v4SPD16_eabi.lib</file>
         <name>boot_cortex_m.c.obj</name>
      </input_file>
      <input_file id="fl-e2">
         <path>C:\ti\ccs1040\ccs\tools\compiler\ti-cgt-arm_20.2.5.LTS\lib\</path>
         <kind>archive</kind>
         <file>rtsv7M4_T_le_v4SPD16_eabi.lib</file>
         <name>write.c.obj</name>
      </input_file>
      <input_file id="fl-e3">
         <path>C:\ti\ccs1040\ccs\tools\compiler\ti-cgt-arm_20.2.5.LTS\lib\</path>
         <kind>archive</kind>
         <file>rtsv7M4_T_le_v4SPD16_eabi.lib</file>
         <name>host_device.c.obj</name>
      </input_file>
      <input_file id="fl-e4">
         <path>C:\ti\ccs1040\ccs\tools\compiler\ti-cgt-arm_20.2.5.LTS\lib\</path>
         <kind>archive</kind>
         <file>rtsv7M4_T_le_v4SPD16_eabi.lib</file>
         <name>fflush.c.obj</name>
      </input_file>
      <input_file id="fl-e5">
         <path>C:\ti\ccs1040\ccs\tools\compiler\ti-cgt-arm_20.2.5.LTS\lib\</path>
         <kind>archive</kind>
         <file>rtsv7M4_T_le_v4SPD16_eabi.lib</file>
         <name>fopen.c.obj</name>
      </input_file>
      <input_file id="fl-e6">
         <path>C:\ti\ccs1040\ccs\tools\compiler\ti-cgt-arm_20.2.5.LTS\lib\</path>
         <kind>archive</kind>
         <file>rtsv7M4_T_le_v4SPD16_eabi.lib</file>
         <name>fseek.c.obj</name>
      </input_file>
      <input_file id="fl-e7">
         <path>C:\ti\ccs1040\ccs\tools\compiler\ti-cgt-arm_20.2.5.LTS\lib\</path>
         <kind>archive</kind>
         <file>rtsv7M4_T_le_v4SPD16_eabi.lib</file>
         <name>s_copysign.c.obj</name>
      </input_file>
      <input_file id="fl-e8">
         <path>C:\ti\ccs1040\ccs\tools\compiler\ti-cgt-arm_20.2.5.LTS\lib\</path>
         <kind>archive</kind>
         <file>rtsv7M4_T_le_v4SPD16_eabi.lib</file>
         <name>div0.asm.obj</name>
      </input_file>
      <input_file id="fl-e9">
         <path>C:\ti\ccs1040\ccs\tools\compiler\ti-cgt-arm_20.2.5.LTS\lib\</path>
         <kind>archive</kind>
         <file>rtsv7M4_T_le_v4SPD16_eabi.lib</file>
         <name>autoinit.c.obj</name>
      </input_file>
      <input_file id="fl-ea">
         <path>C:\ti\ccs1040\ccs\tools\compiler\ti-cgt-arm_20.2.5.LTS\lib\</path>
         <kind>archive</kind>
         <file>rtsv7M4_T_le_v4SPD16_eabi.lib</file>
         <name>pre_init.c.obj</name>
      </input_file>
      <input_file id="fl-eb">
         <path>C:\ti\ccs1040\ccs\tools\compiler\ti-cgt-arm_20.2.5.LTS\lib\</path>
         <kind>archive</kind>
         <file>rtsv7M4_T_le_v4SPD16_eabi.lib</file>
         <name>cpy_tbl.c.obj</name>
      </input_file>
      <input_file id="fl-ec">
         <path>C:\ti\ccs1040\ccs\tools\compiler\ti-cgt-arm_20.2.5.LTS\lib\</path>
         <kind>archive</kind>
         <file>rtsv7M4_T_le_v4SPD16_eabi.lib</file>
         <name>args_main.c.obj</name>
      </input_file>
      <input_file id="fl-ed">
         <path>C:\ti\ccs1040\ccs\tools\compiler\ti-cgt-arm_20.2.5.LTS\lib\</path>
         <kind>archive</kind>
         <file>rtsv7M4_T_le_v4SPD16_eabi.lib</file>
         <name>hostclose.c.obj</name>
      </input_file>
      <input_file id="fl-ee">
         <path>C:\ti\ccs1040\ccs\tools\compiler\ti-cgt-arm_20.2.5.LTS\lib\</path>
         <kind>archive</kind>
         <file>rtsv7M4_T_le_v4SPD16_eabi.lib</file>
         <name>hostlseek.c.obj</name>
      </input_file>
      <input_file id="fl-ef">
         <path>C:\ti\ccs1040\ccs\tools\compiler\ti-cgt-arm_20.2.5.LTS\lib\</path>
         <kind>archive</kind>
         <file>rtsv7M4_T_le_v4SPD16_eabi.lib</file>
         <name>hostopen.c.obj</name>
      </input_file>
      <input_file id="fl-f0">
         <path>C:\ti\ccs1040\ccs\tools\compiler\ti-cgt-arm_20.2.5.LTS\lib\</path>
         <kind>archive</kind>
         <file>rtsv7M4_T_le_v4SPD16_eabi.lib</file>
         <name>hostread.c.obj</name>
      </input_file>
      <input_file id="fl-f1">
         <path>C:\ti\ccs1040\ccs\tools\compiler\ti-cgt-arm_20.2.5.LTS\lib\</path>
         <kind>archive</kind>
         <file>rtsv7M4_T_le_v4SPD16_eabi.lib</file>
         <name>hostrename.c.obj</name>
      </input_file>
      <input_file id="fl-f2">
         <path>C:\ti\ccs1040\ccs\tools\compiler\ti-cgt-arm_20.2.5.LTS\lib\</path>
         <kind>archive</kind>
         <file>rtsv7M4_T_le_v4SPD16_eabi.lib</file>
         <name>hostunlink.c.obj</name>
      </input_file>
      <input_file id="fl-f3">
         <path>C:\ti\ccs1040\ccs\tools\compiler\ti-cgt-arm_20.2.5.LTS\lib\</path>
         <kind>archive</kind>
         <file>rtsv7M4_T_le_v4SPD16_eabi.lib</file>
         <name>hostwrite.c.obj</name>
      </input_file>
      <input_file id="fl-f4">
         <path>C:\ti\ccs1040\ccs\tools\compiler\ti-cgt-arm_20.2.5.LTS\lib\</path>
         <kind>archive</kind>
         <file>rtsv7M4_T_le_v4SPD16_eabi.lib</file>
         <name>trgmsg.c.obj</name>
      </input_file>
      <input_file id="fl-f5">
         <path>C:\ti\ccs1040\ccs\tools\compiler\ti-cgt-arm_20.2.5.LTS\lib\</path>
         <kind>archive</kind>
         <file>rtsv7M4_T_le_v4SPD16_eabi.lib</file>
         <name>open.c.obj</name>
      </input_file>
      <input_file id="fl-f6">
         <path>C:\ti\ccs1040\ccs\tools\compiler\ti-cgt-arm_20.2.5.LTS\lib\</path>
         <kind>archive</kind>
         <file>rtsv7M4_T_le_v4SPD16_eabi.lib</file>
         <name>lseek.c.obj</name>
      </input_file>
      <input_file id="fl-f7">
         <path>C:\ti\ccs1040\ccs\tools\compiler\ti-cgt-arm_20.2.5.LTS\lib\</path>
         <kind>archive</kind>
         <file>rtsv7M4_T_le_v4SPD16_eabi.lib</file>
         <name>fclose.c.obj</name>
      </input_file>
      <input_file id="fl-f8">
         <path>C:\ti\ccs1040\ccs\tools\compiler\ti-cgt-arm_20.2.5.LTS\lib\</path>
         <kind>archive</kind>
         <file>rtsv7M4_T_le_v4SPD16_eabi.lib</file>
         <name>getdevice.c.obj</name>
      </input_file>
      <input_file id="fl-f9">
         <path>C:\ti\ccs1040\ccs\tools\compiler\ti-cgt-arm_20.2.5.LTS\lib\</path>
         <kind>archive</kind>
         <file>rtsv7M4_T_le_v4SPD16_eabi.lib</file>
         <name>strcmp.c.obj</name>
      </input_file>
      <input_file id="fl-fa">
         <path>C:\ti\ccs1040\ccs\tools\compiler\ti-cgt-arm_20.2.5.LTS\lib\</path>
         <kind>archive</kind>
         <file>rtsv7M4_T_le_v4SPD16_eabi.lib</file>
         <name>strcpy.c.obj</name>
      </input_file>
      <input_file id="fl-fb">
         <path>C:\ti\ccs1040\ccs\tools\compiler\ti-cgt-arm_20.2.5.LTS\lib\</path>
         <kind>archive</kind>
         <file>rtsv7M4_T_le_v4SPD16_eabi.lib</file>
         <name>strncpy.c.obj</name>
      </input_file>
      <input_file id="fl-fc">
         <path>C:\ti\ccs1040\ccs\tools\compiler\ti-cgt-arm_20.2.5.LTS\lib\</path>
         <kind>archive</kind>
         <file>rtsv7M4_T_le_v4SPD16_eabi.lib</file>
         <name>remove.c.obj</name>
      </input_file>
      <input_file id="fl-fd">
         <path>C:\ti\ccs1040\ccs\tools\compiler\ti-cgt-arm_20.2.5.LTS\lib\</path>
         <kind>archive</kind>
         <file>rtsv7M4_T_le_v4SPD16_eabi.lib</file>
         <name>close.c.obj</name>
      </input_file>
      <input_file id="fl-fe">
         <path>C:\ti\ccs1040\ccs\tools\compiler\ti-cgt-arm_20.2.5.LTS\lib\</path>
         <kind>archive</kind>
         <file>rtsv7M4_T_le_v4SPD16_eabi.lib</file>
         <name>unlink.c.obj</name>
      </input_file>
   </input_file_list>
   <object_component_list>
      <object_component id="oc-26">
         <name>.intvecs:retain</name>
         <load_address>0x0</load_address>
         <run_address>0x0</run_address>
         <size>0xe4</size>
         <input_file_ref idref="fl-5"/>
      </object_component>
      <object_component id="oc-134">
         <name>.text:__TI_printfi</name>
         <load_address>0xe4</load_address>
         <run_address>0xe4</run_address>
         <size>0xa4e</size>
         <input_file_ref idref="fl-c1"/>
      </object_component>
      <object_component id="oc-1cd">
         <name>.text:_nop</name>
         <load_address>0xb32</load_address>
         <run_address>0xb32</run_address>
         <size>0x2</size>
         <input_file_ref idref="fl-d6"/>
      </object_component>
      <object_component id="oc-ac">
         <name>.text</name>
         <load_address>0xb34</load_address>
         <run_address>0xb34</run_address>
         <size>0x334</size>
         <input_file_ref idref="fl-6"/>
      </object_component>
      <object_component id="oc-1a9">
         <name>.text:_pconv_a</name>
         <load_address>0xe68</load_address>
         <run_address>0xe68</run_address>
         <size>0x270</size>
         <input_file_ref idref="fl-c1"/>
      </object_component>
      <object_component id="oc-d6">
         <name>.text</name>
         <load_address>0x10d8</load_address>
         <run_address>0x10d8</run_address>
         <size>0x1e0</size>
         <input_file_ref idref="fl-2"/>
      </object_component>
      <object_component id="oc-197">
         <name>.text:_pconv_g</name>
         <load_address>0x12b8</load_address>
         <run_address>0x12b8</run_address>
         <size>0x1d0</size>
         <input_file_ref idref="fl-c1"/>
      </object_component>
      <object_component id="oc-239">
         <name>.text</name>
         <load_address>0x1488</load_address>
         <run_address>0x1488</run_address>
         <size>0x1b6</size>
         <input_file_ref idref="fl-c9"/>
      </object_component>
      <object_component id="oc-2bf">
         <name>.text</name>
         <load_address>0x163e</load_address>
         <run_address>0x163e</run_address>
         <size>0x2</size>
         <input_file_ref idref="fl-e8"/>
      </object_component>
      <object_component id="oc-1a3">
         <name>.text:_pconv_e</name>
         <load_address>0x1640</load_address>
         <run_address>0x1640</run_address>
         <size>0x13c</size>
         <input_file_ref idref="fl-c1"/>
      </object_component>
      <object_component id="oc-21f">
         <name>.text</name>
         <load_address>0x177c</load_address>
         <run_address>0x177c</run_address>
         <size>0x136</size>
         <input_file_ref idref="fl-cb"/>
      </object_component>
      <object_component id="oc-9a">
         <name>.text</name>
         <load_address>0x18b4</load_address>
         <run_address>0x18b4</run_address>
         <size>0x128</size>
         <input_file_ref idref="fl-4"/>
      </object_component>
      <object_component id="oc-24b">
         <name>.text:fcvt</name>
         <load_address>0x19dc</load_address>
         <run_address>0x19dc</run_address>
         <size>0x124</size>
         <input_file_ref idref="fl-c1"/>
      </object_component>
      <object_component id="oc-1db">
         <name>.text:fputs</name>
         <load_address>0x1b00</load_address>
         <run_address>0x1b00</run_address>
         <size>0x114</size>
         <input_file_ref idref="fl-c3"/>
      </object_component>
      <object_component id="oc-25f">
         <name>.text:scalbn</name>
         <load_address>0x1c14</load_address>
         <run_address>0x1c14</run_address>
         <size>0x110</size>
         <input_file_ref idref="fl-c7"/>
      </object_component>
      <object_component id="oc-36a">
         <name>.text:aligned_alloc</name>
         <load_address>0x1d24</load_address>
         <run_address>0x1d24</run_address>
         <size>0x100</size>
         <input_file_ref idref="fl-dd"/>
      </object_component>
      <object_component id="oc-21a">
         <name>.text</name>
         <load_address>0x1e24</load_address>
         <run_address>0x1e24</run_address>
         <size>0xfc</size>
         <input_file_ref idref="fl-cc"/>
      </object_component>
      <object_component id="oc-328">
         <name>.text:free</name>
         <load_address>0x1f20</load_address>
         <run_address>0x1f20</run_address>
         <size>0xe4</size>
         <input_file_ref idref="fl-dd"/>
      </object_component>
      <object_component id="oc-2fa">
         <name>.text:setvbuf</name>
         <load_address>0x2004</load_address>
         <run_address>0x2004</run_address>
         <size>0xdc</size>
         <input_file_ref idref="fl-c5"/>
      </object_component>
      <object_component id="oc-18c">
         <name>.text:_ltostr</name>
         <load_address>0x20e0</load_address>
         <run_address>0x20e0</run_address>
         <size>0xb1</size>
         <input_file_ref idref="fl-c1"/>
      </object_component>
      <object_component id="oc-3a">
         <name>.text</name>
         <load_address>0x2192</load_address>
         <run_address>0x2192</run_address>
         <size>0x9c</size>
         <input_file_ref idref="fl-cf"/>
      </object_component>
      <object_component id="oc-213">
         <name>.text</name>
         <load_address>0x222e</load_address>
         <run_address>0x222e</run_address>
         <size>0x96</size>
         <input_file_ref idref="fl-d0"/>
      </object_component>
      <object_component id="oc-1e2">
         <name>.text:fputc</name>
         <load_address>0x22c4</load_address>
         <run_address>0x22c4</run_address>
         <size>0x8c</size>
         <input_file_ref idref="fl-c2"/>
      </object_component>
      <object_component id="oc-192">
         <name>.text:__aeabi_cdcmple</name>
         <load_address>0x2350</load_address>
         <run_address>0x2350</run_address>
         <size>0x86</size>
         <input_file_ref idref="fl-ca"/>
      </object_component>
      <object_component id="oc-224">
         <name>.text:__aeabi_cdrcmple</name>
         <load_address>0x23d6</load_address>
         <run_address>0x23d6</run_address>
         <size>0x86</size>
         <input_file_ref idref="fl-ca"/>
      </object_component>
      <object_component id="oc-8e">
         <name>.text</name>
         <load_address>0x245c</load_address>
         <run_address>0x245c</run_address>
         <size>0x7a</size>
         <input_file_ref idref="fl-d1"/>
      </object_component>
      <object_component id="oc-371">
         <name>.text:__TI_closefile</name>
         <load_address>0x24d8</load_address>
         <run_address>0x24d8</run_address>
         <size>0x74</size>
         <input_file_ref idref="fl-f7"/>
      </object_component>
      <object_component id="oc-3b2">
         <name>.text:split</name>
         <load_address>0x254c</load_address>
         <run_address>0x254c</run_address>
         <size>0x70</size>
         <input_file_ref idref="fl-dd"/>
      </object_component>
      <object_component id="oc-244">
         <name>.text:_mcpy</name>
         <load_address>0x25bc</load_address>
         <run_address>0x25bc</run_address>
         <size>0x6e</size>
         <input_file_ref idref="fl-c1"/>
      </object_component>
      <object_component id="oc-3a1">
         <name>.text:HOSTrename</name>
         <load_address>0x262c</load_address>
         <run_address>0x262c</run_address>
         <size>0x6c</size>
         <input_file_ref idref="fl-f1"/>
      </object_component>
      <object_component id="oc-395">
         <name>.text:HOSTlseek</name>
         <load_address>0x2698</load_address>
         <run_address>0x2698</run_address>
         <size>0x68</size>
         <input_file_ref idref="fl-ee"/>
      </object_component>
      <object_component id="oc-17">
         <name>.text:decompress:lzss:__TI_decompress_lzss</name>
         <load_address>0x2700</load_address>
         <run_address>0x2700</run_address>
         <size>0x68</size>
         <input_file_ref idref="fl-d4"/>
      </object_component>
      <object_component id="oc-dc">
         <name>.text:printf</name>
         <load_address>0x2768</load_address>
         <run_address>0x2768</run_address>
         <size>0x68</size>
         <input_file_ref idref="fl-c0"/>
      </object_component>
      <object_component id="oc-259">
         <name>.text:frexp</name>
         <load_address>0x27d0</load_address>
         <run_address>0x27d0</run_address>
         <size>0x64</size>
         <input_file_ref idref="fl-c6"/>
      </object_component>
      <object_component id="oc-2f4">
         <name>.text:fseek</name>
         <load_address>0x2834</load_address>
         <run_address>0x2834</run_address>
         <size>0x64</size>
         <input_file_ref idref="fl-e6"/>
      </object_component>
      <object_component id="oc-290">
         <name>.text:__TI_wrt_ok</name>
         <load_address>0x2898</load_address>
         <run_address>0x2898</run_address>
         <size>0x62</size>
         <input_file_ref idref="fl-c4"/>
      </object_component>
      <object_component id="oc-37d">
         <name>.text:HOSTopen</name>
         <load_address>0x28fc</load_address>
         <run_address>0x28fc</run_address>
         <size>0x60</size>
         <input_file_ref idref="fl-ef"/>
      </object_component>
      <object_component id="oc-3b9">
         <name>.text:close</name>
         <load_address>0x295c</load_address>
         <run_address>0x295c</run_address>
         <size>0x5c</size>
         <input_file_ref idref="fl-fd"/>
      </object_component>
      <object_component id="oc-389">
         <name>.text:HOSTread</name>
         <load_address>0x29b8</load_address>
         <run_address>0x29b8</run_address>
         <size>0x58</size>
         <input_file_ref idref="fl-f0"/>
      </object_component>
      <object_component id="oc-38f">
         <name>.text:HOSTwrite</name>
         <load_address>0x2a10</load_address>
         <run_address>0x2a10</run_address>
         <size>0x58</size>
         <input_file_ref idref="fl-f3"/>
      </object_component>
      <object_component id="oc-19d">
         <name>.text:_pconv_f</name>
         <load_address>0x2a68</load_address>
         <run_address>0x2a68</run_address>
         <size>0x56</size>
         <input_file_ref idref="fl-c1"/>
      </object_component>
      <object_component id="oc-22e">
         <name>.text:__TI_ltoa</name>
         <load_address>0x2abe</load_address>
         <run_address>0x2abe</run_address>
         <size>0x54</size>
         <input_file_ref idref="fl-d7"/>
      </object_component>
      <object_component id="oc-23e">
         <name>.text:_ecpy</name>
         <load_address>0x2b12</load_address>
         <run_address>0x2b12</run_address>
         <size>0x52</size>
         <input_file_ref idref="fl-c1"/>
      </object_component>
      <object_component id="oc-29c">
         <name>.text:__TI_doflush</name>
         <load_address>0x2b64</load_address>
         <run_address>0x2b64</run_address>
         <size>0x4c</size>
         <input_file_ref idref="fl-e4"/>
      </object_component>
      <object_component id="oc-186">
         <name>.text:atoi</name>
         <load_address>0x2bb0</load_address>
         <run_address>0x2bb0</run_address>
         <size>0x4c</size>
         <input_file_ref idref="fl-d8"/>
      </object_component>
      <object_component id="oc-e9">
         <name>.text:exit</name>
         <load_address>0x2bfc</load_address>
         <run_address>0x2bfc</run_address>
         <size>0x48</size>
         <input_file_ref idref="fl-d5"/>
      </object_component>
      <object_component id="oc-229">
         <name>.text</name>
         <load_address>0x2c44</load_address>
         <run_address>0x2c44</run_address>
         <size>0x48</size>
         <input_file_ref idref="fl-cd"/>
      </object_component>
      <object_component id="oc-383">
         <name>.text:HOSTclose</name>
         <load_address>0x2c8c</load_address>
         <run_address>0x2c8c</run_address>
         <size>0x44</size>
         <input_file_ref idref="fl-ed"/>
      </object_component>
      <object_component id="oc-39b">
         <name>.text:HOSTunlink</name>
         <load_address>0x2cd0</load_address>
         <run_address>0x2cd0</run_address>
         <size>0x44</size>
         <input_file_ref idref="fl-f2"/>
      </object_component>
      <object_component id="oc-ef">
         <name>.text:__TI_auto_init_nobinit_nopinit:__TI_auto_init_nobinit_nopinit</name>
         <load_address>0x2d14</load_address>
         <run_address>0x2d14</run_address>
         <size>0x44</size>
         <input_file_ref idref="fl-e9"/>
      </object_component>
      <object_component id="oc-3f1">
         <name>.text:getdevice</name>
         <load_address>0x2d58</load_address>
         <run_address>0x2d58</run_address>
         <size>0x44</size>
         <input_file_ref idref="fl-f8"/>
      </object_component>
      <object_component id="oc-251">
         <name>.text:_fcpy</name>
         <load_address>0x2d9c</load_address>
         <run_address>0x2d9c</run_address>
         <size>0x3e</size>
         <input_file_ref idref="fl-c1"/>
      </object_component>
      <object_component id="oc-3ca">
         <name>.text:__TI_writemsg</name>
         <load_address>0x2ddc</load_address>
         <run_address>0x2ddc</run_address>
         <size>0x38</size>
         <input_file_ref idref="fl-f4"/>
      </object_component>
      <object_component id="oc-413">
         <name>.text:strncpy</name>
         <load_address>0x2e14</load_address>
         <run_address>0x2e14</run_address>
         <size>0x36</size>
         <input_file_ref idref="fl-fb"/>
      </object_component>
      <object_component id="oc-334">
         <name>.text:__TI_cleanup</name>
         <load_address>0x2e4c</load_address>
         <run_address>0x2e4c</run_address>
         <size>0x34</size>
         <input_file_ref idref="fl-e5"/>
      </object_component>
      <object_component id="oc-3d0">
         <name>.text:__TI_readmsg</name>
         <load_address>0x2e80</load_address>
         <run_address>0x2e80</run_address>
         <size>0x34</size>
         <input_file_ref idref="fl-f4"/>
      </object_component>
      <object_component id="oc-58">
         <name>.text:_c_int00_noargs:_c_int00_noargs</name>
         <load_address>0x2eb4</load_address>
         <run_address>0x2eb4</run_address>
         <size>0x34</size>
         <input_file_ref idref="fl-e1"/>
      </object_component>
      <object_component id="oc-419">
         <name>.text:finddevice</name>
         <load_address>0x2ee8</load_address>
         <run_address>0x2ee8</run_address>
         <size>0x30</size>
         <input_file_ref idref="fl-f8"/>
      </object_component>
      <object_component id="oc-234">
         <name>.text</name>
         <load_address>0x2f18</load_address>
         <run_address>0x2f18</run_address>
         <size>0x2e</size>
         <input_file_ref idref="fl-ce"/>
      </object_component>
      <object_component id="oc-3bf">
         <name>.text:unlink</name>
         <load_address>0x2f48</load_address>
         <run_address>0x2f48</run_address>
         <size>0x2c</size>
         <input_file_ref idref="fl-fe"/>
      </object_component>
      <object_component id="oc-363">
         <name>.text:free_list_insert</name>
         <load_address>0x2f74</load_address>
         <run_address>0x2f74</run_address>
         <size>0x28</size>
         <input_file_ref idref="fl-dd"/>
      </object_component>
      <object_component id="oc-320">
         <name>.text:lseek</name>
         <load_address>0x2f9c</load_address>
         <run_address>0x2f9c</run_address>
         <size>0x28</size>
         <input_file_ref idref="fl-f6"/>
      </object_component>
      <object_component id="oc-2a2">
         <name>.text:write</name>
         <load_address>0x2fc4</load_address>
         <run_address>0x2fc4</run_address>
         <size>0x28</size>
         <input_file_ref idref="fl-e2"/>
      </object_component>
      <object_component id="oc-296">
         <name>.text:memchr</name>
         <load_address>0x2fec</load_address>
         <run_address>0x2fec</run_address>
         <size>0x20</size>
         <input_file_ref idref="fl-dc"/>
      </object_component>
      <object_component id="oc-46">
         <name>.text:decompress:ZI:__TI_zero_init_nomemset:__TI_zero_init_nomemset</name>
         <load_address>0x300c</load_address>
         <run_address>0x300c</run_address>
         <size>0x1c</size>
         <input_file_ref idref="fl-d2"/>
      </object_component>
      <object_component id="oc-35d">
         <name>.text:free_list_remove</name>
         <load_address>0x3028</load_address>
         <run_address>0x3028</run_address>
         <size>0x1c</size>
         <input_file_ref idref="fl-dd"/>
      </object_component>
      <object_component id="oc-1af">
         <name>.text:memccpy</name>
         <load_address>0x3044</load_address>
         <run_address>0x3044</run_address>
         <size>0x1c</size>
         <input_file_ref idref="fl-db"/>
      </object_component>
      <object_component id="oc-2d8">
         <name>.text:copysign</name>
         <load_address>0x3060</load_address>
         <run_address>0x3060</run_address>
         <size>0x1a</size>
         <input_file_ref idref="fl-e7"/>
      </object_component>
      <object_component id="oc-430">
         <name>.text:strcmp</name>
         <load_address>0x307a</load_address>
         <run_address>0x307a</run_address>
         <size>0x18</size>
         <input_file_ref idref="fl-f9"/>
      </object_component>
      <object_component id="oc-265">
         <name>.text:strchr</name>
         <load_address>0x3092</load_address>
         <run_address>0x3092</run_address>
         <size>0x16</size>
         <input_file_ref idref="fl-de"/>
      </object_component>
      <object_component id="oc-3e4">
         <name>.text:strcpy</name>
         <load_address>0x30a8</load_address>
         <run_address>0x30a8</run_address>
         <size>0x14</size>
         <input_file_ref idref="fl-fa"/>
      </object_component>
      <object_component id="oc-180">
         <name>.text:strlen</name>
         <load_address>0x30bc</load_address>
         <run_address>0x30bc</run_address>
         <size>0x14</size>
         <input_file_ref idref="fl-df"/>
      </object_component>
      <object_component id="oc-1b5">
         <name>.text:wcslen</name>
         <load_address>0x30d0</load_address>
         <run_address>0x30d0</run_address>
         <size>0x12</size>
         <input_file_ref idref="fl-c8"/>
      </object_component>
      <object_component id="oc-1d">
         <name>.text:decompress:none:__TI_decompress_none</name>
         <load_address>0x30e2</load_address>
         <run_address>0x30e2</run_address>
         <size>0xe</size>
         <input_file_ref idref="fl-d3"/>
      </object_component>
      <object_component id="oc-6a">
         <name>.text</name>
         <load_address>0x30f0</load_address>
         <run_address>0x30f0</run_address>
         <size>0xe</size>
         <input_file_ref idref="fl-5"/>
      </object_component>
      <object_component id="oc-1bb">
         <name>.text:__aeabi_errno_addr</name>
         <load_address>0x3100</load_address>
         <run_address>0x3100</run_address>
         <size>0x8</size>
         <input_file_ref idref="fl-e0"/>
      </object_component>
      <object_component id="oc-32e">
         <name>.text:malloc</name>
         <load_address>0x3108</load_address>
         <run_address>0x3108</run_address>
         <size>0x8</size>
         <input_file_ref idref="fl-dd"/>
      </object_component>
      <object_component id="oc-146">
         <name>.text:_outc</name>
         <load_address>0x3110</load_address>
         <run_address>0x3110</run_address>
         <size>0x4</size>
         <input_file_ref idref="fl-c0"/>
      </object_component>
      <object_component id="oc-140">
         <name>.text:_outs</name>
         <load_address>0x3114</load_address>
         <run_address>0x3114</run_address>
         <size>0x4</size>
         <input_file_ref idref="fl-c0"/>
      </object_component>
      <object_component id="oc-94">
         <name>.text:_system_pre_init</name>
         <load_address>0x3118</load_address>
         <run_address>0x3118</run_address>
         <size>0x4</size>
         <input_file_ref idref="fl-ea"/>
      </object_component>
      <object_component id="oc-e3">
         <name>.text:abort:abort</name>
         <load_address>0x311c</load_address>
         <run_address>0x311c</run_address>
         <size>0x4</size>
         <input_file_ref idref="fl-d5"/>
      </object_component>
      <object_component id="oc-20e">
         <name>.const:.string:_ctypes_</name>
         <load_address>0x3120</load_address>
         <run_address>0x3120</run_address>
         <size>0x101</size>
         <input_file_ref idref="fl-d9"/>
      </object_component>
      <object_component id="oc-470">
         <name>.cinit..data.load</name>
         <load_address>0x3228</load_address>
         <run_address>0x3228</run_address>
         <size>0x70</size>
      </object_component>
      <object_component id="oc-46e">
         <name>__TI_handler_table</name>
         <load_address>0x3298</load_address>
         <run_address>0x3298</run_address>
         <size>0xc</size>
      </object_component>
      <object_component id="oc-471">
         <name>.cinit..bss.load</name>
         <load_address>0x32a8</load_address>
         <run_address>0x32a8</run_address>
         <size>0x8</size>
      </object_component>
      <object_component id="oc-46f">
         <name>__TI_cinit_table</name>
         <load_address>0x32b0</load_address>
         <run_address>0x32b0</run_address>
         <size>0x10</size>
      </object_component>
      <object_component id="oc-442">
         <name>.binit</name>
         <load_address>0x0</load_address>
         <run_address>0x0</run_address>
         <size>0x0</size>
      </object_component>
      <object_component id="oc-130">
         <name>.data</name>
         <load_address>0x200005b8</load_address>
         <run_address>0x200005b8</run_address>
         <size>0x18</size>
         <input_file_ref idref="fl-2"/>
      </object_component>
      <object_component id="oc-121">
         <name>.data</name>
         <load_address>0x20000600</load_address>
         <run_address>0x20000600</run_address>
         <size>0x4</size>
         <input_file_ref idref="fl-6"/>
      </object_component>
      <object_component id="oc-154">
         <name>.data:$O1$$</name>
         <load_address>0x200005e0</load_address>
         <run_address>0x200005e0</run_address>
         <size>0xc</size>
         <input_file_ref idref="fl-d5"/>
      </object_component>
      <object_component id="oc-13a">
         <name>.data:$O1$$</name>
         <load_address>0x200005ec</load_address>
         <run_address>0x200005ec</run_address>
         <size>0x8</size>
         <input_file_ref idref="fl-d6"/>
      </object_component>
      <object_component id="oc-13d">
         <name>.data:_ftable</name>
         <load_address>0x20000400</load_address>
         <run_address>0x20000400</run_address>
         <size>0xf0</size>
         <input_file_ref idref="fl-da"/>
      </object_component>
      <object_component id="oc-377">
         <name>.data</name>
         <load_address>0x200005d0</load_address>
         <run_address>0x200005d0</run_address>
         <size>0x10</size>
         <input_file_ref idref="fl-da"/>
      </object_component>
      <object_component id="oc-3ad">
         <name>.data:$O1$$</name>
         <load_address>0x200005f4</load_address>
         <run_address>0x200005f4</run_address>
         <size>0x8</size>
         <input_file_ref idref="fl-dd"/>
      </object_component>
      <object_component id="oc-275">
         <name>.data</name>
         <load_address>0x200005fc</load_address>
         <run_address>0x200005fc</run_address>
         <size>0x4</size>
         <input_file_ref idref="fl-e0"/>
      </object_component>
      <object_component id="oc-347">
         <name>.data:_device</name>
         <load_address>0x200004f0</load_address>
         <run_address>0x200004f0</run_address>
         <size>0x78</size>
         <input_file_ref idref="fl-e3"/>
      </object_component>
      <object_component id="oc-306">
         <name>.data:_stream</name>
         <load_address>0x20000568</load_address>
         <run_address>0x20000568</run_address>
         <size>0x50</size>
         <input_file_ref idref="fl-e3"/>
      </object_component>
      <object_component id="oc-3fb">
         <name>.bss:_CIOBUF_</name>
         <uninitialized>true</uninitialized>
         <run_address>0x20000604</run_address>
         <size>0x120</size>
         <input_file_ref idref="fl-f4"/>
      </object_component>
      <object_component id="oc-3c5">
         <name>.common:__TI_tmpnams</name>
         <uninitialized>true</uninitialized>
         <run_address>0x20000724</run_address>
         <size>0xa0</size>
      </object_component>
      <object_component id="oc-3d6">
         <name>.common:parmbuf</name>
         <uninitialized>true</uninitialized>
         <run_address>0x200007c4</run_address>
         <size>0x8</size>
      </object_component>
      <object_component id="oc-29">
         <name>.sysmem</name>
         <uninitialized>true</uninitialized>
         <run_address>0x20000000</run_address>
         <size>0x10</size>
         <input_file_ref idref="fl-dd"/>
      </object_component>
      <object_component id="oc-474">
         <name>.sysmem</name>
         <uninitialized>true</uninitialized>
         <run_address>0x20000000</run_address>
         <size>0x0</size>
      </object_component>
      <object_component id="oc-2c">
         <name>.stack</name>
         <uninitialized>true</uninitialized>
         <run_address>0x2000fe00</run_address>
         <size>0x4</size>
         <input_file_ref idref="fl-e1"/>
      </object_component>
      <object_component id="oc-473">
         <name>.stack</name>
         <uninitialized>true</uninitialized>
         <run_address>0x2000fe00</run_address>
         <size>0x0</size>
      </object_component>
      <object_component id="oc-12f">
         <name>.debug_info</name>
         <load_address>0x0</load_address>
         <run_address>0x0</run_address>
         <size>0x520</size>
         <input_file_ref idref="fl-2"/>
      </object_component>
      <object_component id="oc-131">
         <name>.debug_info</name>
         <load_address>0x520</load_address>
         <run_address>0x520</run_address>
         <size>0x17c</size>
         <input_file_ref idref="fl-2"/>
      </object_component>
      <object_component id="oc-d7">
         <name>.debug_info</name>
         <load_address>0x69c</load_address>
         <run_address>0x69c</run_address>
         <size>0x2a0</size>
         <input_file_ref idref="fl-2"/>
      </object_component>
      <object_component id="oc-174">
         <name>.debug_info</name>
         <load_address>0x93c</load_address>
         <run_address>0x93c</run_address>
         <size>0x37e2</size>
         <input_file_ref idref="fl-2"/>
      </object_component>
      <object_component id="oc-b5">
         <name>.debug_info</name>
         <load_address>0x411e</load_address>
         <run_address>0x411e</run_address>
         <size>0x26b</size>
         <input_file_ref idref="fl-2"/>
      </object_component>
      <object_component id="oc-179">
         <name>.debug_info</name>
         <load_address>0x4389</load_address>
         <run_address>0x4389</run_address>
         <size>0x1055</size>
         <input_file_ref idref="fl-2"/>
      </object_component>
      <object_component id="oc-35">
         <name>.debug_info</name>
         <load_address>0x53de</load_address>
         <run_address>0x53de</run_address>
         <size>0x84</size>
         <input_file_ref idref="fl-2"/>
      </object_component>
      <object_component id="oc-12a">
         <name>.debug_info</name>
         <load_address>0x5462</load_address>
         <run_address>0x5462</run_address>
         <size>0x2a4</size>
         <input_file_ref idref="fl-2"/>
      </object_component>
      <object_component id="oc-125">
         <name>.debug_info</name>
         <load_address>0x5706</load_address>
         <run_address>0x5706</run_address>
         <size>0xbb</size>
         <input_file_ref idref="fl-2"/>
      </object_component>
      <object_component id="oc-9b">
         <name>.debug_info</name>
         <load_address>0x57c1</load_address>
         <run_address>0x57c1</run_address>
         <size>0x1f7</size>
         <input_file_ref idref="fl-4"/>
      </object_component>
      <object_component id="oc-72">
         <name>.debug_info</name>
         <load_address>0x59b8</load_address>
         <run_address>0x59b8</run_address>
         <size>0x2bf</size>
         <input_file_ref idref="fl-5"/>
      </object_component>
      <object_component id="oc-27">
         <name>.debug_info</name>
         <load_address>0x5c77</load_address>
         <run_address>0x5c77</run_address>
         <size>0xeb</size>
         <input_file_ref idref="fl-5"/>
      </object_component>
      <object_component id="oc-6b">
         <name>.debug_info</name>
         <load_address>0x5d62</load_address>
         <run_address>0x5d62</run_address>
         <size>0x1b2</size>
         <input_file_ref idref="fl-5"/>
      </object_component>
      <object_component id="oc-122">
         <name>.debug_info</name>
         <load_address>0x5f14</load_address>
         <run_address>0x5f14</run_address>
         <size>0xe4</size>
         <input_file_ref idref="fl-6"/>
      </object_component>
      <object_component id="oc-ad">
         <name>.debug_info</name>
         <load_address>0x5ff8</load_address>
         <run_address>0x5ff8</run_address>
         <size>0x256</size>
         <input_file_ref idref="fl-6"/>
      </object_component>
      <object_component id="oc-14d">
         <name>.debug_info</name>
         <load_address>0x624e</load_address>
         <run_address>0x624e</run_address>
         <size>0x3e5</size>
         <input_file_ref idref="fl-c0"/>
      </object_component>
      <object_component id="oc-148">
         <name>.debug_info</name>
         <load_address>0x6633</load_address>
         <run_address>0x6633</run_address>
         <size>0x157</size>
         <input_file_ref idref="fl-c0"/>
      </object_component>
      <object_component id="oc-143">
         <name>.debug_info</name>
         <load_address>0x678a</load_address>
         <run_address>0x678a</run_address>
         <size>0x166</size>
         <input_file_ref idref="fl-c0"/>
      </object_component>
      <object_component id="oc-dd">
         <name>.debug_info</name>
         <load_address>0x68f0</load_address>
         <run_address>0x68f0</run_address>
         <size>0x1ac</size>
         <input_file_ref idref="fl-c0"/>
      </object_component>
      <object_component id="oc-1eb">
         <name>.debug_info</name>
         <load_address>0x6a9c</load_address>
         <run_address>0x6a9c</run_address>
         <size>0xb2</size>
         <input_file_ref idref="fl-c0"/>
      </object_component>
      <object_component id="oc-1f0">
         <name>.debug_info</name>
         <load_address>0x6b4e</load_address>
         <run_address>0x6b4e</run_address>
         <size>0x4e</size>
         <input_file_ref idref="fl-c0"/>
      </object_component>
      <object_component id="oc-14e">
         <name>.debug_info</name>
         <load_address>0x6b9c</load_address>
         <run_address>0x6b9c</run_address>
         <size>0x2c</size>
         <input_file_ref idref="fl-c0"/>
      </object_component>
      <object_component id="oc-1c2">
         <name>.debug_info</name>
         <load_address>0x6bc8</load_address>
         <run_address>0x6bc8</run_address>
         <size>0x590</size>
         <input_file_ref idref="fl-c1"/>
      </object_component>
      <object_component id="oc-18d">
         <name>.debug_info</name>
         <load_address>0x7158</load_address>
         <run_address>0x7158</run_address>
         <size>0x21e</size>
         <input_file_ref idref="fl-c1"/>
      </object_component>
      <object_component id="oc-23f">
         <name>.debug_info</name>
         <load_address>0x7376</load_address>
         <run_address>0x7376</run_address>
         <size>0x1b3</size>
         <input_file_ref idref="fl-c1"/>
      </object_component>
      <object_component id="oc-245">
         <name>.debug_info</name>
         <load_address>0x7529</load_address>
         <run_address>0x7529</run_address>
         <size>0x21b</size>
         <input_file_ref idref="fl-c1"/>
      </object_component>
      <object_component id="oc-198">
         <name>.debug_info</name>
         <load_address>0x7744</load_address>
         <run_address>0x7744</run_address>
         <size>0x3c0</size>
         <input_file_ref idref="fl-c1"/>
      </object_component>
      <object_component id="oc-24c">
         <name>.debug_info</name>
         <load_address>0x7b04</load_address>
         <run_address>0x7b04</run_address>
         <size>0x30a</size>
         <input_file_ref idref="fl-c1"/>
      </object_component>
      <object_component id="oc-252">
         <name>.debug_info</name>
         <load_address>0x7e0e</load_address>
         <run_address>0x7e0e</run_address>
         <size>0x215</size>
         <input_file_ref idref="fl-c1"/>
      </object_component>
      <object_component id="oc-19e">
         <name>.debug_info</name>
         <load_address>0x8023</load_address>
         <run_address>0x8023</run_address>
         <size>0x215</size>
         <input_file_ref idref="fl-c1"/>
      </object_component>
      <object_component id="oc-1a4">
         <name>.debug_info</name>
         <load_address>0x8238</load_address>
         <run_address>0x8238</run_address>
         <size>0x304</size>
         <input_file_ref idref="fl-c1"/>
      </object_component>
      <object_component id="oc-1aa">
         <name>.debug_info</name>
         <load_address>0x853c</load_address>
         <run_address>0x853c</run_address>
         <size>0x4b5</size>
         <input_file_ref idref="fl-c1"/>
      </object_component>
      <object_component id="oc-135">
         <name>.debug_info</name>
         <load_address>0x89f1</load_address>
         <run_address>0x89f1</run_address>
         <size>0x5f4</size>
         <input_file_ref idref="fl-c1"/>
      </object_component>
      <object_component id="oc-1c3">
         <name>.debug_info</name>
         <load_address>0x8fe5</load_address>
         <run_address>0x8fe5</run_address>
         <size>0x86</size>
         <input_file_ref idref="fl-c1"/>
      </object_component>
      <object_component id="oc-281">
         <name>.debug_info</name>
         <load_address>0x906b</load_address>
         <run_address>0x906b</run_address>
         <size>0x39</size>
         <input_file_ref idref="fl-c1"/>
      </object_component>
      <object_component id="oc-2ef">
         <name>.debug_info</name>
         <load_address>0x90a4</load_address>
         <run_address>0x90a4</run_address>
         <size>0xb6</size>
         <input_file_ref idref="fl-c1"/>
      </object_component>
      <object_component id="oc-286">
         <name>.debug_info</name>
         <load_address>0x915a</load_address>
         <run_address>0x915a</run_address>
         <size>0x46</size>
         <input_file_ref idref="fl-c1"/>
      </object_component>
      <object_component id="oc-1c8">
         <name>.debug_info</name>
         <load_address>0x91a0</load_address>
         <run_address>0x91a0</run_address>
         <size>0x46</size>
         <input_file_ref idref="fl-c1"/>
      </object_component>
      <object_component id="oc-27c">
         <name>.debug_info</name>
         <load_address>0x91e6</load_address>
         <run_address>0x91e6</run_address>
         <size>0x2c</size>
         <input_file_ref idref="fl-c1"/>
      </object_component>
      <object_component id="oc-2ab">
         <name>.debug_info</name>
         <load_address>0x9212</load_address>
         <run_address>0x9212</run_address>
         <size>0x383</size>
         <input_file_ref idref="fl-c2"/>
      </object_component>
      <object_component id="oc-1e3">
         <name>.debug_info</name>
         <load_address>0x9595</load_address>
         <run_address>0x9595</run_address>
         <size>0x1ea</size>
         <input_file_ref idref="fl-c2"/>
      </object_component>
      <object_component id="oc-2a9">
         <name>.debug_info</name>
         <load_address>0x977f</load_address>
         <run_address>0x977f</run_address>
         <size>0x3fc</size>
         <input_file_ref idref="fl-c3"/>
      </object_component>
      <object_component id="oc-1dd">
         <name>.debug_info</name>
         <load_address>0x9b7b</load_address>
         <run_address>0x9b7b</run_address>
         <size>0x2e2</size>
         <input_file_ref idref="fl-c3"/>
      </object_component>
      <object_component id="oc-cd">
         <name>.debug_info</name>
         <load_address>0x9e5d</load_address>
         <run_address>0x9e5d</run_address>
         <size>0x2c</size>
         <input_file_ref idref="fl-c3"/>
      </object_component>
      <object_component id="oc-301">
         <name>.debug_info</name>
         <load_address>0x9e89</load_address>
         <run_address>0x9e89</run_address>
         <size>0x300</size>
         <input_file_ref idref="fl-c4"/>
      </object_component>
      <object_component id="oc-294">
         <name>.debug_info</name>
         <load_address>0xa189</load_address>
         <run_address>0xa189</run_address>
         <size>0x19c</size>
         <input_file_ref idref="fl-c4"/>
      </object_component>
      <object_component id="oc-33c">
         <name>.debug_info</name>
         <load_address>0xa325</load_address>
         <run_address>0xa325</run_address>
         <size>0xbf</size>
         <input_file_ref idref="fl-c4"/>
      </object_component>
      <object_component id="oc-33b">
         <name>.debug_info</name>
         <load_address>0xa3e4</load_address>
         <run_address>0xa3e4</run_address>
         <size>0x374</size>
         <input_file_ref idref="fl-c5"/>
      </object_component>
      <object_component id="oc-2fe">
         <name>.debug_info</name>
         <load_address>0xa758</load_address>
         <run_address>0xa758</run_address>
         <size>0x20b</size>
         <input_file_ref idref="fl-c5"/>
      </object_component>
      <object_component id="oc-2d2">
         <name>.debug_info</name>
         <load_address>0xa963</load_address>
         <run_address>0xa963</run_address>
         <size>0x295</size>
         <input_file_ref idref="fl-c6"/>
      </object_component>
      <object_component id="oc-25a">
         <name>.debug_info</name>
         <load_address>0xabf8</load_address>
         <run_address>0xabf8</run_address>
         <size>0x195</size>
         <input_file_ref idref="fl-c6"/>
      </object_component>
      <object_component id="oc-316">
         <name>.debug_info</name>
         <load_address>0xad8d</load_address>
         <run_address>0xad8d</run_address>
         <size>0x39</size>
         <input_file_ref idref="fl-c6"/>
      </object_component>
      <object_component id="oc-2d3">
         <name>.debug_info</name>
         <load_address>0xadc6</load_address>
         <run_address>0xadc6</run_address>
         <size>0x2c</size>
         <input_file_ref idref="fl-c6"/>
      </object_component>
      <object_component id="oc-2df">
         <name>.debug_info</name>
         <load_address>0xadf2</load_address>
         <run_address>0xadf2</run_address>
         <size>0x2f8</size>
         <input_file_ref idref="fl-c7"/>
      </object_component>
      <object_component id="oc-260">
         <name>.debug_info</name>
         <load_address>0xb0ea</load_address>
         <run_address>0xb0ea</run_address>
         <size>0x225</size>
         <input_file_ref idref="fl-c7"/>
      </object_component>
      <object_component id="oc-274">
         <name>.debug_info</name>
         <load_address>0xb30f</load_address>
         <run_address>0xb30f</run_address>
         <size>0x28f</size>
         <input_file_ref idref="fl-c8"/>
      </object_component>
      <object_component id="oc-1b6">
         <name>.debug_info</name>
         <load_address>0xb59e</load_address>
         <run_address>0xb59e</run_address>
         <size>0x15a</size>
         <input_file_ref idref="fl-c8"/>
      </object_component>
      <object_component id="oc-2e4">
         <name>.debug_info</name>
         <load_address>0xb6f8</load_address>
         <run_address>0xb6f8</run_address>
         <size>0x46</size>
         <input_file_ref idref="fl-c8"/>
      </object_component>
      <object_component id="oc-26f">
         <name>.debug_info</name>
         <load_address>0xb73e</load_address>
         <run_address>0xb73e</run_address>
         <size>0x39</size>
         <input_file_ref idref="fl-c8"/>
      </object_component>
      <object_component id="oc-23b">
         <name>.debug_info</name>
         <load_address>0xb777</load_address>
         <run_address>0xb777</run_address>
         <size>0x14c</size>
         <input_file_ref idref="fl-c9"/>
      </object_component>
      <object_component id="oc-193">
         <name>.debug_info</name>
         <load_address>0xb8c3</load_address>
         <run_address>0xb8c3</run_address>
         <size>0x128</size>
         <input_file_ref idref="fl-ca"/>
      </object_component>
      <object_component id="oc-227">
         <name>.debug_info</name>
         <load_address>0xb9eb</load_address>
         <run_address>0xb9eb</run_address>
         <size>0x12a</size>
         <input_file_ref idref="fl-ca"/>
      </object_component>
      <object_component id="oc-220">
         <name>.debug_info</name>
         <load_address>0xbb15</load_address>
         <run_address>0xbb15</run_address>
         <size>0x13a</size>
         <input_file_ref idref="fl-cb"/>
      </object_component>
      <object_component id="oc-21d">
         <name>.debug_info</name>
         <load_address>0xbc4f</load_address>
         <run_address>0xbc4f</run_address>
         <size>0x13a</size>
         <input_file_ref idref="fl-cc"/>
      </object_component>
      <object_component id="oc-22c">
         <name>.debug_info</name>
         <load_address>0xbd89</load_address>
         <run_address>0xbd89</run_address>
         <size>0x12e</size>
         <input_file_ref idref="fl-cd"/>
      </object_component>
      <object_component id="oc-235">
         <name>.debug_info</name>
         <load_address>0xbeb7</load_address>
         <run_address>0xbeb7</run_address>
         <size>0x12c</size>
         <input_file_ref idref="fl-ce"/>
      </object_component>
      <object_component id="oc-3d">
         <name>.debug_info</name>
         <load_address>0xbfe3</load_address>
         <run_address>0xbfe3</run_address>
         <size>0x119</size>
         <input_file_ref idref="fl-cf"/>
      </object_component>
      <object_component id="oc-215">
         <name>.debug_info</name>
         <load_address>0xc0fc</load_address>
         <run_address>0xc0fc</run_address>
         <size>0x134</size>
         <input_file_ref idref="fl-d0"/>
      </object_component>
      <object_component id="oc-90">
         <name>.debug_info</name>
         <load_address>0xc230</load_address>
         <run_address>0xc230</run_address>
         <size>0x147</size>
         <input_file_ref idref="fl-d1"/>
      </object_component>
      <object_component id="oc-8d">
         <name>.debug_info</name>
         <load_address>0xc377</load_address>
         <run_address>0xc377</run_address>
         <size>0x2d4</size>
         <input_file_ref idref="fl-d2"/>
      </object_component>
      <object_component id="oc-49">
         <name>.debug_info</name>
         <load_address>0xc64b</load_address>
         <run_address>0xc64b</run_address>
         <size>0x1d2</size>
         <input_file_ref idref="fl-d2"/>
      </object_component>
      <object_component id="oc-88">
         <name>.debug_info</name>
         <load_address>0xc81d</load_address>
         <run_address>0xc81d</run_address>
         <size>0x46</size>
         <input_file_ref idref="fl-d2"/>
      </object_component>
      <object_component id="oc-45">
         <name>.debug_info</name>
         <load_address>0xc863</load_address>
         <run_address>0xc863</run_address>
         <size>0x2a8</size>
         <input_file_ref idref="fl-d3"/>
      </object_component>
      <object_component id="oc-1e">
         <name>.debug_info</name>
         <load_address>0xcb0b</load_address>
         <run_address>0xcb0b</run_address>
         <size>0x1ea</size>
         <input_file_ref idref="fl-d3"/>
      </object_component>
      <object_component id="oc-40">
         <name>.debug_info</name>
         <load_address>0xccf5</load_address>
         <run_address>0xccf5</run_address>
         <size>0x46</size>
         <input_file_ref idref="fl-d3"/>
      </object_component>
      <object_component id="oc-80">
         <name>.debug_info</name>
         <load_address>0xcd3b</load_address>
         <run_address>0xcd3b</run_address>
         <size>0x2c</size>
         <input_file_ref idref="fl-d3"/>
      </object_component>
      <object_component id="oc-7e">
         <name>.debug_info</name>
         <load_address>0xcd67</load_address>
         <run_address>0xcd67</run_address>
         <size>0x29e</size>
         <input_file_ref idref="fl-d4"/>
      </object_component>
      <object_component id="oc-18">
         <name>.debug_info</name>
         <load_address>0xd005</load_address>
         <run_address>0xd005</run_address>
         <size>0x250</size>
         <input_file_ref idref="fl-d4"/>
      </object_component>
      <object_component id="oc-30">
         <name>.debug_info</name>
         <load_address>0xd255</load_address>
         <run_address>0xd255</run_address>
         <size>0x60</size>
         <input_file_ref idref="fl-d4"/>
      </object_component>
      <object_component id="oc-c6">
         <name>.debug_info</name>
         <load_address>0xd2b5</load_address>
         <run_address>0xd2b5</run_address>
         <size>0x46</size>
         <input_file_ref idref="fl-d4"/>
      </object_component>
      <object_component id="oc-79">
         <name>.debug_info</name>
         <load_address>0xd2fb</load_address>
         <run_address>0xd2fb</run_address>
         <size>0x39</size>
         <input_file_ref idref="fl-d4"/>
      </object_component>
      <object_component id="oc-158">
         <name>.debug_info</name>
         <load_address>0xd334</load_address>
         <run_address>0xd334</run_address>
         <size>0x3ad</size>
         <input_file_ref idref="fl-d5"/>
      </object_component>
      <object_component id="oc-155">
         <name>.debug_info</name>
         <load_address>0xd6e1</load_address>
         <run_address>0xd6e1</run_address>
         <size>0x190</size>
         <input_file_ref idref="fl-d5"/>
      </object_component>
      <object_component id="oc-e5">
         <name>.debug_info</name>
         <load_address>0xd871</load_address>
         <run_address>0xd871</run_address>
         <size>0x122</size>
         <input_file_ref idref="fl-d5"/>
      </object_component>
      <object_component id="oc-ea">
         <name>.debug_info</name>
         <load_address>0xd993</load_address>
         <run_address>0xd993</run_address>
         <size>0x184</size>
         <input_file_ref idref="fl-d5"/>
      </object_component>
      <object_component id="oc-1d5">
         <name>.debug_info</name>
         <load_address>0xdb17</load_address>
         <run_address>0xdb17</run_address>
         <size>0x2c9</size>
         <input_file_ref idref="fl-d6"/>
      </object_component>
      <object_component id="oc-13b">
         <name>.debug_info</name>
         <load_address>0xdde0</load_address>
         <run_address>0xdde0</run_address>
         <size>0x11e</size>
         <input_file_ref idref="fl-d6"/>
      </object_component>
      <object_component id="oc-1d1">
         <name>.debug_info</name>
         <load_address>0xdefe</load_address>
         <run_address>0xdefe</run_address>
         <size>0x12e</size>
         <input_file_ref idref="fl-d6"/>
      </object_component>
      <object_component id="oc-2ca">
         <name>.debug_info</name>
         <load_address>0xe02c</load_address>
         <run_address>0xe02c</run_address>
         <size>0x29c</size>
         <input_file_ref idref="fl-d7"/>
      </object_component>
      <object_component id="oc-22f">
         <name>.debug_info</name>
         <load_address>0xe2c8</load_address>
         <run_address>0xe2c8</run_address>
         <size>0x1da</size>
         <input_file_ref idref="fl-d7"/>
      </object_component>
      <object_component id="oc-212">
         <name>.debug_info</name>
         <load_address>0xe4a2</load_address>
         <run_address>0xe4a2</run_address>
         <size>0x2b9</size>
         <input_file_ref idref="fl-d8"/>
      </object_component>
      <object_component id="oc-188">
         <name>.debug_info</name>
         <load_address>0xe75b</load_address>
         <run_address>0xe75b</run_address>
         <size>0x17c</size>
         <input_file_ref idref="fl-d8"/>
      </object_component>
      <object_component id="oc-2bc">
         <name>.debug_info</name>
         <load_address>0xe8d7</load_address>
         <run_address>0xe8d7</run_address>
         <size>0xf9</size>
         <input_file_ref idref="fl-d9"/>
      </object_component>
      <object_component id="oc-20f">
         <name>.debug_info</name>
         <load_address>0xe9d0</load_address>
         <run_address>0xe9d0</run_address>
         <size>0x105</size>
         <input_file_ref idref="fl-d9"/>
      </object_component>
      <object_component id="oc-1d9">
         <name>.debug_info</name>
         <load_address>0xead5</load_address>
         <run_address>0xead5</run_address>
         <size>0x144</size>
         <input_file_ref idref="fl-da"/>
      </object_component>
      <object_component id="oc-13e">
         <name>.debug_info</name>
         <load_address>0xec19</load_address>
         <run_address>0xec19</run_address>
         <size>0x102</size>
         <input_file_ref idref="fl-da"/>
      </object_component>
      <object_component id="oc-378">
         <name>.debug_info</name>
         <load_address>0xed1b</load_address>
         <run_address>0xed1b</run_address>
         <size>0x18f</size>
         <input_file_ref idref="fl-da"/>
      </object_component>
      <object_component id="oc-26d">
         <name>.debug_info</name>
         <load_address>0xeeaa</load_address>
         <run_address>0xeeaa</run_address>
         <size>0x2a7</size>
         <input_file_ref idref="fl-db"/>
      </object_component>
      <object_component id="oc-1b0">
         <name>.debug_info</name>
         <load_address>0xf151</load_address>
         <run_address>0xf151</run_address>
         <size>0x1b8</size>
         <input_file_ref idref="fl-db"/>
      </object_component>
      <object_component id="oc-303">
         <name>.debug_info</name>
         <load_address>0xf309</load_address>
         <run_address>0xf309</run_address>
         <size>0x2a5</size>
         <input_file_ref idref="fl-dc"/>
      </object_component>
      <object_component id="oc-298">
         <name>.debug_info</name>
         <load_address>0xf5ae</load_address>
         <run_address>0xf5ae</run_address>
         <size>0x25d</size>
         <input_file_ref idref="fl-dc"/>
      </object_component>
      <object_component id="oc-75">
         <name>.debug_info</name>
         <load_address>0xf80b</load_address>
         <run_address>0xf80b</run_address>
         <size>0x3b2</size>
         <input_file_ref idref="fl-dd"/>
      </object_component>
      <object_component id="oc-2a">
         <name>.debug_info</name>
         <load_address>0xfbbd</load_address>
         <run_address>0xfbbd</run_address>
         <size>0x10c</size>
         <input_file_ref idref="fl-dd"/>
      </object_component>
      <object_component id="oc-3ae">
         <name>.debug_info</name>
         <load_address>0xfcc9</load_address>
         <run_address>0xfcc9</run_address>
         <size>0x13f</size>
         <input_file_ref idref="fl-dd"/>
      </object_component>
      <object_component id="oc-332">
         <name>.debug_info</name>
         <load_address>0xfe08</load_address>
         <run_address>0xfe08</run_address>
         <size>0x168</size>
         <input_file_ref idref="fl-dd"/>
      </object_component>
      <object_component id="oc-361">
         <name>.debug_info</name>
         <load_address>0xff70</load_address>
         <run_address>0xff70</run_address>
         <size>0x18e</size>
         <input_file_ref idref="fl-dd"/>
      </object_component>
      <object_component id="oc-366">
         <name>.debug_info</name>
         <load_address>0x100fe</load_address>
         <run_address>0x100fe</run_address>
         <size>0x19f</size>
         <input_file_ref idref="fl-dd"/>
      </object_component>
      <object_component id="oc-32b">
         <name>.debug_info</name>
         <load_address>0x1029d</load_address>
         <run_address>0x1029d</run_address>
         <size>0x203</size>
         <input_file_ref idref="fl-dd"/>
      </object_component>
      <object_component id="oc-3b6">
         <name>.debug_info</name>
         <load_address>0x104a0</load_address>
         <run_address>0x104a0</run_address>
         <size>0x1db</size>
         <input_file_ref idref="fl-dd"/>
      </object_component>
      <object_component id="oc-36e">
         <name>.debug_info</name>
         <load_address>0x1067b</load_address>
         <run_address>0x1067b</run_address>
         <size>0x299</size>
         <input_file_ref idref="fl-dd"/>
      </object_component>
      <object_component id="oc-c1">
         <name>.debug_info</name>
         <load_address>0x10914</load_address>
         <run_address>0x10914</run_address>
         <size>0xb2</size>
         <input_file_ref idref="fl-dd"/>
      </object_component>
      <object_component id="oc-bc">
         <name>.debug_info</name>
         <load_address>0x109c6</load_address>
         <run_address>0x109c6</run_address>
         <size>0x2c</size>
         <input_file_ref idref="fl-dd"/>
      </object_component>
      <object_component id="oc-2e1">
         <name>.debug_info</name>
         <load_address>0x109f2</load_address>
         <run_address>0x109f2</run_address>
         <size>0x29a</size>
         <input_file_ref idref="fl-de"/>
      </object_component>
      <object_component id="oc-268">
         <name>.debug_info</name>
         <load_address>0x10c8c</load_address>
         <run_address>0x10c8c</run_address>
         <size>0x262</size>
         <input_file_ref idref="fl-de"/>
      </object_component>
      <object_component id="oc-20d">
         <name>.debug_info</name>
         <load_address>0x10eee</load_address>
         <run_address>0x10eee</run_address>
         <size>0x28f</size>
         <input_file_ref idref="fl-df"/>
      </object_component>
      <object_component id="oc-184">
         <name>.debug_info</name>
         <load_address>0x1117d</load_address>
         <run_address>0x1117d</run_address>
         <size>0x245</size>
         <input_file_ref idref="fl-df"/>
      </object_component>
      <object_component id="oc-279">
         <name>.debug_info</name>
         <load_address>0x113c2</load_address>
         <run_address>0x113c2</run_address>
         <size>0x289</size>
         <input_file_ref idref="fl-e0"/>
      </object_component>
      <object_component id="oc-276">
         <name>.debug_info</name>
         <load_address>0x1164b</load_address>
         <run_address>0x1164b</run_address>
         <size>0x10e</size>
         <input_file_ref idref="fl-e0"/>
      </object_component>
      <object_component id="oc-1bc">
         <name>.debug_info</name>
         <load_address>0x11759</load_address>
         <run_address>0x11759</run_address>
         <size>0x14e</size>
         <input_file_ref idref="fl-e0"/>
      </object_component>
      <object_component id="oc-2d">
         <name>.debug_info</name>
         <load_address>0x118a7</load_address>
         <run_address>0x118a7</run_address>
         <size>0x10b</size>
         <input_file_ref idref="fl-e1"/>
      </object_component>
      <object_component id="oc-5b">
         <name>.debug_info</name>
         <load_address>0x119b2</load_address>
         <run_address>0x119b2</run_address>
         <size>0x1a9</size>
         <input_file_ref idref="fl-e1"/>
      </object_component>
      <object_component id="oc-30a">
         <name>.debug_info</name>
         <load_address>0x11b5b</load_address>
         <run_address>0x11b5b</run_address>
         <size>0x397</size>
         <input_file_ref idref="fl-e2"/>
      </object_component>
      <object_component id="oc-2a4">
         <name>.debug_info</name>
         <load_address>0x11ef2</load_address>
         <run_address>0x11ef2</run_address>
         <size>0x18f</size>
         <input_file_ref idref="fl-e2"/>
      </object_component>
      <object_component id="oc-34f">
         <name>.debug_info</name>
         <load_address>0x12081</load_address>
         <run_address>0x12081</run_address>
         <size>0x120</size>
         <input_file_ref idref="fl-e2"/>
      </object_component>
      <object_component id="oc-354">
         <name>.debug_info</name>
         <load_address>0x121a1</load_address>
         <run_address>0x121a1</run_address>
         <size>0x2c</size>
         <input_file_ref idref="fl-e2"/>
      </object_component>
      <object_component id="oc-34c">
         <name>.debug_info</name>
         <load_address>0x121cd</load_address>
         <run_address>0x121cd</run_address>
         <size>0x337</size>
         <input_file_ref idref="fl-e3"/>
      </object_component>
      <object_component id="oc-348">
         <name>.debug_info</name>
         <load_address>0x12504</load_address>
         <run_address>0x12504</run_address>
         <size>0x109</size>
         <input_file_ref idref="fl-e3"/>
      </object_component>
      <object_component id="oc-307">
         <name>.debug_info</name>
         <load_address>0x1260d</load_address>
         <run_address>0x1260d</run_address>
         <size>0x109</size>
         <input_file_ref idref="fl-e3"/>
      </object_component>
      <object_component id="oc-305">
         <name>.debug_info</name>
         <load_address>0x12716</load_address>
         <run_address>0x12716</run_address>
         <size>0x347</size>
         <input_file_ref idref="fl-e4"/>
      </object_component>
      <object_component id="oc-29d">
         <name>.debug_info</name>
         <load_address>0x12a5d</load_address>
         <run_address>0x12a5d</run_address>
         <size>0x18a</size>
         <input_file_ref idref="fl-e4"/>
      </object_component>
      <object_component id="oc-335">
         <name>.debug_info</name>
         <load_address>0x12be7</load_address>
         <run_address>0x12be7</run_address>
         <size>0x176</size>
         <input_file_ref idref="fl-e5"/>
      </object_component>
      <object_component id="oc-327">
         <name>.debug_info</name>
         <load_address>0x12d5d</load_address>
         <run_address>0x12d5d</run_address>
         <size>0x324</size>
         <input_file_ref idref="fl-e6"/>
      </object_component>
      <object_component id="oc-2f5">
         <name>.debug_info</name>
         <load_address>0x13081</load_address>
         <run_address>0x13081</run_address>
         <size>0x1ec</size>
         <input_file_ref idref="fl-e6"/>
      </object_component>
      <object_component id="oc-2d9">
         <name>.debug_info</name>
         <load_address>0x1326d</load_address>
         <run_address>0x1326d</run_address>
         <size>0x161</size>
         <input_file_ref idref="fl-e7"/>
      </object_component>
      <object_component id="oc-2c1">
         <name>.debug_info</name>
         <load_address>0x133ce</load_address>
         <run_address>0x133ce</run_address>
         <size>0x115</size>
[...]
         <name>__aeabi_cdcmple</name>
         <value>0x2351</value>
         <object_component_ref idref="oc-192"/>
      </symbol>
      <symbol id="sm-3bf">
         <name>__aeabi_cdrcmple</name>
         <value>0x23d7</value>
         <object_component_ref idref="oc-224"/>
      </symbol>
      <symbol id="sm-3d3">
         <name>__aeabi_ddiv</name>
         <value>0x177d</value>
         <object_component_ref idref="oc-21f"/>
      </symbol>
      <symbol id="sm-3de">
         <name>__aeabi_dmul</name>
         <value>0x1e25</value>
         <object_component_ref idref="oc-21a"/>
      </symbol>
      <symbol id="sm-3e8">
         <name>__aeabi_d2iz</name>
         <value>0x2c45</value>
         <object_component_ref idref="oc-229"/>
      </symbol>
      <symbol id="sm-3f2">
         <name>__aeabi_i2d</name>
         <value>0x2f19</value>
         <object_component_ref idref="oc-234"/>
      </symbol>
      <symbol id="sm-40d">
         <name>memcpy</name>
         <value>0x2193</value>
         <object_component_ref idref="oc-3a"/>
      </symbol>
      <symbol id="sm-40e">
         <name>__aeabi_memcpy</name>
         <value>0x2193</value>
         <object_component_ref idref="oc-3a"/>
      </symbol>
      <symbol id="sm-40f">
         <name>__aeabi_memcpy8</name>
         <value>0x2193</value>
         <object_component_ref idref="oc-3a"/>
      </symbol>
      <symbol id="sm-410">
         <name>__aeabi_memcpy4</name>
         <value>0x2193</value>
         <object_component_ref idref="oc-3a"/>
      </symbol>
      <symbol id="sm-41d">
         <name>__aeabi_uldivmod</name>
         <value>0x222f</value>
         <object_component_ref idref="oc-213"/>
      </symbol>
      <symbol id="sm-42c">
         <name>__aeabi_memset</name>
         <value>0x245f</value>
         <object_component_ref idref="oc-8e"/>
      </symbol>
      <symbol id="sm-42d">
         <name>memset</name>
         <value>0x2465</value>
         <object_component_ref idref="oc-8e"/>
      </symbol>
      <symbol id="sm-42e">
         <name>__aeabi_memset8</name>
         <value>0x245f</value>
         <object_component_ref idref="oc-8e"/>
      </symbol>
      <symbol id="sm-42f">
         <name>__aeabi_memset4</name>
         <value>0x245f</value>
         <object_component_ref idref="oc-8e"/>
      </symbol>
      <symbol id="sm-430">
         <name>__aeabi_memclr8</name>
         <value>0x245d</value>
         <object_component_ref idref="oc-8e"/>
      </symbol>
      <symbol id="sm-431">
         <name>__aeabi_memclr4</name>
         <value>0x245d</value>
         <object_component_ref idref="oc-8e"/>
      </symbol>
      <symbol id="sm-432">
         <name>__aeabi_memclr</name>
         <value>0x245d</value>
         <object_component_ref idref="oc-8e"/>
      </symbol>
      <symbol id="sm-446">
         <name>__TI_zero_init_nomemset</name>
         <value>0x300d</value>
         <object_component_ref idref="oc-46"/>
      </symbol>
      <symbol id="sm-45d">
         <name>__TI_decompress_none</name>
         <value>0x30e3</value>
         <object_component_ref idref="oc-1d"/>
      </symbol>
      <symbol id="sm-480">
         <name>__TI_decompress_lzss</name>
         <value>0x2701</value>
         <object_component_ref idref="oc-17"/>
      </symbol>
      <symbol id="sm-4a6">
         <name>C$$EXIT</name>
         <value>0x311d</value>
         <object_component_ref idref="oc-e3"/>
      </symbol>
      <symbol id="sm-4a7">
         <name>abort</name>
         <value>0x311d</value>
         <object_component_ref idref="oc-e3"/>
      </symbol>
      <symbol id="sm-4a8">
         <name>__TI_dtors_ptr</name>
         <value>0x200005e4</value>
         <object_component_ref idref="oc-154"/>
      </symbol>
      <symbol id="sm-4a9">
         <name>__TI_cleanup_ptr</name>
         <value>0x200005e0</value>
         <object_component_ref idref="oc-154"/>
      </symbol>
      <symbol id="sm-4aa">
         <name>__TI_enable_exit_profile_output</name>
         <value>0x200005e8</value>
         <object_component_ref idref="oc-154"/>
      </symbol>
      <symbol id="sm-4ab">
         <name>exit</name>
         <value>0x2bfd</value>
         <object_component_ref idref="oc-e9"/>
      </symbol>
      <symbol id="sm-4c0">
         <name>_nop</name>
         <value>0xb33</value>
         <object_component_ref idref="oc-1cd"/>
      </symbol>
      <symbol id="sm-4c1">
         <name>_lock</name>
         <value>0x200005ec</value>
         <object_component_ref idref="oc-13a"/>
      </symbol>
      <symbol id="sm-4c2">
         <name>_unlock</name>
         <value>0x200005f0</value>
         <object_component_ref idref="oc-13a"/>
      </symbol>
      <symbol id="sm-4d1">
         <name>__TI_ltoa</name>
         <value>0x2abf</value>
         <object_component_ref idref="oc-22e"/>
      </symbol>
      <symbol id="sm-4e7">
         <name>atoi</name>
         <value>0x2bb1</value>
         <object_component_ref idref="oc-186"/>
      </symbol>
      <symbol id="sm-4f2">
         <name>_ctypes_</name>
         <value>0x3120</value>
         <object_component_ref idref="oc-20e"/>
      </symbol>
      <symbol id="sm-507">
         <name>__TI_tmpnams</name>
         <value>0x20000724</value>
      </symbol>
      <symbol id="sm-508">
         <name>__aeabi_stdout</name>
         <value>0x200005d8</value>
         <object_component_ref idref="oc-377"/>
      </symbol>
      <symbol id="sm-509">
         <name>__aeabi_stderr</name>
         <value>0x200005dc</value>
         <object_component_ref idref="oc-377"/>
      </symbol>
      <symbol id="sm-50a">
         <name>__aeabi_stdin</name>
         <value>0x200005d4</value>
         <object_component_ref idref="oc-377"/>
      </symbol>
      <symbol id="sm-50b">
         <name>_ftable</name>
         <value>0x20000400</value>
         <object_component_ref idref="oc-13d"/>
      </symbol>
      <symbol id="sm-50c">
         <name>__TI_ft_end</name>
         <value>0x200005d0</value>
         <object_component_ref idref="oc-377"/>
      </symbol>
      <symbol id="sm-51c">
         <name>memccpy</name>
         <value>0x3045</value>
         <object_component_ref idref="oc-1af"/>
      </symbol>
      <symbol id="sm-52c">
         <name>memchr</name>
         <value>0x2fed</value>
         <object_component_ref idref="oc-296"/>
      </symbol>
      <symbol id="sm-5b5">
         <name>_sys_memory</name>
         <value>0x20000000</value>
         <object_component_ref idref="oc-29"/>
      </symbol>
      <symbol id="sm-5b6">
         <name>free</name>
         <value>0x1f21</value>
         <object_component_ref idref="oc-328"/>
      </symbol>
      <symbol id="sm-5b7">
         <name>memalign</name>
         <value>0x1d25</value>
         <object_component_ref idref="oc-36a"/>
      </symbol>
      <symbol id="sm-5b8">
         <name>malloc</name>
         <value>0x3109</value>
         <object_component_ref idref="oc-32e"/>
      </symbol>
      <symbol id="sm-5b9">
         <name>aligned_alloc</name>
         <value>0x1d25</value>
         <object_component_ref idref="oc-36a"/>
      </symbol>
      <symbol id="sm-5c9">
         <name>strchr</name>
         <value>0x3093</value>
         <object_component_ref idref="oc-265"/>
      </symbol>
      <symbol id="sm-5d7">
         <name>strlen</name>
         <value>0x30bd</value>
         <object_component_ref idref="oc-180"/>
      </symbol>
      <symbol id="sm-5ed">
         <name>__aeabi_errno_addr</name>
         <value>0x3101</value>
         <object_component_ref idref="oc-1bb"/>
      </symbol>
      <symbol id="sm-5ee">
         <name>errno</name>
         <value>0x200005fc</value>
         <object_component_ref idref="oc-275"/>
      </symbol>
      <symbol id="sm-601">
         <name>__stack</name>
         <value>0x2000fe00</value>
         <object_component_ref idref="oc-2c"/>
      </symbol>
      <symbol id="sm-602">
         <name>_c_int00_noargs</name>
         <value>0x2eb5</value>
         <object_component_ref idref="oc-58"/>
      </symbol>
      <symbol id="sm-61c">
         <name>write</name>
         <value>0x2fc5</value>
         <object_component_ref idref="oc-2a2"/>
      </symbol>
      <symbol id="sm-62d">
         <name>_stream</name>
         <value>0x20000568</value>
         <object_component_ref idref="oc-306"/>
      </symbol>
      <symbol id="sm-62e">
         <name>_device</name>
         <value>0x200004f0</value>
         <object_component_ref idref="oc-347"/>
      </symbol>
      <symbol id="sm-63e">
         <name>__TI_doflush</name>
         <value>0x2b65</value>
         <object_component_ref idref="oc-29c"/>
      </symbol>
      <symbol id="sm-64e">
         <name>__TI_cleanup</name>
         <value>0x2e4d</value>
         <object_component_ref idref="oc-334"/>
      </symbol>
      <symbol id="sm-660">
         <name>fseek</name>
         <value>0x2835</value>
         <object_component_ref idref="oc-2f4"/>
      </symbol>
      <symbol id="sm-66a">
         <name>copysign</name>
         <value>0x3061</value>
         <object_component_ref idref="oc-2d8"/>
      </symbol>
      <symbol id="sm-66b">
         <name>copysignl</name>
         <value>0x3061</value>
         <object_component_ref idref="oc-2d8"/>
      </symbol>
      <symbol id="sm-675">
         <name>__aeabi_idiv0</name>
         <value>0x163f</value>
         <object_component_ref idref="oc-2bf"/>
      </symbol>
      <symbol id="sm-676">
         <name>__aeabi_ldiv0</name>
         <value>0x163f</value>
         <object_component_ref idref="oc-2bf"/>
      </symbol>
      <symbol id="sm-69e">
         <name>__TI_auto_init_nobinit_nopinit</name>
         <value>0x2d15</value>
         <object_component_ref idref="oc-ef"/>
      </symbol>
      <symbol id="sm-6a8">
         <name>_system_pre_init</name>
         <value>0x3119</value>
         <object_component_ref idref="oc-94"/>
      </symbol>
      <symbol id="sm-6bb">
         <name>HOSTclose</name>
         <value>0x2c8d</value>
         <object_component_ref idref="oc-383"/>
      </symbol>
      <symbol id="sm-6cc">
         <name>HOSTlseek</name>
         <value>0x2699</value>
         <object_component_ref idref="oc-395"/>
      </symbol>
      <symbol id="sm-6de">
         <name>parmbuf</name>
         <value>0x200007c4</value>
      </symbol>
      <symbol id="sm-6df">
         <name>HOSTopen</name>
         <value>0x28fd</value>
         <object_component_ref idref="oc-37d"/>
      </symbol>
      <symbol id="sm-6f0">
         <name>HOSTread</name>
         <value>0x29b9</value>
         <object_component_ref idref="oc-389"/>
      </symbol>
      <symbol id="sm-701">
         <name>HOSTrename</name>
         <value>0x262d</value>
         <object_component_ref idref="oc-3a1"/>
      </symbol>
      <symbol id="sm-712">
         <name>HOSTunlink</name>
         <value>0x2cd1</value>
         <object_component_ref idref="oc-39b"/>
      </symbol>
      <symbol id="sm-723">
         <name>HOSTwrite</name>
         <value>0x2a11</value>
         <object_component_ref idref="oc-38f"/>
      </symbol>
      <symbol id="sm-747">
         <name>__TI_readmsg</name>
         <value>0x2e81</value>
         <object_component_ref idref="oc-3d0"/>
      </symbol>
      <symbol id="sm-748">
         <name>C$$IO$$</name>
         <value>0x2e0b</value>
         <object_component_ref idref="oc-3ca"/>
      </symbol>
      <symbol id="sm-749">
         <name>__CIOBUF_</name>
         <value>0x20000604</value>
         <object_component_ref idref="oc-3fb"/>
      </symbol>
      <symbol id="sm-74a">
         <name>__TI_writemsg</name>
         <value>0x2ddd</value>
         <object_component_ref idref="oc-3ca"/>
      </symbol>
      <symbol id="sm-75b">
         <name>lseek</name>
         <value>0x2f9d</value>
         <object_component_ref idref="oc-320"/>
      </symbol>
      <symbol id="sm-770">
         <name>__TI_closefile</name>
         <value>0x24d9</value>
         <object_component_ref idref="oc-371"/>
      </symbol>
      <symbol id="sm-793">
         <name>finddevice</name>
         <value>0x2ee9</value>
         <object_component_ref idref="oc-419"/>
      </symbol>
      <symbol id="sm-794">
         <name>getdevice</name>
         <value>0x2d59</value>
         <object_component_ref idref="oc-3f1"/>
      </symbol>
      <symbol id="sm-7a3">
         <name>strcmp</name>
         <value>0x307b</value>
         <object_component_ref idref="oc-430"/>
      </symbol>
      <symbol id="sm-7b1">
         <name>strcpy</name>
         <value>0x30a9</value>
         <object_component_ref idref="oc-3e4"/>
      </symbol>
      <symbol id="sm-7c1">
         <name>strncpy</name>
         <value>0x2e15</value>
         <object_component_ref idref="oc-413"/>
      </symbol>
      <symbol id="sm-7d6">
         <name>close</name>
         <value>0x295d</value>
         <object_component_ref idref="oc-3b9"/>
      </symbol>
      <symbol id="sm-7e6">
         <name>unlink</name>
         <value>0x2f49</value>
         <object_component_ref idref="oc-3bf"/>
      </symbol>
      <symbol id="sm-7e7">
         <name>__TI_static_base__</name>
         <value>0x0</value>
      </symbol>
      <symbol id="sm-7ea">
         <name>__mpu_init</name>
         <value>0x0</value>
      </symbol>
      <symbol id="sm-7eb">
         <name>_system_post_cinit</name>
         <value>0x0</value>
      </symbol>
      <symbol id="sm-7ec">
         <name>NMI_Handler</name>
         <value>0x30fd</value>
      </symbol>
      <symbol id="sm-7ed">
         <name>HardFault_Handler</name>
         <value>0x30fd</value>
      </symbol>
      <symbol id="sm-7ee">
         <name>MemManage_Handler</name>
         <value>0x30fd</value>
      </symbol>
      <symbol id="sm-7ef">
         <name>BusFault_Handler</name>
         <value>0x30fd</value>
      </symbol>
      <symbol id="sm-7f0">
         <name>UsageFault_Handler</name>
         <value>0x30fd</value>
      </symbol>
      <symbol id="sm-7f1">
         <name>SVC_Handler</name>
         <value>0x30fd</value>
      </symbol>
      <symbol id="sm-7f2">
         <name>DebugMon_Handler</name>
         <value>0x30fd</value>
      </symbol>
      <symbol id="sm-7f3">
         <name>PendSV_Handler</name>
         <value>0x30fd</value>
      </symbol>
      <symbol id="sm-7f4">
         <name>SysTick_Handler</name>
         <value>0x30fd</value>
      </symbol>
      <symbol id="sm-7f5">
         <name>PSS_IRQHandler</name>
         <value>0x30fd</value>
      </symbol>
      <symbol id="sm-7f6">
         <name>CS_IRQHandler</name>
         <value>0x30fd</value>
      </symbol>
      <symbol id="sm-7f7">
         <name>PCM_IRQHandler</name>
         <value>0x30fd</value>
      </symbol>
      <symbol id="sm-7f8">
         <name>WDT_A_IRQHandler</name>
         <value>0x30fd</value>
      </symbol>
      <symbol id="sm-7f9">
         <name>FPU_IRQHandler</name>
         <value>0x30fd</value>
      </symbol>
      <symbol id="sm-7fa">
         <name>FLCTL_IRQHandler</name>
         <value>0x30fd</value>
      </symbol>
      <symbol id="sm-7fb">
         <name>COMP_E0_IRQHandler</name>
         <value>0x30fd</value>
      </symbol>
      <symbol id="sm-7fc">
         <name>COMP_E1_IRQHandler</name>
         <value>0x30fd</value>
      </symbol>
      <symbol id="sm-7fd">
         <name>TA0_0_IRQHandler</name>
         <value>0x30fd</value>
      </symbol>
      <symbol id="sm-7fe">
         <name>TA0_N_IRQHandler</name>
         <value>0x30fd</value>
      </symbol>
      <symbol id="sm-7ff">
         <name>TA1_0_IRQHandler</name>
         <value>0x30fd</value>
      </symbol>
      <symbol id="sm-800">
         <name>TA1_N_IRQHandler</name>
         <value>0x30fd</value>
      </symbol>
      <symbol id="sm-801">
         <name>TA2_0_IRQHandler</name>
         <value>0x30fd</value>
      </symbol>
      <symbol id="sm-802">
         <name>TA2_N_IRQHandler</name>
         <value>0x30fd</value>
      </symbol>
      <symbol id="sm-803">
         <name>TA3_0_IRQHandler</name>
         <value>0x30fd</value>
      </symbol>
      <symbol id="sm-804">
         <name>TA3_N_IRQHandler</name>
         <value>0x30fd</value>
      </symbol>
      <symbol id="sm-805">
         <name>EUSCIA0_IRQHandler</name>
         <value>0x30fd</value>
      </symbol>
      <symbol id="sm-806">
         <name>EUSCIA1_IRQHandler</name>
         <value>0x30fd</value>
      </symbol>
      <symbol id="sm-807">
         <name>EUSCIA2_IRQHandler</name>
         <value>0x30fd</value>
      </symbol>
      <symbol id="sm-808">
         <name>EUSCIA3_IRQHandler</name>
         <value>0x30fd</value>
      </symbol>
      <symbol id="sm-809">
         <name>EUSCIB0_IRQHandler</name>
         <value>0x30fd</value>
      </symbol>
      <symbol id="sm-80a">
         <name>EUSCIB1_IRQHandler</name>
         <value>0x30fd</value>
      </symbol>
      <symbol id="sm-80b">
         <name>EUSCIB2_IRQHandler</name>
         <value>0x30fd</value>
      </symbol>
      <symbol id="sm-80c">
         <name>EUSCIB3_IRQHandler</name>
         <value>0x30fd</value>
      </symbol>
      <symbol id="sm-80d">
         <name>ADC14_IRQHandler</name>
         <value>0x30fd</value>
      </symbol>
      <symbol id="sm-80e">
         <name>T32_INT1_IRQHandler</name>
         <value>0x30fd</value>
      </symbol>
      <symbol id="sm-80f">
         <name>T32_INT2_IRQHandler</name>
         <value>0x30fd</value>
      </symbol>
      <symbol id="sm-810">
         <name>T32_INTC_IRQHandler</name>
         <value>0x30fd</value>
      </symbol>
      <symbol id="sm-811">
         <name>AES256_IRQHandler</name>
         <value>0x30fd</value>
      </symbol>
      <symbol id="sm-812">
         <name>RTC_C_IRQHandler</name>
         <value>0x30fd</value>
      </symbol>
      <symbol id="sm-813">
         <name>DMA_ERR_IRQHandler</name>
         <value>0x30fd</value>
      </symbol>
      <symbol id="sm-814">
         <name>DMA_INT3_IRQHandler</name>
         <value>0x30fd</value>
      </symbol>
      <symbol id="sm-815">
         <name>DMA_INT2_IRQHandler</name>
         <value>0x30fd</value>
      </symbol>
      <symbol id="sm-816">
         <name>DMA_INT1_IRQHandler</name>
         <value>0x30fd</value>
      </symbol>
      <symbol id="sm-817">
         <name>DMA_INT0_IRQHandler</name>
         <value>0x30fd</value>
      </symbol>
      <symbol id="sm-818">
         <name>PORT1_IRQHandler</name>
         <value>0x30fd</value>
      </symbol>
      <symbol id="sm-819">
         <name>PORT2_IRQHandler</name>
         <value>0x30fd</value>
      </symbol>
      <symbol id="sm-81a">
         <name>PORT3_IRQHandler</name>
         <value>0x30fd</value>
      </symbol>
      <symbol id="sm-81b">
         <name>PORT4_IRQHandler</name>
         <value>0x30fd</value>
      </symbol>
      <symbol id="sm-81c">
         <name>PORT5_IRQHandler</name>
         <value>0x30fd</value>
      </symbol>
      <symbol id="sm-81d">
         <name>PORT6_IRQHandler</name>
         <value>0x30fd</value>
      </symbol>
      <symbol id="sm-81e">
         <name>remove</name>
         <value>0x2f49</value>
      </symbol>
   </symbol_table>
   <title>Link successful</title>
</link_info>
