******************************************************************************
                  TI ARM Linker PC v20.2.5                     
******************************************************************************
>> Linked Thu Mar  3 15:04:12 2022

OUTPUT FILE NAME:   <Competancy exam.out>
ENTRY POINT SYMBOL: "_c_int00_noargs"  address: 00002eb5


MEMORY CONFIGURATION

         name            origin    length      used     unused   attr    fill
----------------------  --------  ---------  --------  --------  ----  --------
  MAIN                  00000000   00040000  000032b9  0003cd47  R  X
  INFO                  00200000   00004000  00000000  00004000  R  X
  SRAM_CODE             01000000   00010000  000009cc  0000f634  RW X
  SRAM_DATA             20000000   00010000  000009cc  0000f634  RW  


SEGMENT ALLOCATION MAP

run origin  load origin   length   init length attrs members
----------  ----------- ---------- ----------- ----- -------
00000000    00000000    000032c0   000032c0    r-x
  00000000    00000000    000000e4   000000e4    r-- .intvecs
  000000e4    000000e4    0000303c   0000303c    r-x .text
  00003120    00003120    00000101   00000101    r-- .const
  00003228    00003228    00000098   00000098    r-- .cinit
20000000    20000000    000007cc   00000000    rw-
  20000000    20000000    00000400   00000000    rw- .sysmem
  20000400    20000400    00000204   00000000    rw- .data
  20000604    20000604    000001c8   00000000    rw- .bss
2000fe00    2000fe00    00000200   00000000    rw-
  2000fe00    2000fe00    00000200   00000000    rw- .stack


SECTION ALLOCATION MAP

 output                                  attributes/
section   page    origin      length       input sections
--------  ----  ----------  ----------   ----------------
.intvecs   0    00000000    000000e4     
                  00000000    000000e4     startup_msp432p401r_ccs.obj (.intvecs:retain)

.text      0    000000e4    0000303c     
                  000000e4    00000a4e     rtsv7M4_T_le_v4SPD16_eabi.lib : _printfi.c.obj (.text:__TI_printfi)
                  00000b32    00000002                                   : _lock.c.obj (.text:_nop)
                  00000b34    00000334     system_msp432p401r.obj (.text)
                  00000e68    00000270     rtsv7M4_T_le_v4SPD16_eabi.lib : _printfi.c.obj (.text:_pconv_a)
                  000010d8    000001e0     Clock.obj (.text)
                  000012b8    000001d0     rtsv7M4_T_le_v4SPD16_eabi.lib : _printfi.c.obj (.text:_pconv_g)
                  00001488    000001b6                                   : fd_add_t2.asm.obj (.text)
                  0000163e    00000002                                   : div0.asm.obj (.text)
                  00001640    0000013c                                   : _printfi.c.obj (.text:_pconv_e)
                  0000177c    00000136                                   : fd_div_t2.asm.obj (.text)
                  000018b2    00000002     --HOLE-- [fill = 0]
                  000018b4    00000128     main.obj (.text)
                  000019dc    00000124     rtsv7M4_T_le_v4SPD16_eabi.lib : _printfi.c.obj (.text:fcvt)
                  00001b00    00000114                                   : fputs.c.obj (.text:fputs)
                  00001c14    00000110                                   : s_scalbn.c.obj (.text:scalbn)
                  00001d24    00000100                                   : memory.c.obj (.text:aligned_alloc)
                  00001e24    000000fc                                   : fd_mul_t2.asm.obj (.text)
                  00001f20    000000e4                                   : memory.c.obj (.text:free)
                  00002004    000000dc                                   : setvbuf.c.obj (.text:setvbuf)
                  000020e0    000000b1                                   : _printfi.c.obj (.text:_ltostr)
                  00002191    00000001     --HOLE-- [fill = 0]
                  00002192    0000009c                                   : memcpy_t2.asm.obj (.text)
                  0000222e    00000096                                   : ull_div_t2.asm.obj (.text)
                  000022c4    0000008c                                   : fputc.c.obj (.text:fputc)
                  00002350    00000086                                   : fd_cmp_t2.asm.obj (.text:__aeabi_cdcmple)
                  000023d6    00000086                                   : fd_cmp_t2.asm.obj (.text:__aeabi_cdrcmple)
                  0000245c    0000007a                                   : memset_t2.asm.obj (.text)
                  000024d6    00000002     --HOLE-- [fill = 0]
                  000024d8    00000074                                   : fclose.c.obj (.text:__TI_closefile)
                  0000254c    00000070                                   : memory.c.obj (.text:split)
                  000025bc    0000006e                                   : _printfi.c.obj (.text:_mcpy)
                  0000262a    00000002     --HOLE-- [fill = 0]
                  0000262c    0000006c                                   : hostrename.c.obj (.text:HOSTrename)
                  00002698    00000068                                   : hostlseek.c.obj (.text:HOSTlseek)
                  00002700    00000068                                   : copy_decompress_lzss.c.obj (.text:decompress:lzss:__TI_decompress_lzss)
                  00002768    00000068                                   : printf.c.obj (.text:printf)
                  000027d0    00000064                                   : s_frexp.c.obj (.text:frexp)
                  00002834    00000064                                   : fseek.c.obj (.text:fseek)
                  00002898    00000062                                   : _io_perm.c.obj (.text:__TI_wrt_ok)
                  000028fa    00000002     --HOLE-- [fill = 0]
                  000028fc    00000060                                   : hostopen.c.obj (.text:HOSTopen)
                  0000295c    0000005c                                   : close.c.obj (.text:close)
                  000029b8    00000058                                   : hostread.c.obj (.text:HOSTread)
                  00002a10    00000058                                   : hostwrite.c.obj (.text:HOSTwrite)
                  00002a68    00000056                                   : _printfi.c.obj (.text:_pconv_f)
                  00002abe    00000054                                   : _ltoa.c.obj (.text:__TI_ltoa)
                  00002b12    00000052                                   : _printfi.c.obj (.text:_ecpy)
                  00002b64    0000004c                                   : fflush.c.obj (.text:__TI_doflush)
                  00002bb0    0000004c                                   : atoi.c.obj (.text:atoi)
                  00002bfc    00000048                                   : exit.c.obj (.text:exit)
                  00002c44    00000048                                   : fd_toi_t2.asm.obj (.text)
                  00002c8c    00000044                                   : hostclose.c.obj (.text:HOSTclose)
                  00002cd0    00000044                                   : hostunlink.c.obj (.text:HOSTunlink)
                  00002d14    00000044                                   : autoinit.c.obj (.text:__TI_auto_init_nobinit_nopinit:__TI_auto_init_nobinit_nopinit)
                  00002d58    00000044                                   : getdevice.c.obj (.text:getdevice)
                  00002d9c    0000003e                                   : _printfi.c.obj (.text:_fcpy)
                  00002dda    00000002     --HOLE-- [fill = 0]
                  00002ddc    00000038                                   : trgmsg.c.obj (.text:__TI_writemsg)
                  00002e14    00000036                                   : strncpy.c.obj (.text:strncpy)
                  00002e4a    00000002     --HOLE-- [fill = 0]
                  00002e4c    00000034                                   : fopen.c.obj (.text:__TI_cleanup)
                  00002e80    00000034                                   : trgmsg.c.obj (.text:__TI_readmsg)
                  00002eb4    00000034                                   : boot_cortex_m.c.obj (.text:_c_int00_noargs:_c_int00_noargs)
                  00002ee8    00000030                                   : getdevice.c.obj (.text:finddevice)
                  00002f18    0000002e                                   : i_tofd_t2.asm.obj (.text)
                  00002f46    00000002     --HOLE-- [fill = 0]
                  00002f48    0000002c                                   : unlink.c.obj (.text:unlink)
                  00002f74    00000028                                   : memory.c.obj (.text:free_list_insert)
                  00002f9c    00000028                                   : lseek.c.obj (.text:lseek)
                  00002fc4    00000028                                   : write.c.obj (.text:write)
                  00002fec    00000020                                   : memchr.c.obj (.text:memchr)
                  0000300c    0000001c                                   : copy_zero_init.c.obj (.text:decompress:ZI:__TI_zero_init_nomemset:__TI_zero_init_nomemset)
                  00003028    0000001c                                   : memory.c.obj (.text:free_list_remove)
                  00003044    0000001c                                   : memccpy.c.obj (.text:memccpy)
                  00003060    0000001a                                   : s_copysign.c.obj (.text:copysign)
                  0000307a    00000018                                   : strcmp.c.obj (.text:strcmp)
                  00003092    00000016                                   : strchr.c.obj (.text:strchr)
                  000030a8    00000014                                   : strcpy.c.obj (.text:strcpy)
                  000030bc    00000014                                   : strlen.c.obj (.text:strlen)
                  000030d0    00000012                                   : wcslen.c.obj (.text:wcslen)
                  000030e2    0000000e                                   : copy_decompress_none.c.obj (.text:decompress:none:__TI_decompress_none)
                  000030f0    0000000e     startup_msp432p401r_ccs.obj (.text)
                  000030fe    00000002     --HOLE-- [fill = 0]
                  00003100    00000008     rtsv7M4_T_le_v4SPD16_eabi.lib : errno.c.obj (.text:__aeabi_errno_addr)
                  00003108    00000008                                   : memory.c.obj (.text:malloc)
                  00003110    00000004                                   : printf.c.obj (.text:_outc)
                  00003114    00000004                                   : printf.c.obj (.text:_outs)
                  00003118    00000004                                   : pre_init.c.obj (.text:_system_pre_init)
                  0000311c    00000004                                   : exit.c.obj (.text:abort:abort)

.const     0    00003120    00000101     
                  00003120    00000101     rtsv7M4_T_le_v4SPD16_eabi.lib : ctype.c.obj (.const:.string:_ctypes_)

.cinit     0    00003228    00000098     
                  00003228    00000070     (.cinit..data.load) [load image, compression = lzss]
                  00003298    0000000c     (__TI_handler_table)
                  000032a4    00000004     --HOLE-- [fill = 0]
                  000032a8    00000008     (.cinit..bss.load) [load image, compression = zero_init]
                  000032b0    00000010     (__TI_cinit_table)

.init_array 
*          0    00000000    00000000     UNINITIALIZED

.binit     0    00000000    00000000     

.sysmem    0    20000000    00000400     UNINITIALIZED
                  20000000    00000010     rtsv7M4_T_le_v4SPD16_eabi.lib : memory.c.obj (.sysmem)
                  20000010    000003f0     --HOLE--

.data      0    20000400    00000204     UNINITIALIZED
                  20000400    000000f0     rtsv7M4_T_le_v4SPD16_eabi.lib : defs.c.obj (.data:_ftable)
                  200004f0    00000078                                   : host_device.c.obj (.data:_device)
                  20000568    00000050                                   : host_device.c.obj (.data:_stream)
                  200005b8    00000018     Clock.obj (.data)
                  200005d0    00000010     rtsv7M4_T_le_v4SPD16_eabi.lib : defs.c.obj (.data)
                  200005e0    0000000c                                   : exit.c.obj (.data:$O1$$)
                  200005ec    00000008                                   : _lock.c.obj (.data:$O1$$)
                  200005f4    00000008                                   : memory.c.obj (.data:$O1$$)
                  200005fc    00000004                                   : errno.c.obj (.data)
                  20000600    00000004     system_msp432p401r.obj (.data)

.bss       0    20000604    000001c8     UNINITIALIZED
                  20000604    00000120     rtsv7M4_T_le_v4SPD16_eabi.lib : trgmsg.c.obj (.bss:_CIOBUF_)
                  20000724    000000a0     (.common:__TI_tmpnams)
                  200007c4    00000008     (.common:parmbuf)

.stack     0    2000fe00    00000200     UNINITIALIZED
                  2000fe00    00000004     rtsv7M4_T_le_v4SPD16_eabi.lib : boot_cortex_m.c.obj (.stack)
                  2000fe04    000001fc     --HOLE--

__llvm_prf_cnts 
*          0    20000000    00000000     UNINITIALIZED

MODULE SUMMARY

       Module                        code    ro data   rw data
       ------                        ----    -------   -------
    .\
       system_msp432p401r.obj        820     0         8      
       Clock.obj                     480     0         48     
       main.obj                      296     0         0      
       startup_msp432p401r_ccs.obj   14      228       0      
    +--+-----------------------------+-------+---------+---------+
       Total:                        1610    228       56     
                                                              
    C:\ti\ccs1040\ccs\tools\compiler\ti-cgt-arm_20.2.5.LTS\lib\rtsv7M4_T_le_v4SPD16_eabi.lib
       _printfi.c.obj                4851    0         0      
       defs.c.obj                    0       0         832    
       memory.c.obj                  672     0         16     
       trgmsg.c.obj                  108     0         576    
       fd_add_t2.asm.obj             438     0         0      
       host_device.c.obj             0       0         400    
       fd_div_t2.asm.obj             310     0         0      
       fputs.c.obj                   276     0         0      
       s_scalbn.c.obj                272     0         0      
       fd_cmp_t2.asm.obj             268     0         0      
       ctype.c.obj                   0       257       0      
       fd_mul_t2.asm.obj             252     0         0      
       setvbuf.c.obj                 220     0         0      
       memcpy_t2.asm.obj             156     0         0      
       ull_div_t2.asm.obj            150     0         0      
       fputc.c.obj                   140     0         0      
       memset_t2.asm.obj             122     0         0      
       fclose.c.obj                  116     0         0      
       getdevice.c.obj               116     0         0      
       hostopen.c.obj                96      0         16     
       printf.c.obj                  112     0         0      
       hostrename.c.obj              108     0         0      
       copy_decompress_lzss.c.obj    104     0         0      
       hostlseek.c.obj               104     0         0      
       exit.c.obj                    76      0         24     
       fseek.c.obj                   100     0         0      
       s_frexp.c.obj                 100     0         0      
       _io_perm.c.obj                98      0         0      
       close.c.obj                   92      0         0      
       hostread.c.obj                88      0         0      
       hostwrite.c.obj               88      0         0      
       _ltoa.c.obj                   84      0         0      
       atoi.c.obj                    76      0         0      
       fflush.c.obj                  76      0         0      
       fd_toi_t2.asm.obj             72      0         0      
       autoinit.c.obj                68      0         0      
       hostclose.c.obj               68      0         0      
       hostunlink.c.obj              68      0         0      
       strncpy.c.obj                 54      0         0      
       boot_cortex_m.c.obj           52      0         0      
       fopen.c.obj                   52      0         0      
       i_tofd_t2.asm.obj             46      0         0      
       unlink.c.obj                  44      0         0      
       lseek.c.obj                   40      0         0      
       write.c.obj                   40      0         0      
       memchr.c.obj                  32      0         0      
       copy_zero_init.c.obj          28      0         0      
       memccpy.c.obj                 28      0         0      
       s_copysign.c.obj              26      0         0      
       strcmp.c.obj                  24      0         0      
       strchr.c.obj                  22      0         0      
       strcpy.c.obj                  20      0         0      
       strlen.c.obj                  20      0         0      
       _lock.c.obj                   2       0         16     
       wcslen.c.obj                  18      0         0      
       errno.c.obj                   8       0         8      
       copy_decompress_none.c.obj    14      0         0      
       pre_init.c.obj                4       0         0      
       div0.asm.obj                  2       0         0      
    +--+-----------------------------+-------+---------+---------+
       Total:                        10721   257       1888   
                                                              
       Heap:                         0       0         2048   
       Stack:                        0       0         1024   
       Linker Generated:             0       148       0      
    +--+-----------------------------+-------+---------+---------+
       Grand Total:                  12331   633       5016   


LINKER GENERATED COPY TABLES

__TI_cinit_table @ 000032b0 records: 2, size/record: 8, table size: 16
	.data: load addr=00003228, load size=00000070 bytes, run addr=20000400, run size=00000204 bytes, compression=lzss
	.bss: load addr=000032a8, load size=00000008 bytes, run addr=20000604, run size=000001c8 bytes, compression=zero_init


LINKER GENERATED HANDLER TABLE

__TI_handler_table @ 00003298 records: 3, size/record: 4, table size: 12
	index: 0, handler: __TI_decompress_lzss
	index: 1, handler: __TI_decompress_none
	index: 2, handler: __TI_zero_init


GLOBAL SYMBOLS: SORTED ALPHABETICALLY BY Name 

address   name                           
-------   ----                           
000030fd  ADC14_IRQHandler               
000030fd  AES256_IRQHandler              
000030fd  BusFault_Handler               
0000311d  C$$EXIT                        
00002e0b  C$$IO$$                        
000030fd  COMP_E0_IRQHandler             
000030fd  COMP_E1_IRQHandler             
200005c0  CPMwait                        
000030fd  CS_IRQHandler                  
200005b8  ClockFrequency                 
0000122d  Clock_Delay1ms                 
00001203  Clock_Delay1us                 
000011ef  Clock_GetFreq                  
000010d9  Clock_Init48MHz                
200005cc  Crystalstable                  
000030fd  DMA_ERR_IRQHandler             
000030fd  DMA_INT0_IRQHandler            
000030fd  DMA_INT1_IRQHandler            
000030fd  DMA_INT2_IRQHandler            
000030fd  DMA_INT3_IRQHandler            
000030fd  DebugMon_Handler               
000030fd  Default_Handler                
0000196f  Delay                          
000030fd  EUSCIA0_IRQHandler             
000030fd  EUSCIA1_IRQHandler             
000030fd  EUSCIA2_IRQHandler             
000030fd  EUSCIA3_IRQHandler             
000030fd  EUSCIB0_IRQHandler             
000030fd  EUSCIB1_IRQHandler             
000030fd  EUSCIB2_IRQHandler             
000030fd  EUSCIB3_IRQHandler             
000030fd  FLCTL_IRQHandler               
000030fd  FPU_IRQHandler                 
00002c8d  HOSTclose                      
00002699  HOSTlseek                      
000028fd  HOSTopen                       
000029b9  HOSTread                       
0000262d  HOSTrename                     
00002cd1  HOSTunlink                     
00002a11  HOSTwrite                      
000030fd  HardFault_Handler              
200005c8  IFlags                         
000030fd  MemManage_Handler              
000030fd  NMI_Handler                    
000030fd  PCM_IRQHandler                 
000030fd  PORT1_IRQHandler               
000030fd  PORT2_IRQHandler               
000030fd  PORT3_IRQHandler               
000030fd  PORT4_IRQHandler               
000030fd  PORT5_IRQHandler               
000030fd  PORT6_IRQHandler               
000030fd  PSS_IRQHandler                 
000030fd  PendSV_Handler                 
000018ff  PortInit                       
200005c4  Postwait                       
200005bc  Prewait                        
000030fd  RTC_C_IRQHandler               
000030f1  Reset_Handler                  
000030fd  SVC_Handler                    
000030fd  SysTick_Handler                
20000600  SystemCoreClock                
00000b35  SystemCoreClockUpdate          
00000dad  SystemInit                     
000030fd  T32_INT1_IRQHandler            
000030fd  T32_INT2_IRQHandler            
000030fd  T32_INTC_IRQHandler            
000030fd  TA0_0_IRQHandler               
000030fd  TA0_N_IRQHandler               
000030fd  TA1_0_IRQHandler               
000030fd  TA1_N_IRQHandler               
000030fd  TA2_0_IRQHandler               
000030fd  TA2_N_IRQHandler               
000030fd  TA3_0_IRQHandler               
000030fd  TA3_N_IRQHandler               
00001929  TimerInit                      
000030fd  UsageFault_Handler             
4000480c  WDTCTL_SYM                     
000030fd  WDT_A_IRQHandler               
20000604  __CIOBUF_                      
20010000  __STACK_END                    
00000200  __STACK_SIZE                   
00000400  __SYSMEM_SIZE                  
000032b0  __TI_CINIT_Base                
000032c0  __TI_CINIT_Limit               
00003298  __TI_Handler_Table_Base        
000032a4  __TI_Handler_Table_Limit       
00002d15  __TI_auto_init_nobinit_nopinit 
00002e4d  __TI_cleanup                   
200005e0  __TI_cleanup_ptr               
000024d9  __TI_closefile                 
00002701  __TI_decompress_lzss           
000030e3  __TI_decompress_none           
00002b65  __TI_doflush                   
200005e4  __TI_dtors_ptr                 
200005e8  __TI_enable_exit_profile_output
200005d0  __TI_ft_end                    
00002abf  __TI_ltoa                      
ffffffff  __TI_pprof_out_hndl            
000000e5  __TI_printfi                   
ffffffff  __TI_prof_data_size            
ffffffff  __TI_prof_data_start           
00002e81  __TI_readmsg                   
00000000  __TI_static_base__             
20000724  __TI_tmpnams                   
00002ddd  __TI_writemsg                  
00002899  __TI_wrt_ok                    
0000300d  __TI_zero_init_nomemset        
00002351  __aeabi_cdcmpeq                
00002351  __aeabi_cdcmple                
000023d7  __aeabi_cdrcmple               
00002c45  __aeabi_d2iz                   
00001493  __aeabi_dadd                   
0000177d  __aeabi_ddiv                   
00001e25  __aeabi_dmul                   
00001489  __aeabi_dsub                   
00003101  __aeabi_errno_addr             
00002f19  __aeabi_i2d                    
0000163f  __aeabi_idiv0                  
0000163f  __aeabi_ldiv0                  
0000245d  __aeabi_memclr                 
0000245d  __aeabi_memclr4                
0000245d  __aeabi_memclr8                
00002193  __aeabi_memcpy                 
00002193  __aeabi_memcpy4                
00002193  __aeabi_memcpy8                
0000245f  __aeabi_memset                 
0000245f  __aeabi_memset4                
0000245f  __aeabi_memset8                
200005dc  __aeabi_stderr                 
200005d4  __aeabi_stdin                  
200005d8  __aeabi_stdout                 
0000222f  __aeabi_uldivmod               
ffffffff  __binit__                      
ffffffff  __c_args__                     
UNDEFED   __mpu_init                     
2000fe00  __stack                        
20000000  __start___llvm_prf_cnts        
20000000  __stop___llvm_prf_cnts         
00002eb5  _c_int00_noargs                
00003120  _ctypes_                       
200004f0  _device                        
20000400  _ftable                        
200005ec  _lock                          
00000b33  _nop                           
20000568  _stream                        
20000000  _sys_memory                    
UNDEFED   _system_post_cinit             
00003119  _system_pre_init               
200005f0  _unlock                        
0000311d  abort                          
00001d25  aligned_alloc                  
00002bb1  atoi                           
ffffffff  binit                          
0000295d  close                          
00003061  copysign                       
00003061  copysignl                      
000011f5  delay                          
200005fc  errno                          
00002bfd  exit                           
00002ee9  finddevice                     
000022c5  fputc                          
00001b01  fputs                          
00001f21  free                           
000027d1  frexp                          
000027d1  frexpl                         
00002835  fseek                          
00002d59  getdevice                      
00000000  interruptVectors               
00001c15  ldexp                          
00001c15  ldexpl                         
00002f9d  lseek                          
000018b5  main                           
00003109  malloc                         
00001d25  memalign                       
00003045  memccpy                        
00002fed  memchr                         
00002193  memcpy                         
00002465  memset                         
200007c4  parmbuf                        
00002769  printf                         
000022c5  putc                           
00002f49  remove                         
00001c15  scalbn                         
00001c15  scalbnl                        
00002005  setvbuf                        
00003093  strchr                         
0000307b  strcmp                         
000030a9  strcpy                         
000030bd  strlen                         
00002e15  strncpy                        
00002f49  unlink                         
000030d1  wcslen                         
00002fc5  write                          


GLOBAL SYMBOLS: SORTED BY Symbol Address 

address   name                           
-------   ----                           
00000000  __TI_static_base__             
00000000  interruptVectors               
000000e5  __TI_printfi                   
00000200  __STACK_SIZE                   
00000400  __SYSMEM_SIZE                  
00000b33  _nop                           
00000b35  SystemCoreClockUpdate          
00000dad  SystemInit                     
000010d9  Clock_Init48MHz                
000011ef  Clock_GetFreq                  
000011f5  delay                          
00001203  Clock_Delay1us                 
0000122d  Clock_Delay1ms                 
00001489  __aeabi_dsub                   
00001493  __aeabi_dadd                   
0000163f  __aeabi_idiv0                  
0000163f  __aeabi_ldiv0                  
0000177d  __aeabi_ddiv                   
000018b5  main                           
000018ff  PortInit                       
00001929  TimerInit                      
0000196f  Delay                          
00001b01  fputs                          
00001c15  ldexp                          
00001c15  ldexpl                         
00001c15  scalbn                         
00001c15  scalbnl                        
00001d25  aligned_alloc                  
00001d25  memalign                       
00001e25  __aeabi_dmul                   
00001f21  free                           
00002005  setvbuf                        
00002193  __aeabi_memcpy                 
00002193  __aeabi_memcpy4                
00002193  __aeabi_memcpy8                
00002193  memcpy                         
0000222f  __aeabi_uldivmod               
000022c5  fputc                          
000022c5  putc                           
00002351  __aeabi_cdcmpeq                
00002351  __aeabi_cdcmple                
000023d7  __aeabi_cdrcmple               
0000245d  __aeabi_memclr                 
0000245d  __aeabi_memclr4                
0000245d  __aeabi_memclr8                
0000245f  __aeabi_memset                 
0000245f  __aeabi_memset4                
0000245f  __aeabi_memset8                
00002465  memset                         
000024d9  __TI_closefile                 
0000262d  HOSTrename                     
00002699  HOSTlseek                      
00002701  __TI_decompress_lzss           
00002769  printf                         
000027d1  frexp                          
000027d1  frexpl                         
00002835  fseek                          
00002899  __TI_wrt_ok                    
000028fd  HOSTopen                       
0000295d  close                          
000029b9  HOSTread                       
00002a11  HOSTwrite                      
00002abf  __TI_ltoa                      
00002b65  __TI_doflush                   
00002bb1  atoi                           
00002bfd  exit                           
00002c45  __aeabi_d2iz                   
00002c8d  HOSTclose                      
00002cd1  HOSTunlink                     
00002d15  __TI_auto_init_nobinit_nopinit 
00002d59  getdevice                      
00002ddd  __TI_writemsg                  
00002e0b  C$$IO$$                        
00002e15  strncpy                        
00002e4d  __TI_cleanup                   
00002e81  __TI_readmsg                   
00002eb5  _c_int00_noargs                
00002ee9  finddevice                     
00002f19  __aeabi_i2d                    
00002f49  remove                         
00002f49  unlink                         
00002f9d  lseek                          
00002fc5  write                          
00002fed  memchr                         
0000300d  __TI_zero_init_nomemset        
00003045  memccpy                        
00003061  copysign                       
00003061  copysignl                      
0000307b  strcmp                         
00003093  strchr                         
000030a9  strcpy                         
000030bd  strlen                         
000030d1  wcslen                         
000030e3  __TI_decompress_none           
000030f1  Reset_Handler                  
000030fd  ADC14_IRQHandler               
000030fd  AES256_IRQHandler              
000030fd  BusFault_Handler               
000030fd  COMP_E0_IRQHandler             
000030fd  COMP_E1_IRQHandler             
000030fd  CS_IRQHandler                  
000030fd  DMA_ERR_IRQHandler             
000030fd  DMA_INT0_IRQHandler            
000030fd  DMA_INT1_IRQHandler            
000030fd  DMA_INT2_IRQHandler            
000030fd  DMA_INT3_IRQHandler            
000030fd  DebugMon_Handler               
000030fd  Default_Handler                
000030fd  EUSCIA0_IRQHandler             
000030fd  EUSCIA1_IRQHandler             
000030fd  EUSCIA2_IRQHandler             
000030fd  EUSCIA3_IRQHandler             
000030fd  EUSCIB0_IRQHandler             
000030fd  EUSCIB1_IRQHandler             
000030fd  EUSCIB2_IRQHandler             
000030fd  EUSCIB3_IRQHandler             
000030fd  FLCTL_IRQHandler               
000030fd  FPU_IRQHandler                 
000030fd  HardFault_Handler              
000030fd  MemManage_Handler              
000030fd  NMI_Handler                    
000030fd  PCM_IRQHandler                 
000030fd  PORT1_IRQHandler               
000030fd  PORT2_IRQHandler               
000030fd  PORT3_IRQHandler               
000030fd  PORT4_IRQHandler               
000030fd  PORT5_IRQHandler               
000030fd  PORT6_IRQHandler               
000030fd  PSS_IRQHandler                 
000030fd  PendSV_Handler                 
000030fd  RTC_C_IRQHandler               
000030fd  SVC_Handler                    
000030fd  SysTick_Handler                
000030fd  T32_INT1_IRQHandler            
000030fd  T32_INT2_IRQHandler            
000030fd  T32_INTC_IRQHandler            
000030fd  TA0_0_IRQHandler               
000030fd  TA0_N_IRQHandler               
000030fd  TA1_0_IRQHandler               
000030fd  TA1_N_IRQHandler               
000030fd  TA2_0_IRQHandler               
000030fd  TA2_N_IRQHandler               
000030fd  TA3_0_IRQHandler               
000030fd  TA3_N_IRQHandler               
000030fd  UsageFault_Handler             
000030fd  WDT_A_IRQHandler               
00003101  __aeabi_errno_addr             
00003109  malloc                         
00003119  _system_pre_init               
0000311d  C$$EXIT                        
0000311d  abort                          
00003120  _ctypes_                       
00003298  __TI_Handler_Table_Base        
000032a4  __TI_Handler_Table_Limit       
000032b0  __TI_CINIT_Base                
000032c0  __TI_CINIT_Limit               
20000000  __start___llvm_prf_cnts        
20000000  __stop___llvm_prf_cnts         
20000000  _sys_memory                    
20000400  _ftable                        
200004f0  _device                        
20000568  _stream                        
200005b8  ClockFrequency                 
200005bc  Prewait                        
200005c0  CPMwait                        
200005c4  Postwait                       
200005c8  IFlags                         
200005cc  Crystalstable                  
200005d0  __TI_ft_end                    
200005d4  __aeabi_stdin                  
200005d8  __aeabi_stdout                 
200005dc  __aeabi_stderr                 
200005e0  __TI_cleanup_ptr               
200005e4  __TI_dtors_ptr                 
200005e8  __TI_enable_exit_profile_output
200005ec  _lock                          
200005f0  _unlock                        
200005fc  errno                          
20000600  SystemCoreClock                
20000604  __CIOBUF_                      
20000724  __TI_tmpnams                   
200007c4  parmbuf                        
2000fe00  __stack                        
20010000  __STACK_END                    
4000480c  WDTCTL_SYM                     
ffffffff  __TI_pprof_out_hndl            
ffffffff  __TI_prof_data_size            
ffffffff  __TI_prof_data_start           
ffffffff  __binit__                      
ffffffff  __c_args__                     
ffffffff  binit                          
UNDEFED   __mpu_init                     
UNDEFED   _system_post_cinit             

[193 symbols]
