******************************************************************************
                  TI ARM Linker PC v20.2.5                     
******************************************************************************
>> Linked Tue Mar 29 08:17:45 2022

OUTPUT FILE NAME:   <Lab6_BLE.out>
ENTRY POINT SYMBOL: "_c_int00_noargs"  address: 00005b69


MEMORY CONFIGURATION

         name            origin    length      used     unused   attr    fill
----------------------  --------  ---------  --------  --------  ----  --------
  MAIN                  00000000   00040000  0000616c  00039e94  R  X
  INFO                  00200000   00004000  00000000  00004000  R  X
  SRAM_CODE             01000000   00010000  0000115d  0000eea3  RW X
  SRAM_DATA             20000000   00010000  0000115d  0000eea3  RW  


SEGMENT ALLOCATION MAP

run origin  load origin   length   init length attrs members
----------  ----------- ---------- ----------- ----- -------
00000000    00000000    00006170   00006170    r-x
  00000000    00000000    000000e4   000000e4    r-- .intvecs
  000000e4    000000e4    00005cb8   00005cb8    r-x .text
  00005da0    00005da0    00000290   00000290    r-- .const
  00006030    00006030    00000140   00000140    r-- .cinit
20000000    20000000    00000f64   00000000    rw-
  20000000    20000000    00000869   00000000    rw- .bss
  20000870    20000870    00000400   00000000    rw- .sysmem
  20000c70    20000c70    000002f4   00000000    rw- .data
2000fe00    2000fe00    00000200   00000000    rw-
  2000fe00    2000fe00    00000200   00000000    rw- .stack


SECTION ALLOCATION MAP

 output                                  attributes/
section   page    origin      length       input sections
--------  ----  ----------  ----------   ----------------
.intvecs   0    00000000    000000e4     
                  00000000    000000e4     startup_msp432p401r_ccs.obj (.intvecs:retain)

.text      0    000000e4    00005cb8     
                  000000e4    00001850     SSD1306.obj (.text)
                  00001934    0000100c     AP.obj (.text)
                  00002940    000009d0     rtsv7M4_T_le_v4SPD16_eabi.lib : e_pow.c.obj (.text:pow)
                  00003310    000006cc     UART0.obj (.text)
                  000039dc    00000334     system_msp432p401r.obj (.text)
                  00003d10    00000310     Motor.obj (.text)
                  00004020    0000025c     Lab6_BLEmain.obj (.text)
                  0000427c    000001e0     Clock.obj (.text)
                  0000445c    000001b6     rtsv7M4_T_le_v4SPD16_eabi.lib : fd_add_t2.asm.obj (.text)
                  00004612    00000002                                   : _lock.c.obj (.text:_nop)
                  00004614    000001a4     UART1.obj (.text)
                  000047b8    00000158     rtsv7M4_T_le_v4SPD16_eabi.lib : e_sqrt.c.obj (.text:sqrt)
                  00004910    00000136                                   : fd_div_t2.asm.obj (.text)
                  00004a46    00000002     --HOLE-- [fill = 0]
                  00004a48    00000110                                   : fopen.c.obj (.text:_openfile)
                  00004b58    00000110                                   : s_scalbn.c.obj (.text:scalbn)
                  00004c68    00000100                                   : memory.c.obj (.text:aligned_alloc)
                  00004d68    000000fc                                   : fd_mul_t2.asm.obj (.text)
                  00004e64    000000e4                                   : memory.c.obj (.text:free)
                  00004f48    000000dc                                   : setvbuf.c.obj (.text:setvbuf)
                  00005024    000000c0     GPIO.obj (.text)
                  000050e4    000000bc     rtsv7M4_T_le_v4SPD16_eabi.lib : open.c.obj (.text:open)
                  000051a0    000000b8                                   : add_device.c.obj (.text:add_device)
                  00005258    0000009c                                   : fopen.c.obj (.text:fopen)
                  000052f4    0000009c                                   : memcpy_t2.asm.obj (.text)
                  00005390    00000086                                   : fd_cmp_t2.asm.obj (.text:__aeabi_cdcmple)
                  00005416    00000086                                   : fd_cmp_t2.asm.obj (.text:__aeabi_cdrcmple)
                  0000549c    0000007a                                   : memset_t2.asm.obj (.text)
                  00005516    00000002     --HOLE-- [fill = 0]
                  00005518    00000074                                   : fclose.c.obj (.text:__TI_closefile)
                  0000558c    00000070                                   : memory.c.obj (.text:split)
                  000055fc    0000006c                                   : hostrename.c.obj (.text:HOSTrename)
                  00005668    00000068                                   : hostlseek.c.obj (.text:HOSTlseek)
                  000056d0    00000068                                   : copy_decompress_lzss.c.obj (.text:decompress:lzss:__TI_decompress_lzss)
                  00005738    00000060                                   : hostopen.c.obj (.text:HOSTopen)
                  00005798    0000005c                                   : close.c.obj (.text:close)
                  000057f4    00000058                                   : hostread.c.obj (.text:HOSTread)
                  0000584c    00000058                                   : hostwrite.c.obj (.text:HOSTwrite)
                  000058a4    0000004c                                   : fflush.c.obj (.text:__TI_doflush)
                  000058f0    00000048                                   : exit.c.obj (.text:exit)
                  00005938    00000048                                   : fd_toi_t2.asm.obj (.text)
                  00005980    00000044                                   : hostclose.c.obj (.text:HOSTclose)
                  000059c4    00000044                                   : hostunlink.c.obj (.text:HOSTunlink)
                  00005a08    00000044                                   : autoinit.c.obj (.text:__TI_auto_init_nobinit_nopinit:__TI_auto_init_nobinit_nopinit)
                  00005a4c    00000044                                   : getdevice.c.obj (.text:getdevice)
                  00005a90    00000038                                   : trgmsg.c.obj (.text:__TI_writemsg)
                  00005ac8    00000036                                   : strncpy.c.obj (.text:strncpy)
                  00005afe    00000002     --HOLE-- [fill = 0]
                  00005b00    00000034                                   : fopen.c.obj (.text:__TI_cleanup)
                  00005b34    00000034                                   : trgmsg.c.obj (.text:__TI_readmsg)
                  00005b68    00000034                                   : boot_cortex_m.c.obj (.text:_c_int00_noargs:_c_int00_noargs)
                  00005b9c    00000034                                   : fopen.c.obj (.text:freopen)
                  00005bd0    00000030                                   : getdevice.c.obj (.text:finddevice)
                  00005c00    0000002e                                   : i_tofd_t2.asm.obj (.text)
                  00005c2e    00000002     --HOLE-- [fill = 0]
                  00005c30    0000002c                                   : unlink.c.obj (.text:unlink)
                  00005c5c    00000028                                   : memory.c.obj (.text:free_list_insert)
                  00005c84    00000028                                   : write.c.obj (.text:write)
                  00005cac    00000024     CortexM.obj (.text)
                  00005cd0    0000001c     rtsv7M4_T_le_v4SPD16_eabi.lib : memory.c.obj (.text:free_list_remove)
                  00005cec    0000001a                                   : s_copysign.c.obj (.text:copysign)
                  00005d06    00000018                                   : strcmp.c.obj (.text:strcmp)
                  00005d1e    00000016                                   : strchr.c.obj (.text:strchr)
                  00005d34    00000014                                   : strcpy.c.obj (.text:strcpy)
                  00005d48    00000014                                   : strlen.c.obj (.text:strlen)
                  00005d5c    0000000e                                   : copy_decompress_none.c.obj (.text:decompress:none:__TI_decompress_none)
                  00005d6a    0000000e     startup_msp432p401r_ccs.obj (.text)
                  00005d78    0000000c     rtsv7M4_T_le_v4SPD16_eabi.lib : copy_zero_init.c.obj (.text:decompress:ZI:__TI_zero_init)
                  00005d84    00000008                                   : errno.c.obj (.text:__aeabi_errno_addr)
                  00005d8c    00000008                                   : memory.c.obj (.text:malloc)
                  00005d94    00000004                                   : pre_init.c.obj (.text:_system_pre_init)
                  00005d98    00000004                                   : exit.c.obj (.text:abort:abort)

.const     0    00005da0    00000290     
                  00005da0    000001e0     SSD1306.obj (.const:ASCII)
                  00005f80    00000030     rtsv7M4_T_le_v4SPD16_eabi.lib : e_pow.c.obj (.const:$O1$$)
                  00005fb0    00000014     AP.obj (.const:.string:NPI_StartAdvertisement)
                  00005fc4    00000011     AP.obj (.const:.string:NPI_SetAdvertisement1)
                  00005fd5    00000009     AP.obj (.const:.string:HCI_EXT_ResetSystemCmd)
                  00005fde    00000008     SSD1306.obj (.const:.string:postmask)
                  00005fe6    00000008     SSD1306.obj (.const:.string:premask)
                  00005fee    00000006     AP.obj (.const:.string:NPI_GetStatus)
                  00005ff4    00000006     AP.obj (.const:.string:NPI_GetVersion)
                  00005ffa    00000006     AP.obj (.const:.string:NPI_Register)
                  00006000    00000006     SSD1306.obj (.const:.string:init5)
                  00006006    00000005     SSD1306.obj (.const:.string:dlist1)
                  0000600b    00000004     SSD1306.obj (.const:.string:init1)
                  0000600f    00000004     SSD1306.obj (.const:.string:init2)
                  00006013    00000004     SSD1306.obj (.const:.string:init3)
                  00006017    00000003     SSD1306.obj (.const:.string:init4b)
                  0000601a    00000003     SSD1306.obj (.const:.string:scrollList1b)
                  0000601d    00000003     SSD1306.obj (.const:.string:scrollList2b)
                  00006020    00000002     SSD1306.obj (.const:.string:scrollList1a)
                  00006022    00000002     SSD1306.obj (.const:.string:scrollList2a)
                  00006024    00000002     SSD1306.obj (.const:.string:scrollList3a)
                  00006026    00000002     SSD1306.obj (.const:.string:scrollList3b)
                  00006028    00000002     SSD1306.obj (.const:.string:scrollList3c)
                  0000602a    00000002     SSD1306.obj (.const:.string:scrollList4a)
                  0000602c    00000002     SSD1306.obj (.const:.string:scrollList4b)
                  0000602e    00000002     SSD1306.obj (.const:.string:scrollList4c)

.cinit     0    00006030    00000140     
                  00006030    00000116     (.cinit..data.load) [load image, compression = lzss]
                  00006146    00000002     --HOLE-- [fill = 0]
                  00006148    0000000c     (__TI_handler_table)
                  00006154    00000004     --HOLE-- [fill = 0]
                  00006158    00000008     (.cinit..bss.load) [load image, compression = zero_init]
                  00006160    00000010     (__TI_cinit_table)

.init_array 
*          0    00000000    00000000     UNINITIALIZED

.binit     0    00000000    00000000     

.bss       0    20000000    00000869     UNINITIALIZED
                  20000000    00000400     (.common:buffer)
                  20000400    00000120     rtsv7M4_T_le_v4SPD16_eabi.lib : trgmsg.c.obj (.bss:_CIOBUF_)
                  20000520    00000100     (.common:RxFIFO)
                  20000620    000000a0     (.common:CharacteristicList)
                  200006c0    000000a0     (.common:__TI_tmpnams)
                  20000760    00000080     (.common:RecvBuf)
                  200007e0    00000050     (.common:NotifyCharacteristicList)
                  20000830    00000008     (.common:Messageb)
                  20000838    00000008     (.common:parmbuf)
                  20000840    00000004     (.common:Messageindexb)
                  20000844    00000004     (.common:NoSOFErr)
                  20000848    00000004     (.common:RxFifoLost)
                  2000084c    00000004     (.common:RxGetI)
                  20000850    00000004     (.common:RxPutI)
                  20000854    00000004     (.common:TimeOutErr)
                  20000858    00000004     (.common:fcserr)
                  2000085c    00000004     (.common:rotation)
                  20000860    00000004     (.common:vccstate)
                  20000864    00000002     (.common:StartX)
                  20000866    00000002     (.common:StartY)
                  20000868    00000001     (.common:BT_ByteData)

.sysmem    0    20000870    00000400     UNINITIALIZED
                  20000870    00000010     rtsv7M4_T_le_v4SPD16_eabi.lib : memory.c.obj (.sysmem)
                  20000880    000003f0     --HOLE--

.data      0    20000c70    000002f4     UNINITIALIZED
                  20000c70    000000f0     rtsv7M4_T_le_v4SPD16_eabi.lib : defs.c.obj (.data:_ftable)
                  20000d60    00000078                                   : host_device.c.obj (.data:_device)
                  20000dd8    00000050                                   : host_device.c.obj (.data:_stream)
                  20000e28    00000025     AP.obj (.data:NPI_SetAdvertisementData)
                  20000e4d    00000020     AP.obj (.data:NPI_AddCharDescriptor)
                  20000e6d    0000001f     AP.obj (.data:NPI_SetAdvertisementDataJacki)
                  20000e8c    0000001c     AP.obj (.data:NPI_GATTSetDeviceName)
                  20000ea8    00000018     Clock.obj (.data)
                  20000ec0    00000015     AP.obj (.data:NPI_ReadConfirmation)
                  20000ed5    00000014     AP.obj (.data:NPI_SendNotificationIndication)
                  20000ee9    00000003     --HOLE--
                  20000eec    00000010     rtsv7M4_T_le_v4SPD16_eabi.lib : defs.c.obj (.data)
                  20000efc    0000000e     AP.obj (.data:NPI_AddCharValue)
                  20000f0a    00000002     --HOLE--
                  20000f0c    0000000c     rtsv7M4_T_le_v4SPD16_eabi.lib : exit.c.obj (.data:$O1$$)
                  20000f18    00000009     AP.obj (.data:NPI_AddService)
                  20000f21    00000009     AP.obj (.data:NPI_CCCDUpdatedConfirmation)
                  20000f2a    00000009     AP.obj (.data:NPI_WriteConfirmation)
                  20000f33    00000001     --HOLE--
                  20000f34    00000008     rtsv7M4_T_le_v4SPD16_eabi.lib : _lock.c.obj (.data:$O1$$)
                  20000f3c    00000008                                   : memory.c.obj (.data:$O1$$)
                  20000f44    00000008     AP.obj (.data)
                  20000f4c    00000004     SSD1306.obj (.data)
                  20000f50    00000004     rtsv7M4_T_le_v4SPD16_eabi.lib : add_device.c.obj (.data)
                  20000f54    00000004                                   : errno.c.obj (.data)
                  20000f58    00000004                                   : fopen.c.obj (.data)
                  20000f5c    00000004                                   : open.c.obj (.data)
                  20000f60    00000004     system_msp432p401r.obj (.data)

.stack     0    2000fe00    00000200     UNINITIALIZED
                  2000fe00    00000004     rtsv7M4_T_le_v4SPD16_eabi.lib : boot_cortex_m.c.obj (.stack)
                  2000fe04    000001fc     --HOLE--

__llvm_prf_cnts 
*          0    20000000    00000000     UNINITIALIZED

MODULE SUMMARY

       Module                        code    ro data   rw data
       ------                        ----    -------   -------
    .\
       SSD1306.obj                   6224    544       2080   
       AP.obj                        4108    64        1196   
       UART0.obj                     1740    0         24     
       UART1.obj                     420     0         536    
       system_msp432p401r.obj        820     0         8      
       Motor.obj                     784     0         0      
       Lab6_BLEmain.obj              604     0         2      
       Clock.obj                     480     0         48     
       startup_msp432p401r_ccs.obj   14      228       0      
       GPIO.obj                      192     0         0      
       CortexM.obj                   36      0         0      
    +--+-----------------------------+-------+---------+---------+
       Total:                        15422   836       3894   
                                                              
    C:\ti\ccs1040\ccs\tools\compiler\ti-cgt-arm_20.2.5.LTS\lib\rtsv7M4_T_le_v4SPD16_eabi.lib
       e_pow.c.obj                   2512    48        0      
       defs.c.obj                    0       0         832    
       memory.c.obj                  672     0         16     
       trgmsg.c.obj                  108     0         576    
       fopen.c.obj                   532     0         8      
       fd_add_t2.asm.obj             438     0         0      
       host_device.c.obj             0       0         400    
       e_sqrt.c.obj                  344     0         0      
       fd_div_t2.asm.obj             310     0         0      
       s_scalbn.c.obj                272     0         0      
       fd_cmp_t2.asm.obj             268     0         0      
       fd_mul_t2.asm.obj             252     0         0      
       setvbuf.c.obj                 220     0         0      
       open.c.obj                    188     0         8      
       add_device.c.obj              184     0         8      
       memcpy_t2.asm.obj             156     0         0      
       memset_t2.asm.obj             122     0         0      
       fclose.c.obj                  116     0         0      
       getdevice.c.obj               116     0         0      
       hostopen.c.obj                96      0         16     
       hostrename.c.obj              108     0         0      
       copy_decompress_lzss.c.obj    104     0         0      
       hostlseek.c.obj               104     0         0      
       exit.c.obj                    76      0         24     
       close.c.obj                   92      0         0      
       hostread.c.obj                88      0         0      
       hostwrite.c.obj               88      0         0      
       fflush.c.obj                  76      0         0      
       fd_toi_t2.asm.obj             72      0         0      
       autoinit.c.obj                68      0         0      
       hostclose.c.obj               68      0         0      
       hostunlink.c.obj              68      0         0      
       strncpy.c.obj                 54      0         0      
       boot_cortex_m.c.obj           52      0         0      
       i_tofd_t2.asm.obj             46      0         0      
       unlink.c.obj                  44      0         0      
       write.c.obj                   40      0         0      
       s_copysign.c.obj              26      0         0      
       strcmp.c.obj                  24      0         0      
       strchr.c.obj                  22      0         0      
       strcpy.c.obj                  20      0         0      
       strlen.c.obj                  20      0         0      
       _lock.c.obj                   2       0         16     
       errno.c.obj                   8       0         8      
       copy_decompress_none.c.obj    14      0         0      
       copy_zero_init.c.obj          12      0         0      
       pre_init.c.obj                4       0         0      
    +--+-----------------------------+-------+---------+---------+
       Total:                        8306    48        1912   
                                                              
       Heap:                         0       0         2048   
       Stack:                        0       0         1024   
       Linker Generated:             0       314       0      
    +--+-----------------------------+-------+---------+---------+
       Grand Total:                  23728   1198      8878   


LINKER GENERATED COPY TABLES

__TI_cinit_table @ 00006160 records: 2, size/record: 8, table size: 16
	.data: load addr=00006030, load size=00000116 bytes, run addr=20000c70, run size=000002f4 bytes, compression=lzss
	.bss: load addr=00006158, load size=00000008 bytes, run addr=20000000, run size=00000869 bytes, compression=zero_init


LINKER GENERATED HANDLER TABLE

__TI_handler_table @ 00006148 records: 3, size/record: 4, table size: 12
	index: 0, handler: __TI_decompress_lzss
	index: 1, handler: __TI_decompress_none
	index: 2, handler: __TI_zero_init


GLOBAL SYMBOLS: SORTED ALPHABETICALLY BY Name 

address   name                           
-------   ----                           
00005d77  ADC14_IRQHandler               
00005d77  AES256_IRQHandler              
00001f95  AP_AddCharacteristic           
00002151  AP_AddNotifyCharacteristic     
00001f3d  AP_AddService                  
0000265d  AP_BackgroundProcess           
00001adb  AP_EchoReceived                
00001a6f  AP_EchoSendMessage             
00001f27  AP_GetNotifyCCCD               
00001a45  AP_GetSize                     
00002535  AP_GetStatus                   
00002571  AP_GetVersion                  
0000195f  AP_Init                        
00001cfd  AP_RecvMessage                 
00001ed9  AP_RecvStatus                  
00001f75  AP_RegisterService             
00001935  AP_Reset                       
00001b61  AP_SendMessage                 
00001ee7  AP_SendMessageResponse         
00002379  AP_SendNotification            
00002479  AP_StartAdvertisement          
000024cd  AP_StartAdvertisementJacki     
20000868  BT_ByteData                    
00005d77  BusFault_Handler               
00005d99  C$$EXIT                        
00005abf  C$$IO$$                        
00005d77  COMP_E0_IRQHandler             
00005d77  COMP_E1_IRQHandler             
20000eb0  CPMwait                        
00005d77  CS_IRQHandler                  
20000f44  CharacteristicCount            
20000620  CharacteristicList             
20000ea8  ClockFrequency                 
000043d1  Clock_Delay1ms                 
000043a7  Clock_Delay1us                 
00004393  Clock_GetFreq                  
0000427d  Clock_Init48MHz                
20000ebc  Crystalstable                  
20000f4c  CurrentX                       
20000f4e  CurrentY                       
00005d77  DMA_ERR_IRQHandler             
00005d77  DMA_INT0_IRQHandler            
00005d77  DMA_INT1_IRQHandler            
00005d77  DMA_INT2_IRQHandler            
00005d77  DMA_INT3_IRQHandler            
00005d77  DebugMon_Handler               
00005d77  Default_Handler                
00003e0b  Delay                          
00005cad  DisableInterrupts              
00005d77  EUSCIA0_IRQHandler             
00005d77  EUSCIA1_IRQHandler             
0000473d  EUSCIA2_IRQHandler             
0000473d  EUSCIA2_IRQHandler             
00005d77  EUSCIA3_IRQHandler             
00005d77  EUSCIB0_IRQHandler             
00005d77  EUSCIB1_IRQHandler             
00005d77  EUSCIB2_IRQHandler             
00005d77  EUSCIB3_IRQHandler             
00005cb3  EnableInterrupts               
00005cc3  EndCritical                    
00005d77  FLCTL_IRQHandler               
00005d77  FPU_IRQHandler                 
00005025  GPIO_Init                      
00005fd5  HCI_EXT_ResetSystemCmd         
00005981  HOSTclose                      
00005669  HOSTlseek                      
00005739  HOSTopen                       
000057f5  HOSTread                       
000055fd  HOSTrename                     
000059c5  HOSTunlink                     
0000584d  HOSTwrite                      
00005d77  HardFault_Handler              
20000eb8  IFlags                         
00005d77  MemManage_Handler              
20000830  Messageb                       
20000840  Messageindexb                  
00003ebd  Motor_Backward                 
00003e4f  Motor_Forward                  
00003d11  Motor_Init                     
00003f7f  Motor_Left                     
00003f2f  Motor_Right                    
00003e39  Motor_Stop                     
00004035  MoveRobot                      
00005d77  NMI_Handler                    
20000e4d  NPI_AddCharDescriptor          
20000efc  NPI_AddCharValue               
20000f18  NPI_AddService                 
20000f21  NPI_CCCDUpdatedConfirmation    
20000e8c  NPI_GATTSetDeviceName          
00005fee  NPI_GetStatus                  
00005ff4  NPI_GetVersion                 
20000ec0  NPI_ReadConfirmation           
00005ffa  NPI_Register                   
20000ed5  NPI_SendNotificationIndication 
00005fc4  NPI_SetAdvertisement1          
20000e28  NPI_SetAdvertisementData       
20000e6d  NPI_SetAdvertisementDataJacki  
00005fb0  NPI_StartAdvertisement         
20000f2a  NPI_WriteConfirmation          
20000844  NoSOFErr                       
20000f48  NotifyCharacteristicCount      
200007e0  NotifyCharacteristicList       
00005d77  PCM_IRQHandler                 
00005d77  PORT1_IRQHandler               
00005d77  PORT2_IRQHandler               
00005d77  PORT3_IRQHandler               
00005d77  PORT4_IRQHandler               
00005d77  PORT5_IRQHandler               
00005d77  PORT6_IRQHandler               
00005d77  PSS_IRQHandler                 
00005d77  PendSV_Handler                 
20000eb4  Postwait                       
20000eac  Prewait                        
00005d77  RTC_C_IRQHandler               
20000760  RecvBuf                        
00005d6b  Reset_Handler                  
20000520  RxFIFO                         
20000848  RxFifoLost                     
0000466d  RxFifo_Get                     
00004615  RxFifo_Init                    
00004627  RxFifo_Put                     
2000084c  RxGetI                         
20000850  RxPutI                         
00000555  SSD1306_Clear                  
00000515  SSD1306_ClearBuffer            
00000f71  SSD1306_Dim                    
00000e2b  SSD1306_DisplayBuffer          
00000415  SSD1306_DrawChar               
000007ed  SSD1306_DrawFastHLine          
00000a11  SSD1306_DrawFastVLine          
000005a9  SSD1306_DrawFullImage          
00000299  SSD1306_DrawPixel              
000004c9  SSD1306_DrawString             
00000e27  SSD1306_GetBuffer              
00000d29  SSD1306_GetPixel               
00000193  SSD1306_Init                   
00000f5b  SSD1306_InvertDisplay          
0000101d  SSD1306_OutChar                
000017d7  SSD1306_OutHex7                
00001389  SSD1306_OutSDec                
000016e9  SSD1306_OutSFix1               
00001143  SSD1306_OutString              
0000119d  SSD1306_OutUDec                
0000183d  SSD1306_OutUDec16              
000018d5  SSD1306_OutUDec2               
00001655  SSD1306_OutUFix1               
0000180d  SSD1306_OutUHex7               
0000060d  SSD1306_PrintBMP               
00000fa3  SSD1306_SetCursor              
000008ff  SSD1306_drawFastHLineInternal  
00000b29  SSD1306_drawFastVLineInternal  
00000f11  SSD1306_startscrolldiagleft    
00000ecd  SSD1306_startscrolldiagright   
00000e97  SSD1306_startscrollleft        
00000e65  SSD1306_startscrollright       
00000f51  SSD1306_stopscroll             
00005d77  SVC_Handler                    
00005cb9  StartCritical                  
20000864  StartX                         
20000866  StartY                         
00005d77  SysTick_Handler                
20000f60  SystemCoreClock                
000039dd  SystemCoreClockUpdate          
00003c55  SystemInit                     
00005d77  T32_INT1_IRQHandler            
00005d77  T32_INT2_IRQHandler            
00005d77  T32_INTC_IRQHandler            
00005d77  TA0_0_IRQHandler               
00005d77  TA0_N_IRQHandler               
00005d77  TA1_0_IRQHandler               
00005d77  TA1_N_IRQHandler               
00005d77  TA2_0_IRQHandler               
00005d77  TA2_N_IRQHandler               
00005d77  TA3_0_IRQHandler               
00005d77  TA3_N_IRQHandler               
20000854  TimeOutErr                     
00003d77  Timer_Init                     
00003357  UART0_InChar                   
000037f1  UART0_InString                 
000033a1  UART0_InUDec                   
000036a5  UART0_InUHex                   
00003311  UART0_Init                     
00003951  UART0_Initprintf               
00003367  UART0_OutChar                  
00003459  UART0_OutSDec                  
00003383  UART0_OutString                
00003425  UART0_OutUDec                  
0000359f  UART0_OutUDec4                 
000035f9  UART0_OutUDec5                 
00003631  UART0_OutUFix1                 
00003659  UART0_OutUFix2                 
00003769  UART0_OutUHex                  
000037d5  UART0_OutUHex2                 
00004771  UART1_FinishOutput             
0000470f  UART1_InChar                   
000046a3  UART1_InStatus                 
000046b3  UART1_Init                     
00004721  UART1_OutChar                  
00004753  UART1_OutString                
00005d77  UsageFault_Handler             
00004021  ValueOut                       
4000480c  WDTCTL_SYM                     
00005d77  WDT_A_IRQHandler               
00005ccb  WaitForInterrupt               
0000412b  WriteByteData                  
20000400  __CIOBUF_                      
20010000  __STACK_END                    
00000200  __STACK_SIZE                   
00000400  __SYSMEM_SIZE                  
00006160  __TI_CINIT_Base                
00006170  __TI_CINIT_Limit               
00006148  __TI_Handler_Table_Base        
00006154  __TI_Handler_Table_Limit       
00005a09  __TI_auto_init_nobinit_nopinit 
00005b01  __TI_cleanup                   
20000f0c  __TI_cleanup_ptr               
00005519  __TI_closefile                 
000056d1  __TI_decompress_lzss           
00005d5d  __TI_decompress_none           
000058a5  __TI_doflush                   
20000f10  __TI_dtors_ptr                 
20000f14  __TI_enable_exit_profile_output
20000eec  __TI_ft_end                    
ffffffff  __TI_pprof_out_hndl            
ffffffff  __TI_prof_data_size            
ffffffff  __TI_prof_data_start           
00005b35  __TI_readmsg                   
00000000  __TI_static_base__             
200006c0  __TI_tmpnams                   
00005a91  __TI_writemsg                  
00005d79  __TI_zero_init                 
00005391  __aeabi_cdcmpeq                
00005391  __aeabi_cdcmple                
00005417  __aeabi_cdrcmple               
00005939  __aeabi_d2iz                   
00004467  __aeabi_dadd                   
00004911  __aeabi_ddiv                   
00004d69  __aeabi_dmul                   
0000445d  __aeabi_dsub                   
00005d85  __aeabi_errno_addr             
00005c01  __aeabi_i2d                    
0000549d  __aeabi_memclr                 
0000549d  __aeabi_memclr4                
0000549d  __aeabi_memclr8                
000052f5  __aeabi_memcpy                 
000052f5  __aeabi_memcpy4                
000052f5  __aeabi_memcpy8                
0000549f  __aeabi_memset                 
0000549f  __aeabi_memset4                
0000549f  __aeabi_memset8                
20000ef8  __aeabi_stderr                 
20000ef0  __aeabi_stdin                  
20000ef4  __aeabi_stdout                 
ffffffff  __binit__                      
ffffffff  __c_args__                     
UNDEFED   __mpu_init                     
2000fe00  __stack                        
20000000  __start___llvm_prf_cnts        
20000000  __stop___llvm_prf_cnts         
00005b69  _c_int00_noargs                
20000d60  _device                        
20000c70  _ftable                        
20000f34  _lock                          
00004613  _nop                           
20000dd8  _stream                        
20000870  _sys_memory                    
UNDEFED   _system_post_cinit             
00005d95  _system_pre_init               
20000f38  _unlock                        
00005d99  abort                          
000051a1  add_device                     
00004c69  aligned_alloc                  
ffffffff  binit                          
20000000  buffer                         
00005799  close                          
00005ced  copysign                       
00005ced  copysignl                      
00004399  delay                          
20000f54  errno                          
000058f1  exit                           
20000858  fcserr                         
0000388b  ferror                         
0000386b  fgetc                          
00005bd1  finddevice                     
00005259  fopen                          
00004e65  free                           
00005b9d  freopen                        
00005a4d  getdevice                      
00000000  interruptVectors               
00004b59  ldexp                          
00004b59  ldexpl                         
00004141  main                           
00005d8d  malloc                         
00004c69  memalign                       
000052f5  memcpy                         
000054a5  memset                         
000050e5  open                           
000037ad  outnibble                      
20000838  parmbuf                        
00002941  pow                            
00002941  powl                           
00005c31  remove                         
2000085c  rotation                       
00004b59  scalbn                         
00004b59  scalbnl                        
00004f49  setvbuf                        
000047b9  sqrt                           
000047b9  sqrtl                          
00000113  ssd1306_Testcommandwrite       
0000014b  ssd1306_command                
0000015b  ssd1306_command1               
0000016b  ssd1306_commandList            
00005d1f  strchr                         
00005d07  strcmp                         
00005d35  strcpy                         
00005d49  strlen                         
00005ac9  strncpy                        
000038a9  uart_close                     
00003927  uart_lseek                     
00003899  uart_open                      
000038bb  uart_read                      
00003943  uart_rename                    
00003937  uart_unlink                    
000038e5  uart_write                     
00005c31  unlink                         
20000860  vccstate                       
00005c85  write                          


GLOBAL SYMBOLS: SORTED BY Symbol Address 

address   name                           
-------   ----                           
00000000  __TI_static_base__             
00000000  interruptVectors               
00000113  ssd1306_Testcommandwrite       
0000014b  ssd1306_command                
0000015b  ssd1306_command1               
0000016b  ssd1306_commandList            
00000193  SSD1306_Init                   
00000200  __STACK_SIZE                   
00000299  SSD1306_DrawPixel              
00000400  __SYSMEM_SIZE                  
00000415  SSD1306_DrawChar               
000004c9  SSD1306_DrawString             
00000515  SSD1306_ClearBuffer            
00000555  SSD1306_Clear                  
000005a9  SSD1306_DrawFullImage          
0000060d  SSD1306_PrintBMP               
000007ed  SSD1306_DrawFastHLine          
000008ff  SSD1306_drawFastHLineInternal  
00000a11  SSD1306_DrawFastVLine          
00000b29  SSD1306_drawFastVLineInternal  
00000d29  SSD1306_GetPixel               
00000e27  SSD1306_GetBuffer              
00000e2b  SSD1306_DisplayBuffer          
00000e65  SSD1306_startscrollright       
00000e97  SSD1306_startscrollleft        
00000ecd  SSD1306_startscrolldiagright   
00000f11  SSD1306_startscrolldiagleft    
00000f51  SSD1306_stopscroll             
00000f5b  SSD1306_InvertDisplay          
00000f71  SSD1306_Dim                    
00000fa3  SSD1306_SetCursor              
0000101d  SSD1306_OutChar                
00001143  SSD1306_OutString              
0000119d  SSD1306_OutUDec                
00001389  SSD1306_OutSDec                
00001655  SSD1306_OutUFix1               
000016e9  SSD1306_OutSFix1               
000017d7  SSD1306_OutHex7                
0000180d  SSD1306_OutUHex7               
0000183d  SSD1306_OutUDec16              
000018d5  SSD1306_OutUDec2               
00001935  AP_Reset                       
0000195f  AP_Init                        
00001a45  AP_GetSize                     
00001a6f  AP_EchoSendMessage             
00001adb  AP_EchoReceived                
00001b61  AP_SendMessage                 
00001cfd  AP_RecvMessage                 
00001ed9  AP_RecvStatus                  
00001ee7  AP_SendMessageResponse         
00001f27  AP_GetNotifyCCCD               
00001f3d  AP_AddService                  
00001f75  AP_RegisterService             
00001f95  AP_AddCharacteristic           
00002151  AP_AddNotifyCharacteristic     
00002379  AP_SendNotification            
00002479  AP_StartAdvertisement          
000024cd  AP_StartAdvertisementJacki     
00002535  AP_GetStatus                   
00002571  AP_GetVersion                  
0000265d  AP_BackgroundProcess           
00002941  pow                            
00002941  powl                           
00003311  UART0_Init                     
00003357  UART0_InChar                   
00003367  UART0_OutChar                  
00003383  UART0_OutString                
000033a1  UART0_InUDec                   
00003425  UART0_OutUDec                  
00003459  UART0_OutSDec                  
0000359f  UART0_OutUDec4                 
000035f9  UART0_OutUDec5                 
00003631  UART0_OutUFix1                 
00003659  UART0_OutUFix2                 
000036a5  UART0_InUHex                   
00003769  UART0_OutUHex                  
000037ad  outnibble                      
000037d5  UART0_OutUHex2                 
000037f1  UART0_InString                 
0000386b  fgetc                          
0000388b  ferror                         
00003899  uart_open                      
000038a9  uart_close                     
000038bb  uart_read                      
000038e5  uart_write                     
00003927  uart_lseek                     
00003937  uart_unlink                    
00003943  uart_rename                    
00003951  UART0_Initprintf               
000039dd  SystemCoreClockUpdate          
00003c55  SystemInit                     
00003d11  Motor_Init                     
00003d77  Timer_Init                     
00003e0b  Delay                          
00003e39  Motor_Stop                     
00003e4f  Motor_Forward                  
00003ebd  Motor_Backward                 
00003f2f  Motor_Right                    
00003f7f  Motor_Left                     
00004021  ValueOut                       
00004035  MoveRobot                      
0000412b  WriteByteData                  
00004141  main                           
0000427d  Clock_Init48MHz                
00004393  Clock_GetFreq                  
00004399  delay                          
000043a7  Clock_Delay1us                 
000043d1  Clock_Delay1ms                 
0000445d  __aeabi_dsub                   
00004467  __aeabi_dadd                   
00004613  _nop                           
00004615  RxFifo_Init                    
00004627  RxFifo_Put                     
0000466d  RxFifo_Get                     
000046a3  UART1_InStatus                 
000046b3  UART1_Init                     
0000470f  UART1_InChar                   
00004721  UART1_OutChar                  
0000473d  EUSCIA2_IRQHandler             
0000473d  EUSCIA2_IRQHandler             
00004753  UART1_OutString                
00004771  UART1_FinishOutput             
000047b9  sqrt                           
000047b9  sqrtl                          
00004911  __aeabi_ddiv                   
00004b59  ldexp                          
00004b59  ldexpl                         
00004b59  scalbn                         
00004b59  scalbnl                        
00004c69  aligned_alloc                  
00004c69  memalign                       
00004d69  __aeabi_dmul                   
00004e65  free                           
00004f49  setvbuf                        
00005025  GPIO_Init                      
000050e5  open                           
000051a1  add_device                     
00005259  fopen                          
000052f5  __aeabi_memcpy                 
000052f5  __aeabi_memcpy4                
000052f5  __aeabi_memcpy8                
000052f5  memcpy                         
00005391  __aeabi_cdcmpeq                
00005391  __aeabi_cdcmple                
00005417  __aeabi_cdrcmple               
0000549d  __aeabi_memclr                 
0000549d  __aeabi_memclr4                
0000549d  __aeabi_memclr8                
0000549f  __aeabi_memset                 
0000549f  __aeabi_memset4                
0000549f  __aeabi_memset8                
000054a5  memset                         
00005519  __TI_closefile                 
000055fd  HOSTrename                     
00005669  HOSTlseek                      
000056d1  __TI_decompress_lzss           
00005739  HOSTopen                       
00005799  close                          
000057f5  HOSTread                       
0000584d  HOSTwrite                      
000058a5  __TI_doflush                   
000058f1  exit                           
00005939  __aeabi_d2iz                   
00005981  HOSTclose                      
000059c5  HOSTunlink                     
00005a09  __TI_auto_init_nobinit_nopinit 
00005a4d  getdevice                      
00005a91  __TI_writemsg                  
00005abf  C$$IO$$                        
00005ac9  strncpy                        
00005b01  __TI_cleanup                   
00005b35  __TI_readmsg                   
00005b69  _c_int00_noargs                
00005b9d  freopen                        
00005bd1  finddevice                     
00005c01  __aeabi_i2d                    
00005c31  remove                         
00005c31  unlink                         
00005c85  write                          
00005cad  DisableInterrupts              
00005cb3  EnableInterrupts               
00005cb9  StartCritical                  
00005cc3  EndCritical                    
00005ccb  WaitForInterrupt               
00005ced  copysign                       
00005ced  copysignl                      
00005d07  strcmp                         
00005d1f  strchr                         
00005d35  strcpy                         
00005d49  strlen                         
00005d5d  __TI_decompress_none           
00005d6b  Reset_Handler                  
00005d77  ADC14_IRQHandler               
00005d77  AES256_IRQHandler              
00005d77  BusFault_Handler               
00005d77  COMP_E0_IRQHandler             
00005d77  COMP_E1_IRQHandler             
00005d77  CS_IRQHandler                  
00005d77  DMA_ERR_IRQHandler             
00005d77  DMA_INT0_IRQHandler            
00005d77  DMA_INT1_IRQHandler            
00005d77  DMA_INT2_IRQHandler            
00005d77  DMA_INT3_IRQHandler            
00005d77  DebugMon_Handler               
00005d77  Default_Handler                
00005d77  EUSCIA0_IRQHandler             
00005d77  EUSCIA1_IRQHandler             
00005d77  EUSCIA3_IRQHandler             
00005d77  EUSCIB0_IRQHandler             
00005d77  EUSCIB1_IRQHandler             
00005d77  EUSCIB2_IRQHandler             
00005d77  EUSCIB3_IRQHandler             
00005d77  FLCTL_IRQHandler               
00005d77  FPU_IRQHandler                 
00005d77  HardFault_Handler              
00005d77  MemManage_Handler              
00005d77  NMI_Handler                    
00005d77  PCM_IRQHandler                 
00005d77  PORT1_IRQHandler               
00005d77  PORT2_IRQHandler               
00005d77  PORT3_IRQHandler               
00005d77  PORT4_IRQHandler               
00005d77  PORT5_IRQHandler               
00005d77  PORT6_IRQHandler               
00005d77  PSS_IRQHandler                 
00005d77  PendSV_Handler                 
00005d77  RTC_C_IRQHandler               
00005d77  SVC_Handler                    
00005d77  SysTick_Handler                
00005d77  T32_INT1_IRQHandler            
00005d77  T32_INT2_IRQHandler            
00005d77  T32_INTC_IRQHandler            
00005d77  TA0_0_IRQHandler               
00005d77  TA0_N_IRQHandler               
00005d77  TA1_0_IRQHandler               
00005d77  TA1_N_IRQHandler               
00005d77  TA2_0_IRQHandler               
00005d77  TA2_N_IRQHandler               
00005d77  TA3_0_IRQHandler               
00005d77  TA3_N_IRQHandler               
00005d77  UsageFault_Handler             
00005d77  WDT_A_IRQHandler               
00005d79  __TI_zero_init                 
00005d85  __aeabi_errno_addr             
00005d8d  malloc                         
00005d95  _system_pre_init               
00005d99  C$$EXIT                        
00005d99  abort                          
00005fb0  NPI_StartAdvertisement         
00005fc4  NPI_SetAdvertisement1          
00005fd5  HCI_EXT_ResetSystemCmd         
00005fee  NPI_GetStatus                  
00005ff4  NPI_GetVersion                 
00005ffa  NPI_Register                   
00006148  __TI_Handler_Table_Base        
00006154  __TI_Handler_Table_Limit       
00006160  __TI_CINIT_Base                
00006170  __TI_CINIT_Limit               
20000000  __start___llvm_prf_cnts        
20000000  __stop___llvm_prf_cnts         
20000000  buffer                         
20000400  __CIOBUF_                      
20000520  RxFIFO                         
20000620  CharacteristicList             
200006c0  __TI_tmpnams                   
20000760  RecvBuf                        
200007e0  NotifyCharacteristicList       
20000830  Messageb                       
20000838  parmbuf                        
20000840  Messageindexb                  
20000844  NoSOFErr                       
20000848  RxFifoLost                     
2000084c  RxGetI                         
20000850  RxPutI                         
20000854  TimeOutErr                     
20000858  fcserr                         
2000085c  rotation                       
20000860  vccstate                       
20000864  StartX                         
20000866  StartY                         
20000868  BT_ByteData                    
20000870  _sys_memory                    
20000c70  _ftable                        
20000d60  _device                        
20000dd8  _stream                        
20000e28  NPI_SetAdvertisementData       
20000e4d  NPI_AddCharDescriptor          
20000e6d  NPI_SetAdvertisementDataJacki  
20000e8c  NPI_GATTSetDeviceName          
20000ea8  ClockFrequency                 
20000eac  Prewait                        
20000eb0  CPMwait                        
20000eb4  Postwait                       
20000eb8  IFlags                         
20000ebc  Crystalstable                  
20000ec0  NPI_ReadConfirmation           
20000ed5  NPI_SendNotificationIndication 
20000eec  __TI_ft_end                    
20000ef0  __aeabi_stdin                  
20000ef4  __aeabi_stdout                 
20000ef8  __aeabi_stderr                 
20000efc  NPI_AddCharValue               
20000f0c  __TI_cleanup_ptr               
20000f10  __TI_dtors_ptr                 
20000f14  __TI_enable_exit_profile_output
20000f18  NPI_AddService                 
20000f21  NPI_CCCDUpdatedConfirmation    
20000f2a  NPI_WriteConfirmation          
20000f34  _lock                          
20000f38  _unlock                        
20000f44  CharacteristicCount            
20000f48  NotifyCharacteristicCount      
20000f4c  CurrentX                       
20000f4e  CurrentY                       
20000f54  errno                          
20000f60  SystemCoreClock                
2000fe00  __stack                        
20010000  __STACK_END                    
4000480c  WDTCTL_SYM                     
ffffffff  __TI_pprof_out_hndl            
ffffffff  __TI_prof_data_size            
ffffffff  __TI_prof_data_start           
ffffffff  __binit__                      
ffffffff  __c_args__                     
ffffffff  binit                          
UNDEFED   __mpu_init                     
UNDEFED   _system_post_cinit             

[327 symbols]
